HI-TECH Software C Compiler 

Linker command line:

--edf=C:\Program Files (x86)\HI-TECH Software\PICC\9.82\dat\en_msgs.txt -cs \
  -h+USART1.sym -z -Q16F887 -ol.obj -MUSART1.map -E1 -ACONST=00h-0FFhx32 \
  -ACODE=00h-07FFhx4 -ASTRCODE=00h-01FFFh -AENTRY=00h-0FFhx32 \
  -ASTRING=00h-0FFhx32 -ABANK0=020h-06Fh -ABANK1=0A0h-0EFh \
  -ABANK2=0110h-016Fh -ABANK3=0190h-01EFh \
  -ARAM=020h-06Fh,0A0h-0EFh,0110h-016Fh,0190h-01EFh \
  -AABS1=020h-07Fh,0A0h-0EFh,0110h-016Fh,0190h-01EFh -ACOMMON=070h-07Fh \
  -ASFR0=00h-01Fh -ASFR1=080h-09Fh -ASFR2=0100h-010Fh -ASFR3=0180h-018Fh \
  -preset_vec=00h,intentry,init,end_init -ppowerup=CODE -pfunctab=CODE \
  -ACONFIG=02007h-02008h -pconfig=CONFIG -DCONFIG=2 -AIDLOC=02000h-02003h \
  -pidloc=IDLOC -DIDLOC=2 -AEEDATA=00h-0FFh/02100h -peeprom_data=EEDATA \
  -DEEDATA=2 -DCODE=2 -DSTRCODE=2 -DSTRING=2 -DCONST=2 -DENTRY=2 -k \
  startup.obj USART1.obj 

Object code version is 3.10

Machine type is 16F887



                Name                               Link     Load   Length Selector   Space Scale
startup.obj     end_init                              0        0        3        0       0
USART1.obj      functab                             700      700        9        E       0
                config                             2007     2007        2     400E       0
                text592                             188      188        5      310       0
                text591                             184      184        4      308       0
                text590                             7F1      7F1        E        E       0
                text588                             23D      23D       77      47A       0
                text587                             352      352       C2      6A4       0
                text581                             1DB      1DB       62      3B6       0
                text576                             193      193       48      326       0
                text569                             414      414      151      828       0
                text567                             709      709       D8        E       0
                text565                             2B4      2B4       9E      568       0
                text561                             7E1      7E1       10        E       0
                text560                             803      803      7FD     1006       0
                maintext                            565      565      19B      ACA       0
                cstackBANK0                          20       20       4F       20       1
                cstackCOMMON                         70       70        E       70       1
                cstackBANK1                          A0       A0        E       A0       1
                bssBANK1                             AE       AE        1       A0       1
                cinit                               18D      18D        6      31A       0
                strings                               3        3       C7        6       0

TOTAL           Name                               Link     Load   Length     Space
        CLASS   CONST          

        CLASS   CODE           
                end_init                              0        0        3         0
                functab                             700      700        9         0
                text592                             188      188        5         0
                text591                             184      184        4         0
                text590                             7F1      7F1        E         0
                text588                             23D      23D       77         0
                text587                             352      352       C2         0
                text581                             1DB      1DB       62         0
                text576                             193      193       48         0
                text569                             414      414      151         0
                text567                             709      709       D8         0
                text565                             2B4      2B4       9E         0
                text561                             7E1      7E1       10         0
                text560                             803      803      7FD         0
                maintext                            565      565      19B         0
                cinit                               18D      18D        6         0

        CLASS   STRCODE        

        CLASS   ENTRY          

        CLASS   STRING         
                strings                               3        3       C7         0

        CLASS   BANK0          
                cstackBANK0                          20       20       4F         1

        CLASS   BANK1          
                cstackBANK1                          A0       A0        E         1
                bssBANK1                             AE       AE        1         1

        CLASS   BANK2          

        CLASS   BANK3          

        CLASS   RAM            

        CLASS   ABS1           
                abs_s1                               7E       7E        2         1

        CLASS   COMMON         
                cstackCOMMON                         70       70        E         1

        CLASS   SFR0           

        CLASS   SFR1           

        CLASS   SFR2           

        CLASS   SFR3           

        CLASS   CONFIG         
                config                             2007     2007        2         0

        CLASS   IDLOC          

        CLASS   EEDATA         



SEGMENTS        Name                           Load    Length   Top    Selector   Space  Class     Delta

                reset_vec                      000000  000003  000003         0       0  CODE        2
                strings                        000003  0000C7  0000CA         6       0  STRING      2
                cstackBANK0                    000020  00004F  00006F        20       1  BANK0       1
                cstackCOMMON                   000070  00000E  00007E        70       1  COMMON      1
                cstackBANK1                    0000A0  00000F  0000AF        A0       1  BANK1       1
                text591                        000184  000004  000188       308       0  CODE        2
                text592                        000188  000005  00018D       310       0  CODE        2
                cinit                          00018D  000006  000193       31A       0  CODE        2
                text576                        000193  000048  0001DB       326       0  CODE        2
                text581                        0001DB  000062  00023D       3B6       0  CODE        2
                text588                        00023D  000077  0002B4       47A       0  CODE        2
                text565                        0002B4  00009E  000352       568       0  CODE        2
                text587                        000352  0000C2  000414       6A4       0  CODE        2
                text569                        000414  000151  000565       828       0  CODE        2
                maintext                       000565  00019B  000700       ACA       0  CODE        2
                functab                        000700  0000FF  0007FF         E       0  CODE        2
                text560                        000803  0007FD  001000      1006       0  CODE        2
                config                         002007  000002  002009      400E       0  CONFIG      2


UNUSED ADDRESS RANGES

        Name                Unused          Largest block    Delta
        BANK0            006F-006F              1           1
        BANK1            00AF-00EF             41           1
        BANK2            0110-016F             60           1
        BANK3            0190-01EF             60           1
        CODE             00CA-0183             BA           2
                         07FF-0802              1
                         1000-1FFF            800
        CONST            00CA-0183             36           2
                         07FF-0802              1
                         1000-1FFF            100
        EEDATA           2100-21FF            100           2
        ENTRY            00CA-0183             36           2
                         07FF-0802              1
                         1000-1FFF            100
        IDLOC            2000-2003              4           2
        RAM              006F-006F              1           1
                         00AF-00EF             41
                         0110-016F             60
                         0190-01EF             60
        SFR0             0000-001F             20           1
        SFR1             0080-009F             20           1
        SFR2             0100-010F             10           1
        SFR3             0180-018F             10           1
        STRCODE          00CA-0183             BA           2
                         07FF-0802              4
                         1000-1FFF           1000
        STRING           00CA-0183             36           2
                         07FF-0802              1
                         1000-1FFF            100

                                  Symbol Table

??___awdiv             cstackCOMMON 007A
??___awmod             cstackCOMMON 0074
??___bmul              cstackCOMMON 007A
??___ftadd             cstackBANK0  0042
??___ftge              cstackCOMMON 0076
??___ftmul             cstackBANK0  0033
??___ftneg             cstackCOMMON 0073
??___ftpack            cstackCOMMON 0075
??___ftsub             cstackCOMMON 007E
??___fttol             cstackBANK0  0024
??___lbdiv             cstackCOMMON 0076
??___lbmod             cstackCOMMON 0071
??___lldiv             cstackCOMMON 0078
??___llmod             cstackCOMMON 007D
??___lltoft            cstackCOMMON 007C
??___wmul              cstackCOMMON 0074
??__div_to_l_          cstackCOMMON 0076
??__doprnt             cstackBANK0  0054
??__tdiv_to_l_         cstackCOMMON 0076
??_fround              cstackCOMMON 007E
??_getch               cstackCOMMON 0070
??_init_comms          cstackCOMMON 0070
??_lcd_clear           cstackCOMMON 0075
??_lcd_goto            cstackCOMMON 0075
??_lcd_init            cstackCOMMON 0075
??_lcd_puts            cstackCOMMON 0077
??_lcd_write           cstackCOMMON 0074
??_main                cstackCOMMON 007E
??_msecbase            cstackCOMMON 0070
??_pause               cstackCOMMON 0072
??_printf              cstackCOMMON 007E
??_putch               cstackCOMMON 007E
??_scale               cstackBANK0  003F
??_sprintf             cstackCOMMON 007E
?___awdiv              cstackCOMMON 0076
?___awmod              cstackCOMMON 0070
?___bmul               cstackCOMMON 0079
?___ftadd              cstackBANK0  003C
?___ftge               cstackCOMMON 0070
?___ftmul              cstackBANK0  002D
?___ftneg              cstackCOMMON 0070
?___ftpack             cstackCOMMON 0070
?___ftsub              cstackBANK0  0048
?___fttol              cstackBANK0  0020
?___lbdiv              cstackCOMMON 0075
?___lbmod              cstackCOMMON 0070
?___lldiv              cstackCOMMON 0070
?___llmod              cstackBANK0  0020
?___lltoft             cstackCOMMON 0078
?___wmul               cstackCOMMON 0070
?__div_to_l_           cstackCOMMON 0070
?__doprnt              cstackBANK0  0052
?__tdiv_to_l_          cstackCOMMON 0070
?_fround               cstackBANK0  0048
?_getch                cstackCOMMON 0070
?_init_comms           cstackCOMMON 0070
?_lcd_clear            cstackCOMMON 0070
?_lcd_goto             cstackCOMMON 0070
?_lcd_init             cstackCOMMON 0070
?_lcd_puts             cstackCOMMON 0075
?_lcd_write            cstackCOMMON 0070
?_main                 cstackCOMMON 0070
?_msecbase             cstackCOMMON 0070
?_pause                cstackCOMMON 0070
?_printf               cstackBANK1  00A0
?_putch                cstackBANK0  0028
?_scale                cstackBANK0  003C
?_sprintf              cstackBANK1  00A0
_ADCON1                (abs)        009F
_ANSEL                 (abs)        0188
_ANSELH                (abs)        0189
_BAUDCTL               (abs)        0187
_OPTION_REG            (abs)        0081
_PORTD                 (abs)        0008
_RC0                   (abs)        0038
_RC3                   (abs)        003B
_RC4                   (abs)        003C
_RCIF                  (abs)        0065
_RCREG                 (abs)        001A
_RCSTA                 (abs)        0018
_SPBRG                 (abs)        0099
_T0IF                  (abs)        005A
_TMR0                  (abs)        0001
_TRISA                 (abs)        0085
_TRISB                 (abs)        0086
_TRISC                 (abs)        0087
_TRISC6                (abs)        043E
_TRISC7                (abs)        043F
_TRISD                 (abs)        0088
_TRISE                 (abs)        0089
_TXIF                  (abs)        0064
_TXREG                 (abs)        0019
_TXSTA                 (abs)        0098
__Habs1                abs1         0000
__Hbank0               bank0        0000
__Hbank1               bank1        0000
__Hbank2               bank2        0000
__Hbank3               bank3        0000
__HbssBANK1            bssBANK1     0000
__Hcinit               cinit        0000
__Hclrtext             clrtext      0000
__Hcode                code         0000
__Hcommon              common       0000
__Hconfig              config       2009
__HcstackBANK0         cstackBANK0  0000
__HcstackBANK1         cstackBANK1  0000
__HcstackCOMMON        cstackCOMMON 0000
__Heeprom_data         eeprom_data  0000
__Hend_init            end_init     0003
__Hfunctab             functab      0709
__Hidloc               idloc        0000
__Hinit                init         0000
__Hintentry            intentry     0000
__Hmaintext            maintext     0000
__Hpa_nodes            pa_nodes     0000
__Hpowerup             powerup      0000
__Hram                 ram          0000
__Hreset_vec           reset_vec    0000
__Hsfr0                sfr0         0000
__Hsfr1                sfr1         0000
__Hsfr2                sfr2         0000
__Hsfr3                sfr3         0000
__Hstrings             strings      0000
__Htext                text         0000
__Labs1                abs1         0000
__Lbank0               bank0        0000
__Lbank1               bank1        0000
__Lbank2               bank2        0000
__Lbank3               bank3        0000
__LbssBANK1            bssBANK1     0000
__Lcinit               cinit        0000
__Lclrtext             clrtext      0000
__Lcode                code         0000
__Lcommon              common       0000
__Lconfig              config       2007
__LcstackBANK0         cstackBANK0  0000
__LcstackBANK1         cstackBANK1  0000
__LcstackCOMMON        cstackCOMMON 0000
__Leeprom_data         eeprom_data  0000
__Lend_init            end_init     0000
__Lfunctab             functab      0700
__Lidloc               idloc        0000
__Linit                init         0000
__Lintentry            intentry     0000
__Lmaintext            maintext     0000
__Lpa_nodes            pa_nodes     0000
__Lpowerup             powerup      0000
__Lram                 ram          0000
__Lreset_vec           reset_vec    0000
__Lsfr0                sfr0         0000
__Lsfr1                sfr1         0000
__Lsfr2                sfr2         0000
__Lsfr3                sfr3         0000
__Lstrings             strings      0000
__Ltext                text         0000
__S0                   (abs)        2009
__S1                   (abs)        00AF
__S2                   (abs)        0000
___awdiv               text560      0D62
___awdiv@counter       cstackCOMMON 007A
___awdiv@dividend      cstackCOMMON 0078
___awdiv@divisor       cstackCOMMON 0076
___awdiv@quotient      cstackCOMMON 007C
___awdiv@sign          cstackCOMMON 007B
___awmod               text560      0DA7
___awmod@counter       cstackCOMMON 0074
___awmod@dividend      cstackCOMMON 0072
___awmod@divisor       cstackCOMMON 0070
___awmod@sign          cstackCOMMON 0075
___bmul                text560      0E53
___bmul@multiplicand   cstackCOMMON 0079
___bmul@multiplier     cstackCOMMON 007B
___bmul@product        cstackCOMMON 007A
___ftadd               text567      071F
___ftadd@exp1          cstackBANK0  0047
___ftadd@exp2          cstackBANK0  0046
___ftadd@f1            cstackBANK0  003C
___ftadd@f2            cstackBANK0  003F
___ftadd@sign          cstackBANK0  0045
___ftge                text560      0FAE
___ftge@ff1            cstackCOMMON 0070
___ftge@ff2            cstackCOMMON 0073
___ftmul               text560      0DE4
___ftmul@cntr          cstackBANK0  003A
___ftmul@exp           cstackBANK0  0036
___ftmul@f1            cstackBANK0  002D
___ftmul@f2            cstackBANK0  0030
___ftmul@f3_as_product cstackBANK0  0037
___ftmul@sign          cstackBANK0  003B
___ftneg               text560      0FDA
___ftneg@f1            cstackCOMMON 0070
___ftpack              text560      0E61
___ftpack@arg          cstackCOMMON 0070
___ftpack@exp          cstackCOMMON 0073
___ftpack@sign         cstackCOMMON 0074
___ftsub               text567      0709
___ftsub@f1            cstackBANK0  004B
___ftsub@f2            cstackBANK0  0048
___fttol               text581      01DB
___fttol@exp1          cstackBANK0  002C
___fttol@f1            cstackBANK0  0020
___fttol@lval          cstackBANK0  0028
___fttol@sign1         cstackBANK0  0027
___lbdiv               text569      0518
___lbdiv@counter       cstackCOMMON 0077
___lbdiv@dividend      cstackCOMMON 0076
___lbdiv@divisor       cstackCOMMON 0075
___lbdiv@quotient      cstackCOMMON 0078
___lbmod               text569      0533
___lbmod@counter       cstackCOMMON 0073
___lbmod@dividend      cstackCOMMON 0072
___lbmod@divisor       cstackCOMMON 0070
___lbmod@rem           cstackCOMMON 0074
___lldiv               text576      0193
___lldiv@counter       cstackCOMMON 007C
___lldiv@dividend      cstackCOMMON 0074
___lldiv@divisor       cstackCOMMON 0070
___lldiv@quotient      cstackCOMMON 0078
___llmod               text560      0F70
___llmod@counter       cstackCOMMON 007D
___llmod@dividend      cstackBANK0  0024
___llmod@divisor       cstackBANK0  0020
___lltoft              text560      0FE2
___lltoft@c            cstackCOMMON 0078
___lltoft@exp          cstackCOMMON 007C
___wmul                text560      0E9F
___wmul@multiplicand   cstackCOMMON 0072
___wmul@multiplier     cstackCOMMON 0070
___wmul@product        cstackCOMMON 0074
__div_to_l_            text587      0352
__div_to_l_@cntr       cstackBANK0  0024
__div_to_l_@exp1       cstackBANK0  0025
__div_to_l_@f1         cstackCOMMON 0070
__div_to_l_@f2         cstackCOMMON 0073
__div_to_l_@quot       cstackBANK0  0020
__doprnt               text560      0815
__doprnt$1919          cstackBANK0  0059
__doprnt@_val          cstackBANK0  0064
__doprnt@ap            cstackBANK0  0053
__doprnt@c             cstackBANK0  006D
__doprnt@exp           cstackBANK0  0068
__doprnt@f             cstackBANK0  0052
__doprnt@flag          cstackBANK0  005D
__doprnt@fval          cstackBANK0  006A
__doprnt@integ         cstackBANK0  0061
__doprnt@pb            cstackBANK0  006E
__doprnt@prec          cstackBANK0  005F
__end_of___awdiv       text560      0DA7
__end_of___awmod       text560      0DE4
__end_of___bmul        text560      0E61
__end_of___ftadd       text567      07E1
__end_of___ftge        text560      0FDA
__end_of___ftmul       text560      0E53
__end_of___ftneg       text560      0FE2
__end_of___ftpack      text560      0E9F
__end_of___ftsub       text567      071F
__end_of___fttol       text581      0236
__end_of___lbdiv       text569      0533
__end_of___lbmod       text569      054F
__end_of___lldiv       text576      01DB
__end_of___llmod       text560      0FAE
__end_of___lltoft      text560      1000
__end_of___wmul        text560      0EB8
__end_of__div_to_l_    text587      0407
__end_of__doprnt       text560      0BD1
__end_of__tdiv_to_l_   text588      02B4
__end_of_fround        text569      0518
__end_of_getch         text591      0188
__end_of_init_comms    text590      07FF
__end_of_lcd_clear     text565      034A
__end_of_lcd_goto      text565      02BA
__end_of_lcd_init      text565      0311
__end_of_lcd_puts      text565      02D8
__end_of_lcd_write     text565      0334
__end_of_main          maintext     0700
__end_of_msecbase      text565      0341
__end_of_pause         text565      0322
__end_of_printf        text561      07F1
__end_of_putch         text592      018D
__end_of_scale         text560      0D62
__end_of_sprintf       text560      0815
__npowers_             strings      0013
__pbssBANK1            bssBANK1     00AE
__pcstackBANK0         cstackBANK0  0020
__pcstackBANK1         cstackBANK1  00A0
__pcstackCOMMON        cstackCOMMON 0070
__pfunctab             functab      0700
__pmaintext            maintext     0565
__powers_              strings      003A
__pstrings             strings      0003
__ptext560             text560      0803
__ptext561             text561      07E1
__ptext562             text565      02D8
__ptext563             text560      0815
__ptext564             text565      02BA
__ptext565             text565      02B4
__ptext566             text565      0341
__ptext567             text567      0709
__ptext568             text560      0BD1
__ptext569             text569      0414
__ptext570             text565      0322
__ptext571             text560      0FE2
__ptext572             text560      0DE4
__ptext573             text567      071F
__ptext574             text565      0311
__ptext575             text560      0DA7
__ptext576             text576      0193
__ptext577             text560      0FAE
__ptext578             text560      0FDA
__ptext579             text560      0F70
__ptext580             text560      0D62
__ptext581             text581      01DB
__ptext582             text560      0E61
__ptext583             text569      0533
__ptext584             text569      0518
__ptext585             text560      0E9F
__ptext586             text560      0E53
__ptext587             text587      0352
__ptext588             text588      023D
__ptext589             text565      0334
__ptext590             text590      07F1
__ptext591             text591      0184
__ptext592             text592      0188
__size_of___awdiv      (abs)        0000
__size_of___awmod      (abs)        0000
__size_of___bmul       (abs)        0000
__size_of___ftadd      (abs)        0000
__size_of___ftge       (abs)        0000
__size_of___ftmul      (abs)        0000
__size_of___ftneg      (abs)        0000
__size_of___ftpack     (abs)        0000
__size_of___ftsub      (abs)        0000
__size_of___fttol      (abs)        0000
__size_of___lbdiv      (abs)        0000
__size_of___lbmod      (abs)        0000
__size_of___lldiv      (abs)        0000
__size_of___llmod      (abs)        0000
__size_of___lltoft     (abs)        0000
__size_of___wmul       (abs)        0000
__size_of__div_to_l_   (abs)        0000
__size_of__doprnt      (abs)        0000
__size_of__tdiv_to_l_  (abs)        0000
__size_of_fround       (abs)        0000
__size_of_getch        (abs)        0000
__size_of_init_comms   (abs)        0000
__size_of_lcd_clear    (abs)        0000
__size_of_lcd_goto     (abs)        0000
__size_of_lcd_init     (abs)        0000
__size_of_lcd_puts     (abs)        0000
__size_of_lcd_write    (abs)        0000
__size_of_main         (abs)        0000
__size_of_msecbase     (abs)        0000
__size_of_pause        (abs)        0000
__size_of_printf       (abs)        0000
__size_of_putch        (abs)        0000
__size_of_scale        (abs)        0000
__size_of_sprintf      (abs)        0000
__tdiv_to_l_           text588      023D
__tdiv_to_l_@cntr      cstackBANK0  0024
__tdiv_to_l_@exp1      cstackBANK0  0025
__tdiv_to_l_@f1        cstackCOMMON 0070
__tdiv_to_l_@f2        cstackCOMMON 0073
__tdiv_to_l_@quot      cstackBANK0  0020
_carac                 bssBANK1     00AE
_dpowers               strings      0061
_exit                  init         0000
_fround                text569      0414
_fround$2902           cstackBANK0  004E
_fround$2903           cstackBANK0  004B
_getch                 text591      0184
_init_comms            text590      07F1
_lcd_clear             text565      0341
_lcd_goto              text565      02B4
_lcd_init              text565      02D8
_lcd_puts              text565      02BA
_lcd_write             text565      0322
_main                  maintext     0565
_msecbase              text565      0334
_pause                 text565      0311
_printf                text561      07E1
_putch                 text592      0188
_scale                 text560      0BD1
_scale$2904            cstackBANK0  0043
_sprintf               text560      0803
btemp                  (abs)        007E
end_of_initialization  cinit        018F
entry__putch           functab      0706
fpbase                 functab      0705
fptable                functab      0700
fptotal                (abs)        0002
fround@prec            cstackBANK0  0051
intlevel0              functab      0700
intlevel1              functab      0700
intlevel2              functab      0700
intlevel3              functab      0700
intlevel4              functab      0700
intlevel5              functab      0700
l1046                                   
l1052                                   
l1055                                   
l1084                                   
l1087                                   
l1093                                   
l1099                                   
l1102                                   
l1108                                   
l1114                                   
l1212                                   
l2205                                   
l2212                                   
l2218                                   
l2224                                   
l2254                                   
l2260                                   
l2304                                   
l2371                                   
l2381                                   
l2385                                   
l2400                                   
l2439                                   
l2461                                   
l2469                                   
l2512                                   
l4937                                   
l4941                                   
l4947                                   
l4949                                   
l4951                                   
l4953                                   
l4955                                   
l4963                                   
l4965                                   
l4967                                   
l4969                                   
l4971                                   
l4975                                   
l4979                                   
l4983                                   
l4991                                   
l5003                                   
l5013                                   
l5015                                   
l5017                                   
l5019                                   
l5023                                   
l5027                                   
l5029                                   
l5037                                   
l5049                                   
l5057                                   
l5059                                   
l5065                                   
l5073                                   
l5075                                   
l5081                                   
l5083                                   
l5085                                   
l5091                                   
l5095                                   
l5099                                   
l5105                                   
l5107                                   
l5111                                   
l5113                                   
l5119                                   
l5123                                   
l5125                                   
l5145                                   
l5147                                   
l5149                                   
l5151                                   
l5157                                   
l5159                                   
l5161                                   
l5163                                   
l5165                                   
l5173                                   
l5183                                   
l5189                                   
l5191                                   
l5195                                   
l5201                                   
l5205                                   
l5215                                   
l5219                                   
l5223                                   
l5227                                   
l5233                                   
l5247                                   
l5253                                   
l5261                                   
l5271                                   
l5273                                   
l5281                                   
l5283                                   
l5293                                   
l5297                                   
l5301                                   
l5307                                   
l5309                                   
l5313                                   
l5333                                   
l5337                                   
l5347                                   
l5351                                   
l5353                                   
l5355                                   
l5365                                   
l5371                                   
l5377                                   
l5379                                   
l5383                                   
l5395                                   
l5405                                   
l5411                                   
l5415                                   
l5417                                   
l5421                                   
l5423                                   
l5429                                   
l5443                                   
l5445                                   
l5447                                   
l5449                                   
l5451                                   
l5453                                   
l5455                                   
l5457                                   
l5465                                   
l5467                                   
l5469                                   
l5477                                   
l5479                                   
l5481                                   
l5485                                   
l5495                                   
l5497                                   
l5499                                   
l5501                                   
l5503                                   
l5505                                   
l5507                                   
l5509                                   
l5513                                   
l5523                                   
l5531                                   
l5535                                   
l5571                                   
l5573                                   
l5577                                   
l5579                                   
l5581                                   
l5583                                   
l5585                                   
l5589                                   
l5603                                   
l5625                                   
l5627                                   
l5631                                   
l5635                                   
l5639                                   
l5641                                   
l5643                                   
l5645                                   
l5647                                   
l5649                                   
l5655                                   
l5657                                   
l5669                                   
l5687                                   
l5689                                   
l5691                                   
l5695                                   
l5709                                   
l5737                                   
l5749                                   
l5755                                   
l5765                                   
l5777                                   
l5791                                   
l5799                                   
l5801                                   
l5803                                   
l5805                                   
l5807                                   
l5809                                   
l5811                                   
l5813                                   
l5815                                   
l5817                                   
l5819                                   
l5821                                   
l5823                                   
l5825                                   
l5827                                   
l5829                                   
l5831                                   
l5833                                   
l5835                                   
l5837                                   
l5839                                   
l5841                                   
l5843                                   
l5845                                   
l5849                                   
l5851                                   
l5853                                   
l5855                                   
l5857                                   
l5861                                   
l5863                                   
l5865                                   
l5867                                   
l5869                                   
l5871                                   
l5873                                   
l5875                                   
l5877                                   
l5889                                   
l5891                                   
l5893                                   
l5895                                   
l5903                                   
l5905                                   
l5907                                   
l5909                                   
l5917                                   
l5919                                   
l5921                                   
l5923                                   
l5929                                   
l5931                                   
l5933                                   
l5935                                   
l5945                                   
l5947                                   
l5951                                   
l5961                                   
l5963                                   
l5967                                   
l5977                                   
l5979                                   
l5983                                   
lcd_goto@pos           cstackCOMMON 0075
lcd_puts@s             cstackCOMMON 0075
lcd_write@c            cstackCOMMON 0074
main@count             cstackBANK1  00AD
main@count_1835        cstackBANK1  00AA
main@count_1838        cstackBANK1  00AB
main@input             cstackBANK1  00AC
main@num               cstackBANK1  00A7
pause@usvalue          cstackCOMMON 0070
pause@x                cstackCOMMON 0072
printf@ap              cstackBANK1  00A3
printf@f               cstackBANK1  00A2
printf@pb              cstackBANK1  00A4
putch@byte             cstackBANK0  0028
reset_vec              reset_vec    0000
scale@scl              cstackBANK0  0046
sprintf@ap             cstackBANK1  00A4
sprintf@f              cstackBANK1  00A0
sprintf@pb             cstackBANK1  00A5
sprintf@wh             cstackBANK1  00A3
start                  init         0000
start_initialization   cinit        018D
u1960                                   
u2730                                   
wtemp0                 (abs)        007E
