HI-TECH Software C Compiler 

Linker command line:

--edf=C:\Program Files (x86)\HI-TECH Software\PICC\9.82\dat\en_msgs.txt -cs \
  -h+TIMER2.sym -z -Q16F887 -ol.obj -MTIMER2.map -E1 -ACONST=00h-0FFhx32 \
  -ACODE=00h-07FFhx4 -ASTRCODE=00h-01FFFh -AENTRY=00h-0FFhx32 \
  -ASTRING=00h-0FFhx32 -ABANK0=020h-06Fh -ABANK1=0A0h-0EFh \
  -ABANK2=0110h-016Fh -ABANK3=0190h-01EFh \
  -ARAM=020h-06Fh,0A0h-0EFh,0110h-016Fh,0190h-01EFh \
  -AABS1=020h-07Fh,0A0h-0EFh,0110h-016Fh,0190h-01EFh -ACOMMON=070h-07Fh \
  -ASFR0=00h-01Fh -ASFR1=080h-09Fh -ASFR2=0100h-010Fh -ASFR3=0180h-018Fh \
  -preset_vec=00h,intentry,init,end_init -ppowerup=CODE -pfunctab=CODE \
  -ACONFIG=02007h-02008h -pconfig=CONFIG -DCONFIG=2 -AIDLOC=02000h-02003h \
  -pidloc=IDLOC -DIDLOC=2 -AEEDATA=00h-0FFh/02100h -peeprom_data=EEDATA \
  -DEEDATA=2 -DCODE=2 -DSTRCODE=2 -DSTRING=2 -DCONST=2 -DENTRY=2 -k \
  startup.obj TIMER2.obj 

Object code version is 3.10

Machine type is 16F887



                Name                               Link     Load   Length Selector   Space Scale
startup.obj     end_init                              0        0        3        0       0
TIMER2.obj      config                             2007     2007        2     400E       0
                text37                              7A9      7A9       1C      F52       0
                maintext                            7C5      7C5       3B      F8A       0
                cstackCOMMON                         70       70        4       70       1
                cinit                               7A5      7A5        4      F4A       0
                nvCOMMON                             74       74        2       70       1

TOTAL           Name                               Link     Load   Length     Space
        CLASS   CONST          

        CLASS   CODE           
                end_init                              0        0        3         0
                text37                              7A9      7A9       1C         0
                maintext                            7C5      7C5       3B         0
                cinit                               7A5      7A5        4         0

        CLASS   STRCODE        

        CLASS   ENTRY          

        CLASS   STRING         

        CLASS   BANK0          

        CLASS   BANK1          

        CLASS   BANK2          

        CLASS   BANK3          

        CLASS   RAM            

        CLASS   ABS1           
                abs_s1                               7E       7E        2         1

        CLASS   COMMON         
                cstackCOMMON                         70       70        4         1
                nvCOMMON                             74       74        2         1

        CLASS   SFR0           

        CLASS   SFR1           

        CLASS   SFR2           

        CLASS   SFR3           

        CLASS   CONFIG         
                config                             2007     2007        2         0

        CLASS   IDLOC          

        CLASS   EEDATA         



SEGMENTS        Name                           Load    Length   Top    Selector   Space  Class     Delta

                reset_vec                      000000  000003  000003         0       0  CODE        2
                cstackCOMMON                   000070  000006  000076        70       1  COMMON      1
                cinit                          0007A5  000004  0007A9       F4A       0  CODE        2
                text37                         0007A9  00001C  0007C5       F52       0  CODE        2
                maintext                       0007C5  00003B  000800       F8A       0  CODE        2
                config                         002007  000002  002009      400E       0  CONFIG      2


UNUSED ADDRESS RANGES

        Name                Unused          Largest block    Delta
        BANK0            0020-006F             50           1
        BANK1            00A0-00EF             50           1
        BANK2            0110-016F             60           1
        BANK3            0190-01EF             60           1
        CODE             0003-07A4            7A2           2
                         0800-1FFF            800
        COMMON           0076-007D              8           1
        CONST            0003-07A4            100           2
                         0800-1FFF            100
        EEDATA           2100-21FF            100           2
        ENTRY            0003-07A4            100           2
                         0800-1FFF            100
        IDLOC            2000-2003              4           2
        RAM              0020-006F             50           1
                         00A0-00EF             50
                         0110-016F             60
                         0190-01EF             60
        SFR0             0000-001F             20           1
        SFR1             0080-009F             20           1
        SFR2             0100-010F             10           1
        SFR3             0180-018F             10           1
        STRCODE          0003-07A4            7A2           2
                         0800-1FFF           1800
        STRING           0003-07A4            100           2
                         0800-1FFF            100

                                  Symbol Table

??_main               cstackCOMMON 0074
??_msecbase           cstackCOMMON 0070
??_pause              cstackCOMMON 0072
?_main                cstackCOMMON 0070
?_msecbase            cstackCOMMON 0070
?_pause               cstackCOMMON 0070
_ANSEL                (abs)        0188
_ANSELH               (abs)        0189
_NA                   nvCOMMON     0074
_OPTION_REG           (abs)        0081
_PORTA                (abs)        0005
_T0IF                 (abs)        005A
_TMR0                 (abs)        0001
_TRISA                (abs)        0085
_TRISB                (abs)        0086
_TRISC                (abs)        0087
_TRISD                (abs)        0088
_TRISE                (abs)        0089
_VPA                  nvCOMMON     0075
__Habs1               abs1         0000
__Hbank0              bank0        0000
__Hbank1              bank1        0000
__Hbank2              bank2        0000
__Hbank3              bank3        0000
__Hcinit              cinit        0000
__Hclrtext            clrtext      0000
__Hcode               code         0000
__Hcommon             common       0000
__Hconfig             config       2009
__HcstackCOMMON       cstackCOMMON 0000
__Heeprom_data        eeprom_data  0000
__Hend_init           end_init     0003
__Hfunctab            functab      0000
__Hidloc              idloc        0000
__Hinit               init         0000
__Hintentry           intentry     0000
__Hmaintext           maintext     0000
__HnvCOMMON           nvCOMMON     0000
__Hpa_nodes           pa_nodes     0000
__Hpowerup            powerup      0000
__Hram                ram          0000
__Hreset_vec          reset_vec    0000
__Hsfr0               sfr0         0000
__Hsfr1               sfr1         0000
__Hsfr2               sfr2         0000
__Hsfr3               sfr3         0000
__Hstrings            strings      0000
__Htext               text         0000
__Labs1               abs1         0000
__Lbank0              bank0        0000
__Lbank1              bank1        0000
__Lbank2              bank2        0000
__Lbank3              bank3        0000
__Lcinit              cinit        0000
__Lclrtext            clrtext      0000
__Lcode               code         0000
__Lcommon             common       0000
__Lconfig             config       2007
__LcstackCOMMON       cstackCOMMON 0000
__Leeprom_data        eeprom_data  0000
__Lend_init           end_init     0000
__Lfunctab            functab      0000
__Lidloc              idloc        0000
__Linit               init         0000
__Lintentry           intentry     0000
__Lmaintext           maintext     0000
__LnvCOMMON           nvCOMMON     0000
__Lpa_nodes           pa_nodes     0000
__Lpowerup            powerup      0000
__Lram                ram          0000
__Lreset_vec          reset_vec    0000
__Lsfr0               sfr0         0000
__Lsfr1               sfr1         0000
__Lsfr2               sfr2         0000
__Lsfr3               sfr3         0000
__Lstrings            strings      0000
__Ltext               text         0000
__S0                  (abs)        2009
__S1                  (abs)        0076
__S2                  (abs)        0000
__end_of_main         maintext     0800
__end_of_msecbase     text37       07C5
__end_of_pause        text37       07BA
__pcstackCOMMON       cstackCOMMON 0070
__pmaintext           maintext     07C5
__pnvCOMMON           nvCOMMON     0074
__ptext37             text37       07A9
__ptext38             text37       07BA
__ptext39             text39       0000
__size_of_main        (abs)        0000
__size_of_msecbase    (abs)        0000
__size_of_pause       (abs)        0000
_exit                 init         0000
_main                 maintext     07C5
_msecbase             text37       07BA
_pause                text37       07A9
btemp                 (abs)        007E
end_of_initialization cinit        07A5
intlevel0             functab      0000
intlevel1             functab      0000
intlevel2             functab      0000
intlevel3             functab      0000
intlevel4             functab      0000
intlevel5             functab      0000
l1046                                  
l1052                                  
l2405                                  
l2407                                  
l2411                                  
l2415                                  
l2417                                  
l2419                                  
l2421                                  
l2423                                  
l2427                                  
l2435                                  
l2437                                  
l2439                                  
l2441                                  
l2443                                  
l2453                                  
l2455                                  
l2457                                  
l2459                                  
l2461                                  
pause@usvalue         cstackCOMMON 0070
pause@x               cstackCOMMON 0072
reset_vec             reset_vec    0000
start                 init         0000
start_initialization  cinit        07A5
wtemp0                (abs)        007E
