HI-TECH Software C Compiler 

Linker command line:

--edf=C:\Program Files (x86)\HI-TECH Software\PICC\9.82\dat\en_msgs.txt -cs \
  -h+GRAFPWM.sym -z -Q16F887 -ol.obj -MGRAFPWM.map -E1 -ACONST=00h-0FFhx32 \
  -ACODE=00h-07FFhx4 -ASTRCODE=00h-01FFFh -AENTRY=00h-0FFhx32 \
  -ASTRING=00h-0FFhx32 -ABANK0=020h-06Fh -ABANK1=0A0h-0EFh \
  -ABANK2=0110h-016Fh -ABANK3=0190h-01EFh \
  -ARAM=020h-06Fh,0A0h-0EFh,0110h-016Fh,0190h-01EFh \
  -AABS1=020h-07Fh,0A0h-0EFh,0110h-016Fh,0190h-01EFh -ACOMMON=070h-07Fh \
  -ASFR0=00h-01Fh -ASFR1=080h-09Fh -ASFR2=0100h-010Fh -ASFR3=0180h-018Fh \
  -preset_vec=00h,intentry,init,end_init -ppowerup=CODE -pfunctab=CODE \
  -ACONFIG=02007h-02008h -pconfig=CONFIG -DCONFIG=2 -AIDLOC=02000h-02003h \
  -pidloc=IDLOC -DIDLOC=2 -AEEDATA=00h-0FFh/02100h -peeprom_data=EEDATA \
  -DEEDATA=2 -DCODE=2 -DSTRCODE=2 -DSTRING=2 -DCONST=2 -DENTRY=2 -k \
  startup.obj GRAFPWM.obj 

Object code version is 3.10

Machine type is 16F887



                Name                               Link     Load   Length Selector   Space Scale
startup.obj     end_init                              0        0        3        0       0
GRAFPWM.obj     config                             2007     2007        2     400E       0
                text290                             5B4      5B4        5      B68       0
                text289                             5C5      5C5        E      B8A       0
                text285                             61C      61C       E7      C38       0
                text282                             703      703       FD      E06       0
                maintext                            5D3      5D3       49      BA6       0
                cstackBANK0                          20       20        B       20       1
                cstackCOMMON                         70       70        E       70       1
                bssBANK0                             2B       2B        8       20       1
                cinit                               5B9      5B9        C      B72       0
                strings                               3        3       14        6       0

TOTAL           Name                               Link     Load   Length     Space
        CLASS   CONST          

        CLASS   CODE           
                end_init                              0        0        3         0
                text290                             5B4      5B4        5         0
                text289                             5C5      5C5        E         0
                text285                             61C      61C       E7         0
                text282                             703      703       FD         0
                maintext                            5D3      5D3       49         0
                cinit                               5B9      5B9        C         0

        CLASS   STRCODE        

        CLASS   ENTRY          

        CLASS   STRING         
                strings                               3        3       14         0

        CLASS   BANK0          
                cstackBANK0                          20       20        B         1
                bssBANK0                             2B       2B        8         1

        CLASS   BANK1          

        CLASS   BANK2          

        CLASS   BANK3          

        CLASS   RAM            

        CLASS   ABS1           
                abs_s1                               7E       7E        2         1

        CLASS   COMMON         
                cstackCOMMON                         70       70        E         1

        CLASS   SFR0           

        CLASS   SFR1           

        CLASS   SFR2           

        CLASS   SFR3           

        CLASS   CONFIG         
                config                             2007     2007        2         0

        CLASS   IDLOC          

        CLASS   EEDATA         



SEGMENTS        Name                           Load    Length   Top    Selector   Space  Class     Delta

                reset_vec                      000000  000003  000003         0       0  CODE        2
                strings                        000003  000014  000017         6       0  STRING      2
                cstackBANK0                    000020  000013  000033        20       1  BANK0       1
                cstackCOMMON                   000070  00000E  00007E        70       1  COMMON      1
                text290                        0005B4  000005  0005B9       B68       0  CODE        2
                cinit                          0005B9  00000C  0005C5       B72       0  CODE        2
                text289                        0005C5  00000E  0005D3       B8A       0  CODE        2
                maintext                       0005D3  000049  00061C       BA6       0  CODE        2
                text285                        00061C  0000E7  000703       C38       0  CODE        2
                text282                        000703  0000FD  000800       E06       0  CODE        2
                config                         002007  000002  002009      400E       0  CONFIG      2


UNUSED ADDRESS RANGES

        Name                Unused          Largest block    Delta
        BANK0            0033-006F             3D           1
        BANK1            00A0-00EF             50           1
        BANK2            0110-016F             60           1
        BANK3            0190-01EF             60           1
        CODE             0017-05B3            59D           2
                         0800-1FFF            800
        CONST            0017-05B3            100           2
                         0800-1FFF            100
        EEDATA           2100-21FF            100           2
        ENTRY            0017-05B3            100           2
                         0800-1FFF            100
        IDLOC            2000-2003              4           2
        RAM              0033-006F             3D           1
                         00A0-00EF             50
                         0110-016F             60
                         0190-01EF             60
        SFR0             0000-001F             20           1
        SFR1             0080-009F             20           1
        SFR2             0100-010F             10           1
        SFR3             0180-018F             10           1
        STRCODE          0017-05B3            59D           2
                         0800-1FFF           1800
        STRING           0017-05B3            100           2
                         0800-1FFF            100

                                  Symbol Table

??_ADC                cstackCOMMON 0074
??_PWM                cstackCOMMON 0074
??___lwdiv            cstackCOMMON 0074
??___lwmod            cstackCOMMON 007B
??_getch              cstackCOMMON 0070
??_init_comms         cstackCOMMON 0070
??_lcd_clear          cstackCOMMON 0075
??_lcd_init           cstackCOMMON 0075
??_lcd_write          cstackCOMMON 0074
??_main               cstackCOMMON 007E
??_msecbase           cstackCOMMON 0070
??_pause              cstackCOMMON 0072
??_printf             cstackBANK0  0020
??_putch              cstackCOMMON 0070
?_ADC                 cstackCOMMON 0070
?_PWM                 cstackCOMMON 0070
?___lwdiv             cstackCOMMON 0070
?___lwmod             cstackCOMMON 0077
?_getch               cstackCOMMON 0070
?_init_comms          cstackCOMMON 0070
?_lcd_clear           cstackCOMMON 0070
?_lcd_init            cstackCOMMON 0070
?_lcd_write           cstackCOMMON 0070
?_main                cstackCOMMON 0070
?_msecbase            cstackCOMMON 0070
?_pause               cstackCOMMON 0070
?_printf              cstackCOMMON 007C
?_putch               cstackCOMMON 0070
_ADC                  text282      0725
_ADCON0               (abs)        001F
_ADFM                 (abs)        04FF
_ADRESH               (abs)        001E
_ADRESL               (abs)        009E
_ANSEL                (abs)        0188
_ANSELH               (abs)        0189
_BAUDCTL              (abs)        0187
_CCP1CON              (abs)        0017
_CCP2CON              (abs)        001D
_CCPR1L               (abs)        0015
_CCPR2L               (abs)        001B
_GO_DONE              (abs)        00F9
_OPTION_REG           (abs)        0081
_PORTD                (abs)        0008
_PR2                  (abs)        0092
_PWM                  text282      0703
_RC0                  (abs)        0038
_RC3                  (abs)        003B
_RC4                  (abs)        003C
_RCIF                 (abs)        0065
_RCREG                (abs)        001A
_RCSTA                (abs)        0018
_SPBRG                (abs)        0099
_T0IF                 (abs)        005A
_T2CON                (abs)        0012
_TMR0                 (abs)        0001
_TRISA                (abs)        0085
_TRISB                (abs)        0086
_TRISC                (abs)        0087
_TRISC6               (abs)        043E
_TRISC7               (abs)        043F
_TRISD                (abs)        0088
_TRISE                (abs)        0089
_TXIF                 (abs)        0064
_TXREG                (abs)        0019
_TXSTA                (abs)        0098
__Habs1               abs1         0000
__Hbank0              bank0        0000
__Hbank1              bank1        0000
__Hbank2              bank2        0000
__Hbank3              bank3        0000
__HbssBANK0           bssBANK0     0000
__Hcinit              cinit        0000
__Hclrtext            clrtext      0000
__Hcode               code         0000
__Hcommon             common       0000
__Hconfig             config       2009
__HcstackBANK0        cstackBANK0  0000
__HcstackCOMMON       cstackCOMMON 0000
__Heeprom_data        eeprom_data  0000
__Hend_init           end_init     0003
__Hfunctab            functab      0000
__Hidloc              idloc        0000
__Hinit               init         0000
__Hintentry           intentry     0000
__Hmaintext           maintext     0000
__Hpa_nodes           pa_nodes     0000
__Hpowerup            powerup      0000
__Hram                ram          0000
__Hreset_vec          reset_vec    0000
__Hsfr0               sfr0         0000
__Hsfr1               sfr1         0000
__Hsfr2               sfr2         0000
__Hsfr3               sfr3         0000
__Hstrings            strings      0000
__Htext               text         0000
__Labs1               abs1         0000
__Lbank0              bank0        0000
__Lbank1              bank1        0000
__Lbank2              bank2        0000
__Lbank3              bank3        0000
__LbssBANK0           bssBANK0     0000
__Lcinit              cinit        0000
__Lclrtext            clrtext      0000
__Lcode               code         0000
__Lcommon             common       0000
__Lconfig             config       2007
__LcstackBANK0        cstackBANK0  0000
__LcstackCOMMON       cstackCOMMON 0000
__Leeprom_data        eeprom_data  0000
__Lend_init           end_init     0000
__Lfunctab            functab      0000
__Lidloc              idloc        0000
__Linit               init         0000
__Lintentry           intentry     0000
__Lmaintext           maintext     0000
__Lpa_nodes           pa_nodes     0000
__Lpowerup            powerup      0000
__Lram                ram          0000
__Lreset_vec          reset_vec    0000
__Lsfr0               sfr0         0000
__Lsfr1               sfr1         0000
__Lsfr2               sfr2         0000
__Lsfr3               sfr3         0000
__Lstrings            strings      0000
__Ltext               text         0000
__S0                  (abs)        2009
__S1                  (abs)        007E
__S2                  (abs)        0000
___lwdiv              text285      06B5
___lwdiv@counter      cstackCOMMON 0076
___lwdiv@dividend     cstackCOMMON 0072
___lwdiv@divisor      cstackCOMMON 0070
___lwdiv@quotient     cstackCOMMON 0074
___lwmod              text285      06DF
___lwmod@counter      cstackCOMMON 007B
___lwmod@dividend     cstackCOMMON 0079
___lwmod@divisor      cstackCOMMON 0077
__end_of_ADC          text282      076C
__end_of_PWM          text282      0725
__end_of___lwdiv      text285      06DF
__end_of___lwmod      text285      0703
__end_of_getch        text290      05B9
__end_of_init_comms   text289      05D3
__end_of_lcd_clear    text282      07DC
__end_of_lcd_init     text282      07A2
__end_of_lcd_write    text282      07C6
__end_of_main         maintext     061C
__end_of_msecbase     text282      07D3
__end_of_pause        text282      07B3
__end_of_printf       text285      06AF
__end_of_putch        text285      06B5
__pbssBANK0           bssBANK0     002B
__pcstackBANK0        cstackBANK0  0020
__pcstackCOMMON       cstackCOMMON 0070
__pmaintext           maintext     05D3
__pstrings            strings      0003
__ptext279            text282      076C
__ptext280            text282      07D3
__ptext281            text282      07B3
__ptext282            text282      0703
__ptext283            text282      0725
__ptext284            text282      07A2
__ptext285            text285      061C
__ptext286            text285      06DF
__ptext287            text285      06B5
__ptext288            text282      07C6
__ptext289            text289      05C5
__ptext290            text290      05B4
__ptext291            text285      06AF
__ptext292            text292      0000
__size_of_ADC         (abs)        0000
__size_of_PWM         (abs)        0000
__size_of___lwdiv     (abs)        0000
__size_of___lwmod     (abs)        0000
__size_of_getch       (abs)        0000
__size_of_init_comms  (abs)        0000
__size_of_lcd_clear   (abs)        0000
__size_of_lcd_init    (abs)        0000
__size_of_lcd_write   (abs)        0000
__size_of_main        (abs)        0000
__size_of_msecbase    (abs)        0000
__size_of_pause       (abs)        0000
__size_of_printf      (abs)        0000
__size_of_putch       (abs)        0000
_dpowers              strings      0009
_exit                 init         0000
_getch                text290      05B4
_init_comms           text289      05C5
_lcd_clear            text282      07D3
_lcd_init             text282      076C
_lcd_write            text282      07B3
_main                 maintext     05D3
_msecbase             text282      07C6
_pause                text282      07A2
_printf               text285      061C
_putch                text285      06AF
_pwm1                 bssBANK0     002B
_pwm2                 bssBANK0     002D
_vadc1                bssBANK0     002F
_vadc2                bssBANK0     0031
btemp                 (abs)        007E
end_of_initialization cinit        05C1
intlevel0             functab      0000
intlevel1             functab      0000
intlevel2             functab      0000
intlevel3             functab      0000
intlevel4             functab      0000
intlevel5             functab      0000
l1052                                  
l1058                                  
l1061                                  
l1076                                  
l1079                                  
l1082                                  
l1085                                  
l1100                                  
l1106                                  
l1112                                  
l2144                                  
l2154                                  
l2779                                  
l2783                                  
l2789                                  
l2791                                  
l2793                                  
l2795                                  
l2797                                  
l2799                                  
l2809                                  
l2813                                  
l2817                                  
l2823                                  
l2837                                  
l2843                                  
l2853                                  
l2857                                  
l2859                                  
l2863                                  
l2875                                  
l2885                                  
l2895                                  
l2899                                  
l2901                                  
l2905                                  
l2907                                  
l2909                                  
l2911                                  
l2913                                  
l2917                                  
l2919                                  
l2921                                  
l2923                                  
l2925                                  
l2927                                  
l2929                                  
l2931                                  
l2933                                  
l2935                                  
l2937                                  
l2939                                  
l2941                                  
l2943                                  
l2945                                  
l2947                                  
l2949                                  
l2951                                  
l2953                                  
l2955                                  
l2957                                  
l2959                                  
l2961                                  
l2963                                  
l2965                                  
l2967                                  
l2969                                  
l2971                                  
l2973                                  
l2975                                  
l2977                                  
l2979                                  
l2981                                  
l2983                                  
l2985                                  
l2987                                  
l2989                                  
l2991                                  
l2993                                  
l2995                                  
l2997                                  
l2999                                  
l3001                                  
l3003                                  
l3005                                  
l3007                                  
l3009                                  
l3011                                  
l3013                                  
l3015                                  
l3017                                  
l3019                                  
l3023                                  
l3025                                  
l3027                                  
l3029                                  
lcd_write@c           cstackCOMMON 0074
pause@usvalue         cstackCOMMON 0070
pause@x               cstackCOMMON 0072
printf@_val           cstackBANK0  0026
printf@ap             cstackBANK0  0022
printf@c              cstackBANK0  002A
printf@f              cstackBANK0  0024
printf@flag           cstackBANK0  0023
printf@prec           cstackBANK0  0025
putch@byte            cstackCOMMON 0070
reset_vec             reset_vec    0000
start                 init         0000
start_initialization  cinit        05B9
wtemp0                (abs)        007E
