HI-TECH Software C Compiler 

Linker command line:

--edf=C:\Program Files (x86)\HI-TECH Software\PICC\9.82\dat\en_msgs.txt -cs \
  -h+DATACOM.sym -z -Q16F887 -ol.obj -MDATACOM.map -E1 -ACONST=00h-0FFhx32 \
  -ACODE=00h-07FFhx4 -ASTRCODE=00h-01FFFh -AENTRY=00h-0FFhx32 \
  -ASTRING=00h-0FFhx32 -ABANK0=020h-06Fh -ABANK1=0A0h-0EFh \
  -ABANK2=0110h-016Fh -ABANK3=0190h-01EFh \
  -ARAM=020h-06Fh,0A0h-0EFh,0110h-016Fh,0190h-01EFh \
  -AABS1=020h-07Fh,0A0h-0EFh,0110h-016Fh,0190h-01EFh -ACOMMON=070h-07Fh \
  -ASFR0=00h-01Fh -ASFR1=080h-09Fh -ASFR2=0100h-010Fh -ASFR3=0180h-018Fh \
  -preset_vec=00h,intentry,init,end_init -ppowerup=CODE -pfunctab=CODE \
  -ACONFIG=02007h-02008h -pconfig=CONFIG -DCONFIG=2 -AIDLOC=02000h-02003h \
  -pidloc=IDLOC -DIDLOC=2 -AEEDATA=00h-0FFh/02100h -peeprom_data=EEDATA \
  -DEEDATA=2 -DCODE=2 -DSTRCODE=2 -DSTRING=2 -DCONST=2 -DENTRY=2 -k \
  startup.obj DATACOM.obj 

Object code version is 3.10

Machine type is 16F887



                Name                               Link     Load   Length Selector   Space Scale
startup.obj     end_init                              0        0        3        0       0
DATACOM.obj     functab                             700      700        9        E       0
                config                             2007     2007        2     400E       0
                text430                             377      377        5      6EE       0
                text429                             37C      37C        6      6F8       0
                text428                             7DF      7DF        E        E       0
                text427                             382      382       35      704       0
                text421                             3B7      3B7       82      76E       0
                text418                             439      439      14C      872       0
                text413                             709      709       D6        E       0
                maintext                            585      585      17B      B0A       0
                cstackBANK0                          48       48       17       20       1
                cstackCOMMON                         70       70        E       70       1
                clrtext                             7F8      7F8        8        E       0
                bssBANK0                             20       20       28       20       1
                cinit                               7ED      7ED        B        E       0
                strings                               3        3       60        6       0

TOTAL           Name                               Link     Load   Length     Space
        CLASS   CONST          

        CLASS   CODE           
                end_init                              0        0        3         0
                functab                             700      700        9         0
                text430                             377      377        5         0
                text429                             37C      37C        6         0
                text428                             7DF      7DF        E         0
                text427                             382      382       35         0
                text421                             3B7      3B7       82         0
                text418                             439      439      14C         0
                text413                             709      709       D6         0
                maintext                            585      585      17B         0
                clrtext                             7F8      7F8        8         0
                cinit                               7ED      7ED        B         0

        CLASS   STRCODE        

        CLASS   ENTRY          

        CLASS   STRING         
                strings                               3        3       60         0

        CLASS   BANK0          
                cstackBANK0                          48       48       17         1
                bssBANK0                             20       20       28         1

        CLASS   BANK1          

        CLASS   BANK2          

        CLASS   BANK3          

        CLASS   RAM            

        CLASS   ABS1           
                abs_s1                               7E       7E        2         1

        CLASS   COMMON         
                cstackCOMMON                         70       70        E         1

        CLASS   SFR0           

        CLASS   SFR1           

        CLASS   SFR2           

        CLASS   SFR3           

        CLASS   CONFIG         
                config                             2007     2007        2         0

        CLASS   IDLOC          

        CLASS   EEDATA         



SEGMENTS        Name                           Load    Length   Top    Selector   Space  Class     Delta

                reset_vec                      000000  000003  000003         0       0  CODE        2
                strings                        000003  000060  000063         6       0  STRING      2
                bssBANK0                       000020  00003F  00005F        20       1  BANK0       1
                cstackCOMMON                   000070  00000E  00007E        70       1  COMMON      1
                text430                        000377  000005  00037C       6EE       0  CODE        2
                text429                        00037C  000006  000382       6F8       0  CODE        2
                text427                        000382  000035  0003B7       704       0  CODE        2
                text421                        0003B7  000082  000439       76E       0  CODE        2
                text418                        000439  00014C  000585       872       0  CODE        2
                maintext                       000585  00017B  000700       B0A       0  CODE        2
                functab                        000700  000100  000800         E       0  CODE        2
                config                         002007  000002  002009      400E       0  CONFIG      2


UNUSED ADDRESS RANGES

        Name                Unused          Largest block    Delta
        BANK0            005F-006F             11           1
        BANK1            00A0-00EF             50           1
        BANK2            0110-016F             60           1
        BANK3            0190-01EF             60           1
        CODE             0063-0376            314           2
                         0800-1FFF            800
        CONST            0063-0376            100           2
                         0800-1FFF            100
        EEDATA           2100-21FF            100           2
        ENTRY            0063-0376            100           2
                         0800-1FFF            100
        IDLOC            2000-2003              4           2
        RAM              005F-006F             11           1
                         00A0-00EF             50
                         0110-016F             60
                         0190-01EF             60
        SFR0             0000-001F             20           1
        SFR1             0080-009F             20           1
        SFR2             0100-010F             10           1
        SFR3             0180-018F             10           1
        STRCODE          0063-0376            314           2
                         0800-1FFF           1800
        STRING           0063-0376            100           2
                         0800-1FFF            100

                                  Symbol Table

??_ADC                cstackCOMMON 0070
??_PWM                cstackCOMMON 0074
??___lwdiv            cstackCOMMON 0074
??___lwmod            cstackCOMMON 007B
??___wmul             cstackCOMMON 0074
??__doprnt            cstackBANK0  0048
??_atoi               cstackCOMMON 0078
??_getch              cstackCOMMON 0070
??_init_comms         cstackCOMMON 0070
??_isdigit            cstackCOMMON 0070
??_lcd_clear          cstackCOMMON 0075
??_lcd_goto           cstackCOMMON 0075
??_lcd_init           cstackCOMMON 0075
??_lcd_puts           cstackCOMMON 0077
??_lcd_write          cstackCOMMON 0074
??_main               cstackCOMMON 007E
??_msecbase           cstackCOMMON 0070
??_pause              cstackCOMMON 0072
??_printf             cstackCOMMON 007E
??_putch              cstackCOMMON 0071
??_sprintf            cstackCOMMON 007E
?_ADC                 cstackCOMMON 0070
?_PWM                 cstackCOMMON 0070
?___lwdiv             cstackCOMMON 0070
?___lwmod             cstackCOMMON 0077
?___wmul              cstackCOMMON 0070
?__doprnt             cstackCOMMON 007C
?_atoi                cstackCOMMON 0076
?_getch               cstackCOMMON 0070
?_init_comms          cstackCOMMON 0070
?_isdigit             cstackCOMMON 0070
?_lcd_clear           cstackCOMMON 0070
?_lcd_goto            cstackCOMMON 0070
?_lcd_init            cstackCOMMON 0070
?_lcd_puts            cstackCOMMON 0075
?_lcd_write           cstackCOMMON 0070
?_main                cstackCOMMON 0070
?_msecbase            cstackCOMMON 0070
?_pause               cstackCOMMON 0070
?_printf              cstackBANK0  0052
?_putch               cstackCOMMON 0070
?_sprintf             cstackBANK0  0052
_ADC                  text427      0382
_ADCON0               (abs)        001F
_ADFM                 (abs)        04FF
_ADRESH               (abs)        001E
_ADRESL               (abs)        009E
_ANSEL                (abs)        0188
_ANSELH               (abs)        0189
_BAUDCTL              (abs)        0187
_CCP1CON              (abs)        0017
_CCP2CON              (abs)        001D
_CCPR1L               (abs)        0015
_CCPR2L               (abs)        001B
_GO_DONE              (abs)        00F9
_OPTION_REG           (abs)        0081
_PA                   bssBANK0     0040
_PA1                  bssBANK0     002C
_PA2                  bssBANK0     0031
_PORTA                (abs)        0005
_PORTB                (abs)        0006
_PORTD                (abs)        0008
_PR2                  (abs)        0092
_PWM                  text413      070D
_RC0                  (abs)        0038
_RC3                  (abs)        003B
_RC4                  (abs)        003C
_RCIF                 (abs)        0065
_RCREG                (abs)        001A
_RCSTA                (abs)        0018
_SPBRG                (abs)        0099
_T0IF                 (abs)        005A
_T2CON                (abs)        0012
_TMR0                 (abs)        0001
_TRISA                (abs)        0085
_TRISB                (abs)        0086
_TRISC                (abs)        0087
_TRISC6               (abs)        043E
_TRISC7               (abs)        043F
_TRISD                (abs)        0088
_TRISE                (abs)        0089
_TXIF                 (abs)        0064
_TXREG                (abs)        0019
_TXSTA                (abs)        0098
__Habs1               abs1         0000
__Hbank0              bank0        0000
__Hbank1              bank1        0000
__Hbank2              bank2        0000
__Hbank3              bank3        0000
__HbssBANK0           bssBANK0     0000
__Hcinit              cinit        0000
__Hclrtext            clrtext      0000
__Hcode               code         0000
__Hcommon             common       0000
__Hconfig             config       2009
__HcstackBANK0        cstackBANK0  0000
__HcstackCOMMON       cstackCOMMON 0000
__Heeprom_data        eeprom_data  0000
__Hend_init           end_init     0003
__Hfunctab            functab      0709
__Hidloc              idloc        0000
__Hinit               init         0000
__Hintentry           intentry     0000
__Hmaintext           maintext     0000
__Hpa_nodes           pa_nodes     0000
__Hpowerup            powerup      0000
__Hram                ram          0000
__Hreset_vec          reset_vec    0000
__Hsfr0               sfr0         0000
__Hsfr1               sfr1         0000
__Hsfr2               sfr2         0000
__Hsfr3               sfr3         0000
__Hstrings            strings      0000
__Htext               text         0000
__Labs1               abs1         0000
__Lbank0              bank0        0000
__Lbank1              bank1        0000
__Lbank2              bank2        0000
__Lbank3              bank3        0000
__LbssBANK0           bssBANK0     0000
__Lcinit              cinit        0000
__Lclrtext            clrtext      0000
__Lcode               code         0000
__Lcommon             common       0000
__Lconfig             config       2007
__LcstackBANK0        cstackBANK0  0000
__LcstackCOMMON       cstackCOMMON 0000
__Leeprom_data        eeprom_data  0000
__Lend_init           end_init     0000
__Lfunctab            functab      0700
__Lidloc              idloc        0000
__Linit               init         0000
__Lintentry           intentry     0000
__Lmaintext           maintext     0000
__Lpa_nodes           pa_nodes     0000
__Lpowerup            powerup      0000
__Lram                ram          0000
__Lreset_vec          reset_vec    0000
__Lsfr0               sfr0         0000
__Lsfr1               sfr1         0000
__Lsfr2               sfr2         0000
__Lsfr3               sfr3         0000
__Lstrings            strings      0000
__Ltext               text         0000
__S0                  (abs)        2009
__S1                  (abs)        007E
__S2                  (abs)        0000
___lwdiv              text418      052A
___lwdiv@counter      cstackCOMMON 0076
___lwdiv@dividend     cstackCOMMON 0072
___lwdiv@divisor      cstackCOMMON 0070
___lwdiv@quotient     cstackCOMMON 0074
___lwmod              text418      0554
___lwmod@counter      cstackCOMMON 007B
___lwmod@dividend     cstackCOMMON 0079
___lwmod@divisor      cstackCOMMON 0077
___wmul               text421      0420
___wmul@multiplicand  cstackCOMMON 0072
___wmul@multiplier    cstackCOMMON 0070
___wmul@product       cstackCOMMON 0074
__doprnt              text418      0455
__doprnt@_val         cstackBANK0  004C
__doprnt@ap           cstackCOMMON 007D
__doprnt@c            cstackBANK0  0050
__doprnt@f            cstackCOMMON 007C
__doprnt@flag         cstackBANK0  004A
__doprnt@pb           cstackBANK0  0051
__doprnt@prec         cstackBANK0  004B
__end_of_ADC          text427      03B7
__end_of_PWM          text413      072E
__end_of___lwdiv      text418      0554
__end_of___lwmod      text418      0578
__end_of___wmul       text421      0439
__end_of__doprnt      text418      052A
__end_of_atoi         text421      0412
__end_of_getch        text429      0382
__end_of_init_comms   text428      07ED
__end_of_isdigit      text421      0420
__end_of_lcd_clear    text413      07BB
__end_of_lcd_goto     text413      070D
__end_of_lcd_init     text413      0781
__end_of_lcd_puts     text413      074B
__end_of_lcd_write    text413      07A5
__end_of_main         maintext     0700
__end_of_msecbase     text413      07B2
__end_of_pause        text413      0792
__end_of_printf       text418      0445
__end_of_putch        text430      037C
__end_of_sprintf      text418      0455
__pbssBANK0           bssBANK0     0020
__pcstackBANK0        cstackBANK0  0048
__pcstackCOMMON       cstackCOMMON 0070
__pfunctab            functab      0700
__pmaintext           maintext     0585
__pstrings            strings      0003
__ptext411            text413      074B
__ptext412            text413      072E
__ptext413            text413      0709
__ptext414            text413      07B2
__ptext415            text413      0792
__ptext416            text413      070D
__ptext417            text418      0445
__ptext418            text418      0439
__ptext419            text418      0455
__ptext420            text413      0781
__ptext421            text421      03B7
__ptext422            text418      0554
__ptext423            text418      052A
__ptext424            text421      0420
__ptext425            text421      0412
__ptext426            text413      07A5
__ptext427            text427      0382
__ptext428            text428      07DF
__ptext429            text429      037C
__ptext430            text430      0377
__size_of_ADC         (abs)        0000
__size_of_PWM         (abs)        0000
__size_of___lwdiv     (abs)        0000
__size_of___lwmod     (abs)        0000
__size_of___wmul      (abs)        0000
__size_of__doprnt     (abs)        0000
__size_of_atoi        (abs)        0000
__size_of_getch       (abs)        0000
__size_of_init_comms  (abs)        0000
__size_of_isdigit     (abs)        0000
__size_of_lcd_clear   (abs)        0000
__size_of_lcd_goto    (abs)        0000
__size_of_lcd_init    (abs)        0000
__size_of_lcd_puts    (abs)        0000
__size_of_lcd_write   (abs)        0000
__size_of_main        (abs)        0000
__size_of_msecbase    (abs)        0000
__size_of_pause       (abs)        0000
__size_of_printf      (abs)        0000
__size_of_putch       (abs)        0000
__size_of_sprintf     (abs)        0000
_atoi                 text421      03B7
_carac1               bssBANK0     0044
_carac2               bssBANK0     0036
_carac3               bssBANK0     003B
_dpowers              strings      0013
_exit                 init         0000
_getch                text429      037C
_init_comms           text428      07DF
_isdigit              text421      0412
_isdigit$2435         cstackCOMMON 0070
_lcd_clear            text413      07B2
_lcd_goto             text413      0709
_lcd_init             text413      074B
_lcd_puts             text413      072E
_lcd_write            text413      0792
_main                 maintext     0585
_msecbase             text413      07A5
_op                   bssBANK0     0020
_pause                text413      0781
_printf               text418      0439
_putch                text430      0377
_pwm1                 bssBANK0     0022
_pwm2                 bssBANK0     0024
_sprintf              text418      0445
_vadc1                bssBANK0     0026
_vadc2                bssBANK0     0028
_vporta               bssBANK0     002A
atoi@a                cstackCOMMON 007B
atoi@s                cstackCOMMON 007D
atoi@sign             cstackCOMMON 007A
btemp                 (abs)        007E
clear_ram             clrtext      07F8
end_of_initialization cinit        07F4
fpbase                functab      0705
fptable               functab      0700
fptotal               (abs)        0002
intlevel0             functab      0700
intlevel1             functab      0700
intlevel2             functab      0700
intlevel3             functab      0700
intlevel4             functab      0700
intlevel5             functab      0700
isdigit@c             cstackCOMMON 0071
l1076                                  
l1082                                  
l1085                                  
l1111                                  
l1114                                  
l1117                                  
l1120                                  
l1126                                  
l1132                                  
l1135                                  
l1141                                  
l1147                                  
l1179                                  
l2179                                  
l2188                                  
l2195                                  
l2207                                  
l2217                                  
l2227                                  
l3124                                  
l3128                                  
l3134                                  
l3136                                  
l3138                                  
l3140                                  
l3142                                  
l3146                                  
l3148                                  
l3150                                  
l3154                                  
l3156                                  
l3158                                  
l3160                                  
l3170                                  
l3178                                  
l3180                                  
l3186                                  
l3188                                  
l3198                                  
l3202                                  
l3206                                  
l3212                                  
l3226                                  
l3232                                  
l3242                                  
l3258                                  
l3270                                  
l3274                                  
l3284                                  
l3290                                  
l3294                                  
l3298                                  
l3310                                  
l3320                                  
l3326                                  
l3332                                  
l3342                                  
l3344                                  
l3346                                  
l3348                                  
l3352                                  
l3354                                  
l3356                                  
l3358                                  
l3360                                  
l3364                                  
l3366                                  
l3368                                  
l3370                                  
l3372                                  
l3374                                  
l3376                                  
l3378                                  
l3380                                  
l3382                                  
l3384                                  
l3386                                  
l3388                                  
l3390                                  
l3392                                  
l3394                                  
l3396                                  
l3398                                  
l3400                                  
l3402                                  
l3404                                  
l3408                                  
l3412                                  
l3414                                  
l3416                                  
l3418                                  
l3420                                  
l3422                                  
l3424                                  
l3426                                  
l3428                                  
l3430                                  
l3432                                  
l3434                                  
l3436                                  
l3438                                  
l3440                                  
l3442                                  
l3444                                  
l3446                                  
l3448                                  
l3450                                  
l3452                                  
l3454                                  
l3456                                  
l3458                                  
l3460                                  
l3462                                  
l3464                                  
l3466                                  
l3468                                  
l3470                                  
l3472                                  
l3474                                  
l3480                                  
l3482                                  
l3484                                  
l3486                                  
l3496                                  
l3498                                  
l3502                                  
l3504                                  
l3506                                  
l3508                                  
l3510                                  
l3512                                  
l3514                                  
l3518                                  
l3526                                  
l3528                                  
l3532                                  
l3534                                  
l3542                                  
l3544                                  
l3548                                  
l3550                                  
l3552                                  
l3554                                  
l3556                                  
l3558                                  
l3560                                  
l3562                                  
l3564                                  
l3566                                  
l3568                                  
l3570                                  
lcd_goto@pos          cstackCOMMON 0075
lcd_puts@s            cstackCOMMON 0075
lcd_write@c           cstackCOMMON 0074
main@i                cstackBANK0  0059
main@i_1854           cstackBANK0  005B
main@i_1856           cstackBANK0  005D
pause@usvalue         cstackCOMMON 0070
pause@x               cstackCOMMON 0072
printf@ap             cstackBANK0  0055
printf@f              cstackBANK0  0054
printf@pb             cstackBANK0  0056
putch@byte            cstackCOMMON 0070
reset_vec             reset_vec    0000
sprintf@ap            cstackBANK0  0056
sprintf@f             cstackBANK0  0052
sprintf@pb            cstackBANK0  0057
sprintf@wh            cstackBANK0  0055
start                 init         0000
start_initialization  cinit        07ED
wtemp0                (abs)        007E
