MPLINK 4.49, Linker
Linker Map File - Created Thu Mar 10 14:18:52 2022

                                 Section Info
                  Section       Type    Address   Location Size(Bytes)
                ---------  ---------  ---------  ---------  ---------
                   .org_0       code   0x000000    program   0x000000
                   .org_1       code   0x000000    program   0x000114
      .config_2007_ADC1.O       code   0x002007    program   0x000002
      .config_2008_ADC1.O       code   0x002008    program   0x000002



                              Program Memory Usage 
                               Start         End      
                           ---------   ---------      
                            0x000000    0x000089      
                            0x002007    0x002008      
            140 out of 8455 program addresses used, program memory utilization is 1%



                              Symbols - Sorted by Name
                     Name    Address   Location    Storage File                     
                ---------  ---------  ---------  --------- ---------                
                      C_N   0x000060    program     static C:\Users\Jorge\OneDrive\Escritorio\Microcontroladores\Proyectos\ADC1\ADC1.asm
                      C_P   0x000020    program     static C:\Users\Jorge\OneDrive\Escritorio\Microcontroladores\Proyectos\ADC1\ADC1.asm
                    E_T0X   0x00005c    program     static C:\Users\Jorge\OneDrive\Escritorio\Microcontroladores\Proyectos\ADC1\ADC1.asm
                      M_R   0x000071    program     static C:\Users\Jorge\OneDrive\Escritorio\Microcontroladores\Proyectos\ADC1\ADC1.asm
                      RET   0x00005a    program     static C:\Users\Jorge\OneDrive\Escritorio\Microcontroladores\Proyectos\ADC1\ADC1.asm
                      RNX   0x00001e    program     static C:\Users\Jorge\OneDrive\Escritorio\Microcontroladores\Proyectos\ADC1\ADC1.asm
                      RXC   0x000013    program     static C:\Users\Jorge\OneDrive\Escritorio\Microcontroladores\Proyectos\ADC1\ADC1.asm
                      RXD   0x000014    program     static C:\Users\Jorge\OneDrive\Escritorio\Microcontroladores\Proyectos\ADC1\ADC1.asm
                      RXM   0x000012    program     static C:\Users\Jorge\OneDrive\Escritorio\Microcontroladores\Proyectos\ADC1\ADC1.asm
                      RXU   0x000015    program     static C:\Users\Jorge\OneDrive\Escritorio\Microcontroladores\Proyectos\ADC1\ADC1.asm
                      S_N   0x000016    program     static C:\Users\Jorge\OneDrive\Escritorio\Microcontroladores\Proyectos\ADC1\ADC1.asm
                      T7S   0x00004f    program     static C:\Users\Jorge\OneDrive\Escritorio\Microcontroladores\Proyectos\ADC1\ADC1.asm



                              Symbols - Sorted by Address
                     Name    Address   Location    Storage File                     
                ---------  ---------  ---------  --------- ---------                
                      RXM   0x000012    program     static C:\Users\Jorge\OneDrive\Escritorio\Microcontroladores\Proyectos\ADC1\ADC1.asm
                      RXC   0x000013    program     static C:\Users\Jorge\OneDrive\Escritorio\Microcontroladores\Proyectos\ADC1\ADC1.asm
                      RXD   0x000014    program     static C:\Users\Jorge\OneDrive\Escritorio\Microcontroladores\Proyectos\ADC1\ADC1.asm
                      RXU   0x000015    program     static C:\Users\Jorge\OneDrive\Escritorio\Microcontroladores\Proyectos\ADC1\ADC1.asm
                      S_N   0x000016    program     static C:\Users\Jorge\OneDrive\Escritorio\Microcontroladores\Proyectos\ADC1\ADC1.asm
                      RNX   0x00001e    program     static C:\Users\Jorge\OneDrive\Escritorio\Microcontroladores\Proyectos\ADC1\ADC1.asm
                      C_P   0x000020    program     static C:\Users\Jorge\OneDrive\Escritorio\Microcontroladores\Proyectos\ADC1\ADC1.asm
                      T7S   0x00004f    program     static C:\Users\Jorge\OneDrive\Escritorio\Microcontroladores\Proyectos\ADC1\ADC1.asm
                      RET   0x00005a    program     static C:\Users\Jorge\OneDrive\Escritorio\Microcontroladores\Proyectos\ADC1\ADC1.asm
                    E_T0X   0x00005c    program     static C:\Users\Jorge\OneDrive\Escritorio\Microcontroladores\Proyectos\ADC1\ADC1.asm
                      C_N   0x000060    program     static C:\Users\Jorge\OneDrive\Escritorio\Microcontroladores\Proyectos\ADC1\ADC1.asm
                      M_R   0x000071    program     static C:\Users\Jorge\OneDrive\Escritorio\Microcontroladores\Proyectos\ADC1\ADC1.asm


