MPLINK 4.49, Linker
Linker Map File - Created Mon Mar 14 22:58:35 2022

                                 Section Info
                  Section       Type    Address   Location Size(Bytes)
                ---------  ---------  ---------  ---------  ---------
                   .org_0       code   0x000000    program   0x000000
                   .org_1       code   0x000000    program   0x0000ac
      .config_2007_ADC2.O       code   0x002007    program   0x000002
      .config_2008_ADC2.O       code   0x002008    program   0x000002



                              Program Memory Usage 
                               Start         End      
                           ---------   ---------      
                            0x000000    0x000055      
                            0x002007    0x002008      
            88 out of 8455 program addresses used, program memory utilization is 1%



                              Symbols - Sorted by Name
                     Name    Address   Location    Storage File                     
                ---------  ---------  ---------  --------- ---------                
                      C_P   0x000016    program     static C:\Users\Jorge\OneDrive\Escritorio\Microcontroladores\Proyectos\ADC2\ADC2.asm
                   ET0IFX   0x000052    program     static C:\Users\Jorge\OneDrive\Escritorio\Microcontroladores\Proyectos\ADC2\ADC2.asm
                      RET   0x000050    program     static C:\Users\Jorge\OneDrive\Escritorio\Microcontroladores\Proyectos\ADC2\ADC2.asm
                      RNX   0x000014    program     static C:\Users\Jorge\OneDrive\Escritorio\Microcontroladores\Proyectos\ADC2\ADC2.asm
                      RXC   0x000011    program     static C:\Users\Jorge\OneDrive\Escritorio\Microcontroladores\Proyectos\ADC2\ADC2.asm
                      RXD   0x000012    program     static C:\Users\Jorge\OneDrive\Escritorio\Microcontroladores\Proyectos\ADC2\ADC2.asm
                      RXM   0x000010    program     static C:\Users\Jorge\OneDrive\Escritorio\Microcontroladores\Proyectos\ADC2\ADC2.asm
                      RXU   0x000013    program     static C:\Users\Jorge\OneDrive\Escritorio\Microcontroladores\Proyectos\ADC2\ADC2.asm
                      T7S   0x000045    program     static C:\Users\Jorge\OneDrive\Escritorio\Microcontroladores\Proyectos\ADC2\ADC2.asm



                              Symbols - Sorted by Address
                     Name    Address   Location    Storage File                     
                ---------  ---------  ---------  --------- ---------                
                      RXM   0x000010    program     static C:\Users\Jorge\OneDrive\Escritorio\Microcontroladores\Proyectos\ADC2\ADC2.asm
                      RXC   0x000011    program     static C:\Users\Jorge\OneDrive\Escritorio\Microcontroladores\Proyectos\ADC2\ADC2.asm
                      RXD   0x000012    program     static C:\Users\Jorge\OneDrive\Escritorio\Microcontroladores\Proyectos\ADC2\ADC2.asm
                      RXU   0x000013    program     static C:\Users\Jorge\OneDrive\Escritorio\Microcontroladores\Proyectos\ADC2\ADC2.asm
                      RNX   0x000014    program     static C:\Users\Jorge\OneDrive\Escritorio\Microcontroladores\Proyectos\ADC2\ADC2.asm
                      C_P   0x000016    program     static C:\Users\Jorge\OneDrive\Escritorio\Microcontroladores\Proyectos\ADC2\ADC2.asm
                      T7S   0x000045    program     static C:\Users\Jorge\OneDrive\Escritorio\Microcontroladores\Proyectos\ADC2\ADC2.asm
                      RET   0x000050    program     static C:\Users\Jorge\OneDrive\Escritorio\Microcontroladores\Proyectos\ADC2\ADC2.asm
                   ET0IFX   0x000052    program     static C:\Users\Jorge\OneDrive\Escritorio\Microcontroladores\Proyectos\ADC2\ADC2.asm


