MPLINK 4.49, Linker
Linker Map File - Created Tue Mar 22 14:07:22 2022

                                 Section Info
                  Section       Type    Address   Location Size(Bytes)
                ---------  ---------  ---------  ---------  ---------
                   .org_0       code   0x000000    program   0x000000
                   .org_1       code   0x000000    program   0x000e42
      .config_2007_88D2.O       code   0x002007    program   0x000002
      .config_2008_88D2.O       code   0x002008    program   0x000002



                              Program Memory Usage 
                               Start         End      
                           ---------   ---------      
                            0x000000    0x000720      
                            0x002007    0x002008      
            1827 out of 8455 program addresses used, program memory utilization is 21%



                              Symbols - Sorted by Name
                     Name    Address   Location    Storage File                     
                ---------  ---------  ---------  --------- ---------                
                   ET0IFX   0x00071d    program     static C:\Users\Jorge\OneDrive\Escritorio\Microcontroladores\Proyectos\88D2\88D2.asm
                      FR1   0x000012    program     static C:\Users\Jorge\OneDrive\Escritorio\Microcontroladores\Proyectos\88D2\88D2.asm
                     FR10   0x0001a7    program     static C:\Users\Jorge\OneDrive\Escritorio\Microcontroladores\Proyectos\88D2\88D2.asm
                     FR11   0x0001d4    program     static C:\Users\Jorge\OneDrive\Escritorio\Microcontroladores\Proyectos\88D2\88D2.asm
                     FR12   0x000201    program     static C:\Users\Jorge\OneDrive\Escritorio\Microcontroladores\Proyectos\88D2\88D2.asm
                     FR13   0x00022e    program     static C:\Users\Jorge\OneDrive\Escritorio\Microcontroladores\Proyectos\88D2\88D2.asm
                     FR14   0x00025b    program     static C:\Users\Jorge\OneDrive\Escritorio\Microcontroladores\Proyectos\88D2\88D2.asm
                     FR15   0x000288    program     static C:\Users\Jorge\OneDrive\Escritorio\Microcontroladores\Proyectos\88D2\88D2.asm
                     FR16   0x0002b5    program     static C:\Users\Jorge\OneDrive\Escritorio\Microcontroladores\Proyectos\88D2\88D2.asm
                     FR17   0x0002e2    program     static C:\Users\Jorge\OneDrive\Escritorio\Microcontroladores\Proyectos\88D2\88D2.asm
                     FR18   0x00030f    program     static C:\Users\Jorge\OneDrive\Escritorio\Microcontroladores\Proyectos\88D2\88D2.asm
                     FR19   0x00033c    program     static C:\Users\Jorge\OneDrive\Escritorio\Microcontroladores\Proyectos\88D2\88D2.asm
                      FR2   0x00003f    program     static C:\Users\Jorge\OneDrive\Escritorio\Microcontroladores\Proyectos\88D2\88D2.asm
                     FR20   0x000369    program     static C:\Users\Jorge\OneDrive\Escritorio\Microcontroladores\Proyectos\88D2\88D2.asm
                     FR21   0x000396    program     static C:\Users\Jorge\OneDrive\Escritorio\Microcontroladores\Proyectos\88D2\88D2.asm
                     FR22   0x0003c3    program     static C:\Users\Jorge\OneDrive\Escritorio\Microcontroladores\Proyectos\88D2\88D2.asm
                     FR23   0x0003f0    program     static C:\Users\Jorge\OneDrive\Escritorio\Microcontroladores\Proyectos\88D2\88D2.asm
                     FR24   0x00041d    program     static C:\Users\Jorge\OneDrive\Escritorio\Microcontroladores\Proyectos\88D2\88D2.asm
                     FR25   0x00044a    program     static C:\Users\Jorge\OneDrive\Escritorio\Microcontroladores\Proyectos\88D2\88D2.asm
                     FR26   0x000477    program     static C:\Users\Jorge\OneDrive\Escritorio\Microcontroladores\Proyectos\88D2\88D2.asm
                     FR27   0x0004a4    program     static C:\Users\Jorge\OneDrive\Escritorio\Microcontroladores\Proyectos\88D2\88D2.asm
                     FR28   0x0004d1    program     static C:\Users\Jorge\OneDrive\Escritorio\Microcontroladores\Proyectos\88D2\88D2.asm
                     FR29   0x0004fe    program     static C:\Users\Jorge\OneDrive\Escritorio\Microcontroladores\Proyectos\88D2\88D2.asm
                      FR3   0x00006c    program     static C:\Users\Jorge\OneDrive\Escritorio\Microcontroladores\Proyectos\88D2\88D2.asm
                     FR30   0x00052b    program     static C:\Users\Jorge\OneDrive\Escritorio\Microcontroladores\Proyectos\88D2\88D2.asm
                     FR31   0x000558    program     static C:\Users\Jorge\OneDrive\Escritorio\Microcontroladores\Proyectos\88D2\88D2.asm
                     FR32   0x000585    program     static C:\Users\Jorge\OneDrive\Escritorio\Microcontroladores\Proyectos\88D2\88D2.asm
                     FR33   0x0005b2    program     static C:\Users\Jorge\OneDrive\Escritorio\Microcontroladores\Proyectos\88D2\88D2.asm
                     FR34   0x0005df    program     static C:\Users\Jorge\OneDrive\Escritorio\Microcontroladores\Proyectos\88D2\88D2.asm
                     FR35   0x00060c    program     static C:\Users\Jorge\OneDrive\Escritorio\Microcontroladores\Proyectos\88D2\88D2.asm
                     FR36   0x000639    program     static C:\Users\Jorge\OneDrive\Escritorio\Microcontroladores\Proyectos\88D2\88D2.asm
                     FR37   0x000666    program     static C:\Users\Jorge\OneDrive\Escritorio\Microcontroladores\Proyectos\88D2\88D2.asm
                     FR38   0x000693    program     static C:\Users\Jorge\OneDrive\Escritorio\Microcontroladores\Proyectos\88D2\88D2.asm
                     FR39   0x0006c0    program     static C:\Users\Jorge\OneDrive\Escritorio\Microcontroladores\Proyectos\88D2\88D2.asm
                      FR4   0x000099    program     static C:\Users\Jorge\OneDrive\Escritorio\Microcontroladores\Proyectos\88D2\88D2.asm
                     FR40   0x0006ed    program     static C:\Users\Jorge\OneDrive\Escritorio\Microcontroladores\Proyectos\88D2\88D2.asm
                      FR5   0x0000c6    program     static C:\Users\Jorge\OneDrive\Escritorio\Microcontroladores\Proyectos\88D2\88D2.asm
                      FR6   0x0000f3    program     static C:\Users\Jorge\OneDrive\Escritorio\Microcontroladores\Proyectos\88D2\88D2.asm
                      FR7   0x000120    program     static C:\Users\Jorge\OneDrive\Escritorio\Microcontroladores\Proyectos\88D2\88D2.asm
                      FR8   0x00014d    program     static C:\Users\Jorge\OneDrive\Escritorio\Microcontroladores\Proyectos\88D2\88D2.asm
                      FR9   0x00017a    program     static C:\Users\Jorge\OneDrive\Escritorio\Microcontroladores\Proyectos\88D2\88D2.asm
                      INI   0x00000f    program     static C:\Users\Jorge\OneDrive\Escritorio\Microcontroladores\Proyectos\88D2\88D2.asm
                      RET   0x00071b    program     static C:\Users\Jorge\OneDrive\Escritorio\Microcontroladores\Proyectos\88D2\88D2.asm



                              Symbols - Sorted by Address
                     Name    Address   Location    Storage File                     
                ---------  ---------  ---------  --------- ---------                
                      INI   0x00000f    program     static C:\Users\Jorge\OneDrive\Escritorio\Microcontroladores\Proyectos\88D2\88D2.asm
                      FR1   0x000012    program     static C:\Users\Jorge\OneDrive\Escritorio\Microcontroladores\Proyectos\88D2\88D2.asm
                      FR2   0x00003f    program     static C:\Users\Jorge\OneDrive\Escritorio\Microcontroladores\Proyectos\88D2\88D2.asm
                      FR3   0x00006c    program     static C:\Users\Jorge\OneDrive\Escritorio\Microcontroladores\Proyectos\88D2\88D2.asm
                      FR4   0x000099    program     static C:\Users\Jorge\OneDrive\Escritorio\Microcontroladores\Proyectos\88D2\88D2.asm
                      FR5   0x0000c6    program     static C:\Users\Jorge\OneDrive\Escritorio\Microcontroladores\Proyectos\88D2\88D2.asm
                      FR6   0x0000f3    program     static C:\Users\Jorge\OneDrive\Escritorio\Microcontroladores\Proyectos\88D2\88D2.asm
                      FR7   0x000120    program     static C:\Users\Jorge\OneDrive\Escritorio\Microcontroladores\Proyectos\88D2\88D2.asm
                      FR8   0x00014d    program     static C:\Users\Jorge\OneDrive\Escritorio\Microcontroladores\Proyectos\88D2\88D2.asm
                      FR9   0x00017a    program     static C:\Users\Jorge\OneDrive\Escritorio\Microcontroladores\Proyectos\88D2\88D2.asm
                     FR10   0x0001a7    program     static C:\Users\Jorge\OneDrive\Escritorio\Microcontroladores\Proyectos\88D2\88D2.asm
                     FR11   0x0001d4    program     static C:\Users\Jorge\OneDrive\Escritorio\Microcontroladores\Proyectos\88D2\88D2.asm
                     FR12   0x000201    program     static C:\Users\Jorge\OneDrive\Escritorio\Microcontroladores\Proyectos\88D2\88D2.asm
                     FR13   0x00022e    program     static C:\Users\Jorge\OneDrive\Escritorio\Microcontroladores\Proyectos\88D2\88D2.asm
                     FR14   0x00025b    program     static C:\Users\Jorge\OneDrive\Escritorio\Microcontroladores\Proyectos\88D2\88D2.asm
                     FR15   0x000288    program     static C:\Users\Jorge\OneDrive\Escritorio\Microcontroladores\Proyectos\88D2\88D2.asm
                     FR16   0x0002b5    program     static C:\Users\Jorge\OneDrive\Escritorio\Microcontroladores\Proyectos\88D2\88D2.asm
                     FR17   0x0002e2    program     static C:\Users\Jorge\OneDrive\Escritorio\Microcontroladores\Proyectos\88D2\88D2.asm
                     FR18   0x00030f    program     static C:\Users\Jorge\OneDrive\Escritorio\Microcontroladores\Proyectos\88D2\88D2.asm
                     FR19   0x00033c    program     static C:\Users\Jorge\OneDrive\Escritorio\Microcontroladores\Proyectos\88D2\88D2.asm
                     FR20   0x000369    program     static C:\Users\Jorge\OneDrive\Escritorio\Microcontroladores\Proyectos\88D2\88D2.asm
                     FR21   0x000396    program     static C:\Users\Jorge\OneDrive\Escritorio\Microcontroladores\Proyectos\88D2\88D2.asm
                     FR22   0x0003c3    program     static C:\Users\Jorge\OneDrive\Escritorio\Microcontroladores\Proyectos\88D2\88D2.asm
                     FR23   0x0003f0    program     static C:\Users\Jorge\OneDrive\Escritorio\Microcontroladores\Proyectos\88D2\88D2.asm
                     FR24   0x00041d    program     static C:\Users\Jorge\OneDrive\Escritorio\Microcontroladores\Proyectos\88D2\88D2.asm
                     FR25   0x00044a    program     static C:\Users\Jorge\OneDrive\Escritorio\Microcontroladores\Proyectos\88D2\88D2.asm
                     FR26   0x000477    program     static C:\Users\Jorge\OneDrive\Escritorio\Microcontroladores\Proyectos\88D2\88D2.asm
                     FR27   0x0004a4    program     static C:\Users\Jorge\OneDrive\Escritorio\Microcontroladores\Proyectos\88D2\88D2.asm
                     FR28   0x0004d1    program     static C:\Users\Jorge\OneDrive\Escritorio\Microcontroladores\Proyectos\88D2\88D2.asm
                     FR29   0x0004fe    program     static C:\Users\Jorge\OneDrive\Escritorio\Microcontroladores\Proyectos\88D2\88D2.asm
                     FR30   0x00052b    program     static C:\Users\Jorge\OneDrive\Escritorio\Microcontroladores\Proyectos\88D2\88D2.asm
                     FR31   0x000558    program     static C:\Users\Jorge\OneDrive\Escritorio\Microcontroladores\Proyectos\88D2\88D2.asm
                     FR32   0x000585    program     static C:\Users\Jorge\OneDrive\Escritorio\Microcontroladores\Proyectos\88D2\88D2.asm
                     FR33   0x0005b2    program     static C:\Users\Jorge\OneDrive\Escritorio\Microcontroladores\Proyectos\88D2\88D2.asm
                     FR34   0x0005df    program     static C:\Users\Jorge\OneDrive\Escritorio\Microcontroladores\Proyectos\88D2\88D2.asm
                     FR35   0x00060c    program     static C:\Users\Jorge\OneDrive\Escritorio\Microcontroladores\Proyectos\88D2\88D2.asm
                     FR36   0x000639    program     static C:\Users\Jorge\OneDrive\Escritorio\Microcontroladores\Proyectos\88D2\88D2.asm
                     FR37   0x000666    program     static C:\Users\Jorge\OneDrive\Escritorio\Microcontroladores\Proyectos\88D2\88D2.asm
                     FR38   0x000693    program     static C:\Users\Jorge\OneDrive\Escritorio\Microcontroladores\Proyectos\88D2\88D2.asm
                     FR39   0x0006c0    program     static C:\Users\Jorge\OneDrive\Escritorio\Microcontroladores\Proyectos\88D2\88D2.asm
                     FR40   0x0006ed    program     static C:\Users\Jorge\OneDrive\Escritorio\Microcontroladores\Proyectos\88D2\88D2.asm
                      RET   0x00071b    program     static C:\Users\Jorge\OneDrive\Escritorio\Microcontroladores\Proyectos\88D2\88D2.asm
                   ET0IFX   0x00071d    program     static C:\Users\Jorge\OneDrive\Escritorio\Microcontroladores\Proyectos\88D2\88D2.asm


