MPLINK 4.49, Linker
Linker Map File - Created Tue Mar 01 19:38:16 2022

                                 Section Info
                  Section       Type    Address   Location Size(Bytes)
                ---------  ---------  ---------  ---------  ---------
                   .org_0       code   0x000000    program   0x000000
                   .org_1       code   0x000000    program   0x000088
       .config_2007_TMR.O       code   0x002007    program   0x000002
       .config_2008_TMR.O       code   0x002008    program   0x000002



                              Program Memory Usage 
                               Start         End      
                           ---------   ---------      
                            0x000000    0x000043      
                            0x002007    0x002008      
            70 out of 8455 program addresses used, program memory utilization is 0%



                              Symbols - Sorted by Name
                     Name    Address   Location    Storage File                     
                ---------  ---------  ---------  --------- ---------                
                     C_IR   0x00003e    program     static C:\Users\Jorge\OneDrive\Escritorio\Microcontroladores\TMR\TMR.asm
                      C_P   0x000011    program     static C:\Users\Jorge\OneDrive\Escritorio\Microcontroladores\TMR\TMR.asm
                     EB6X   0x00003f    program     static C:\Users\Jorge\OneDrive\Escritorio\Microcontroladores\TMR\TMR.asm
                    RET_D   0x00003c    program     static C:\Users\Jorge\OneDrive\Escritorio\Microcontroladores\TMR\TMR.asm



                              Symbols - Sorted by Address
                     Name    Address   Location    Storage File                     
                ---------  ---------  ---------  --------- ---------                
                      C_P   0x000011    program     static C:\Users\Jorge\OneDrive\Escritorio\Microcontroladores\TMR\TMR.asm
                    RET_D   0x00003c    program     static C:\Users\Jorge\OneDrive\Escritorio\Microcontroladores\TMR\TMR.asm
                     C_IR   0x00003e    program     static C:\Users\Jorge\OneDrive\Escritorio\Microcontroladores\TMR\TMR.asm
                     EB6X   0x00003f    program     static C:\Users\Jorge\OneDrive\Escritorio\Microcontroladores\TMR\TMR.asm


