MPLINK 4.49, Linker
Linker Map File - Created Thu Mar 17 13:28:04 2022

                                 Section Info
                  Section       Type    Address   Location Size(Bytes)
                ---------  ---------  ---------  ---------  ---------
                   .org_0       code   0x000000    program   0x000000
                   .org_1       code   0x000000    program   0x0000f8
      .config_2007_ADC3.O       code   0x002007    program   0x000002
      .config_2008_ADC3.O       code   0x002008    program   0x000002



                              Program Memory Usage 
                               Start         End      
                           ---------   ---------      
                            0x000000    0x00007b      
                            0x002007    0x002008      
            126 out of 8455 program addresses used, program memory utilization is 1%



                              Symbols - Sorted by Name
                     Name    Address   Location    Storage File                     
                ---------  ---------  ---------  --------- ---------                
                     CERO   0x000038    program     static C:\Users\Jorge\OneDrive\Escritorio\Microcontroladores\Proyectos\ADC3\ADC3.asm
                    CERO2   0x000048    program     static C:\Users\Jorge\OneDrive\Escritorio\Microcontroladores\Proyectos\ADC3\ADC3.asm
                      C_P   0x00001f    program     static C:\Users\Jorge\OneDrive\Escritorio\Microcontroladores\Proyectos\ADC3\ADC3.asm
                       DM   0x000043    program     static C:\Users\Jorge\OneDrive\Escritorio\Microcontroladores\Proyectos\ADC3\ADC3.asm
                      DMM   0x00004b    program     static C:\Users\Jorge\OneDrive\Escritorio\Microcontroladores\Proyectos\ADC3\ADC3.asm
                      EAD   0x000026    program     static C:\Users\Jorge\OneDrive\Escritorio\Microcontroladores\Proyectos\ADC3\ADC3.asm
                    ET0IF   0x000078    program     static C:\Users\Jorge\OneDrive\Escritorio\Microcontroladores\Proyectos\ADC3\ADC3.asm
          MUESTRA_DISPLAY   0x000050    program     static C:\Users\Jorge\OneDrive\Escritorio\Microcontroladores\Proyectos\ADC3\ADC3.asm
                      OPE   0x00002b    program     static C:\Users\Jorge\OneDrive\Escritorio\Microcontroladores\Proyectos\ADC3\ADC3.asm
                      RET   0x000076    program     static C:\Users\Jorge\OneDrive\Escritorio\Microcontroladores\Proyectos\ADC3\ADC3.asm
                      T7S   0x00006b    program     static C:\Users\Jorge\OneDrive\Escritorio\Microcontroladores\Proyectos\ADC3\ADC3.asm
                       UM   0x00004e    program     static C:\Users\Jorge\OneDrive\Escritorio\Microcontroladores\Proyectos\ADC3\ADC3.asm
                       XM   0x000033    program     static C:\Users\Jorge\OneDrive\Escritorio\Microcontroladores\Proyectos\ADC3\ADC3.asm
                      XMM   0x00003b    program     static C:\Users\Jorge\OneDrive\Escritorio\Microcontroladores\Proyectos\ADC3\ADC3.asm



                              Symbols - Sorted by Address
                     Name    Address   Location    Storage File                     
                ---------  ---------  ---------  --------- ---------                
                      C_P   0x00001f    program     static C:\Users\Jorge\OneDrive\Escritorio\Microcontroladores\Proyectos\ADC3\ADC3.asm
                      EAD   0x000026    program     static C:\Users\Jorge\OneDrive\Escritorio\Microcontroladores\Proyectos\ADC3\ADC3.asm
                      OPE   0x00002b    program     static C:\Users\Jorge\OneDrive\Escritorio\Microcontroladores\Proyectos\ADC3\ADC3.asm
                       XM   0x000033    program     static C:\Users\Jorge\OneDrive\Escritorio\Microcontroladores\Proyectos\ADC3\ADC3.asm
                     CERO   0x000038    program     static C:\Users\Jorge\OneDrive\Escritorio\Microcontroladores\Proyectos\ADC3\ADC3.asm
                      XMM   0x00003b    program     static C:\Users\Jorge\OneDrive\Escritorio\Microcontroladores\Proyectos\ADC3\ADC3.asm
                       DM   0x000043    program     static C:\Users\Jorge\OneDrive\Escritorio\Microcontroladores\Proyectos\ADC3\ADC3.asm
                    CERO2   0x000048    program     static C:\Users\Jorge\OneDrive\Escritorio\Microcontroladores\Proyectos\ADC3\ADC3.asm
                      DMM   0x00004b    program     static C:\Users\Jorge\OneDrive\Escritorio\Microcontroladores\Proyectos\ADC3\ADC3.asm
                       UM   0x00004e    program     static C:\Users\Jorge\OneDrive\Escritorio\Microcontroladores\Proyectos\ADC3\ADC3.asm
          MUESTRA_DISPLAY   0x000050    program     static C:\Users\Jorge\OneDrive\Escritorio\Microcontroladores\Proyectos\ADC3\ADC3.asm
                      T7S   0x00006b    program     static C:\Users\Jorge\OneDrive\Escritorio\Microcontroladores\Proyectos\ADC3\ADC3.asm
                      RET   0x000076    program     static C:\Users\Jorge\OneDrive\Escritorio\Microcontroladores\Proyectos\ADC3\ADC3.asm
                    ET0IF   0x000078    program     static C:\Users\Jorge\OneDrive\Escritorio\Microcontroladores\Proyectos\ADC3\ADC3.asm


