HI-TECH Software C Compiler 

Linker command line:

--edf=C:\Program Files (x86)\HI-TECH Software\PICC\9.82\dat\en_msgs.txt -cs \
  -h+USART2.sym -z -Q16F887 -ol.obj -MUSART2.map -E1 -ACONST=00h-0FFhx32 \
  -ACODE=00h-07FFhx4 -ASTRCODE=00h-01FFFh -AENTRY=00h-0FFhx32 \
  -ASTRING=00h-0FFhx32 -ABANK0=020h-06Fh -ABANK1=0A0h-0EFh \
  -ABANK2=0110h-016Fh -ABANK3=0190h-01EFh \
  -ARAM=020h-06Fh,0A0h-0EFh,0110h-016Fh,0190h-01EFh \
  -AABS1=020h-07Fh,0A0h-0EFh,0110h-016Fh,0190h-01EFh -ACOMMON=070h-07Fh \
  -ASFR0=00h-01Fh -ASFR1=080h-09Fh -ASFR2=0100h-010Fh -ASFR3=0180h-018Fh \
  -preset_vec=00h,intentry,init,end_init -ppowerup=CODE -pfunctab=CODE \
  -ACONFIG=02007h-02008h -pconfig=CONFIG -DCONFIG=2 -AIDLOC=02000h-02003h \
  -pidloc=IDLOC -DIDLOC=2 -AEEDATA=00h-0FFh/02100h -peeprom_data=EEDATA \
  -DEEDATA=2 -DCODE=2 -DSTRCODE=2 -DSTRING=2 -DCONST=2 -DENTRY=2 -k \
  startup.obj USART2.obj 

Object code version is 3.10

Machine type is 16F887



                Name                               Link     Load   Length Selector   Space Scale
startup.obj     end_init                              0        0        3        0       0
USART2.obj      config                             2007     2007        2     400E       0
                text152                             66F      66F        6      CDE       0
                text151                             675      675        F      CEA       0
                text148                             684      684       3C      D08       0
                text143                             6C0      6C0       9C      D80       0
                maintext                            75C      75C       A4      EB8       0
                cstackCOMMON                         70       70        8       70       1
                cinit                               66B      66B        4      CD6       0
                strings                               3        3       29        6       0

TOTAL           Name                               Link     Load   Length     Space
        CLASS   CONST          

        CLASS   CODE           
                end_init                              0        0        3         0
                text152                             66F      66F        6         0
                text151                             675      675        F         0
                text148                             684      684       3C         0
                text143                             6C0      6C0       9C         0
                maintext                            75C      75C       A4         0
                cinit                               66B      66B        4         0

        CLASS   STRCODE        

        CLASS   ENTRY          

        CLASS   STRING         
                strings                               3        3       29         0

        CLASS   BANK0          

        CLASS   BANK1          

        CLASS   BANK2          

        CLASS   BANK3          

        CLASS   RAM            

        CLASS   ABS1           
                abs_s1                               7E       7E        2         1

        CLASS   COMMON         
                cstackCOMMON                         70       70        8         1

        CLASS   SFR0           

        CLASS   SFR1           

        CLASS   SFR2           

        CLASS   SFR3           

        CLASS   CONFIG         
                config                             2007     2007        2         0

        CLASS   IDLOC          

        CLASS   EEDATA         



SEGMENTS        Name                           Load    Length   Top    Selector   Space  Class     Delta

                reset_vec                      000000  000003  000003         0       0  CODE        2
                strings                        000003  000029  00002C         6       0  STRING      2
                cstackCOMMON                   000070  000008  000078        70       1  COMMON      1
                cinit                          00066B  000004  00066F       CD6       0  CODE        2
                text152                        00066F  000006  000675       CDE       0  CODE        2
                text151                        000675  00000F  000684       CEA       0  CODE        2
                text148                        000684  00003C  0006C0       D08       0  CODE        2
                text143                        0006C0  00009C  00075C       D80       0  CODE        2
                maintext                       00075C  0000A4  000800       EB8       0  CODE        2
                config                         002007  000002  002009      400E       0  CONFIG      2


UNUSED ADDRESS RANGES

        Name                Unused          Largest block    Delta
        BANK0            0020-006F             50           1
        BANK1            00A0-00EF             50           1
        BANK2            0110-016F             60           1
        BANK3            0190-01EF             60           1
        CODE             002C-066A            63F           2
                         0800-1FFF            800
        COMMON           0078-007D              6           1
        CONST            002C-066A            100           2
                         0800-1FFF            100
        EEDATA           2100-21FF            100           2
        ENTRY            002C-066A            100           2
                         0800-1FFF            100
        IDLOC            2000-2003              4           2
        RAM              0020-006F             50           1
                         00A0-00EF             50
                         0110-016F             60
                         0190-01EF             60
        SFR0             0000-001F             20           1
        SFR1             0080-009F             20           1
        SFR2             0100-010F             10           1
        SFR3             0180-018F             10           1
        STRCODE          002C-066A            63F           2
                         0800-1FFF           1800
        STRING           002C-066A            100           2
                         0800-1FFF            100

                                  Symbol Table

??_getch              cstackCOMMON 0070
??_init_comms         cstackCOMMON 0070
??_lcd_clear          cstackCOMMON 0075
??_lcd_goto           cstackCOMMON 0075
??_lcd_init           cstackCOMMON 0075
??_lcd_putch          cstackCOMMON 0075
??_lcd_puts           cstackCOMMON 0075
??_lcd_write          cstackCOMMON 0074
??_main               cstackCOMMON 0076
??_msecbase           cstackCOMMON 0070
??_pause              cstackCOMMON 0072
??_printf             cstackCOMMON 0073
??_putch              cstackCOMMON 0070
?_getch               cstackCOMMON 0070
?_init_comms          cstackCOMMON 0070
?_lcd_clear           cstackCOMMON 0070
?_lcd_goto            cstackCOMMON 0070
?_lcd_init            cstackCOMMON 0070
?_lcd_putch           cstackCOMMON 0070
?_lcd_puts            cstackCOMMON 0070
?_lcd_write           cstackCOMMON 0070
?_main                cstackCOMMON 0070
?_msecbase            cstackCOMMON 0070
?_pause               cstackCOMMON 0070
?_printf              cstackCOMMON 0071
?_putch               cstackCOMMON 0070
_ADCON1               (abs)        009F
_ANSEL                (abs)        0188
_ANSELH               (abs)        0189
_BAUDCTL              (abs)        0187
_OPTION_REG           (abs)        0081
_PORTA                (abs)        0005
_PORTD                (abs)        0008
_RC0                  (abs)        0038
_RC3                  (abs)        003B
_RC4                  (abs)        003C
_RCIF                 (abs)        0065
_RCREG                (abs)        001A
_RCSTA                (abs)        0018
_SPBRG                (abs)        0099
_T0IF                 (abs)        005A
_TMR0                 (abs)        0001
_TRISA                (abs)        0085
_TRISB                (abs)        0086
_TRISC                (abs)        0087
_TRISC6               (abs)        043E
_TRISC7               (abs)        043F
_TRISD                (abs)        0088
_TRISE                (abs)        0089
_TXIF                 (abs)        0064
_TXREG                (abs)        0019
_TXSTA                (abs)        0098
__Habs1               abs1         0000
__Hbank0              bank0        0000
__Hbank1              bank1        0000
__Hbank2              bank2        0000
__Hbank3              bank3        0000
__Hcinit              cinit        0000
__Hclrtext            clrtext      0000
__Hcode               code         0000
__Hcommon             common       0000
__Hconfig             config       2009
__HcstackCOMMON       cstackCOMMON 0000
__Heeprom_data        eeprom_data  0000
__Hend_init           end_init     0003
__Hfunctab            functab      0000
__Hidloc              idloc        0000
__Hinit               init         0000
__Hintentry           intentry     0000
__Hmaintext           maintext     0000
__Hpa_nodes           pa_nodes     0000
__Hpowerup            powerup      0000
__Hram                ram          0000
__Hreset_vec          reset_vec    0000
__Hsfr0               sfr0         0000
__Hsfr1               sfr1         0000
__Hsfr2               sfr2         0000
__Hsfr3               sfr3         0000
__Hstrings            strings      0000
__Htext               text         0000
__Labs1               abs1         0000
__Lbank0              bank0        0000
__Lbank1              bank1        0000
__Lbank2              bank2        0000
__Lbank3              bank3        0000
__Lcinit              cinit        0000
__Lclrtext            clrtext      0000
__Lcode               code         0000
__Lcommon             common       0000
__Lconfig             config       2007
__LcstackCOMMON       cstackCOMMON 0000
__Leeprom_data        eeprom_data  0000
__Lend_init           end_init     0000
__Lfunctab            functab      0000
__Lidloc              idloc        0000
__Linit               init         0000
__Lintentry           intentry     0000
__Lmaintext           maintext     0000
__Lpa_nodes           pa_nodes     0000
__Lpowerup            powerup      0000
__Lram                ram          0000
__Lreset_vec          reset_vec    0000
__Lsfr0               sfr0         0000
__Lsfr1               sfr1         0000
__Lsfr2               sfr2         0000
__Lsfr3               sfr3         0000
__Lstrings            strings      0000
__Ltext               text         0000
__S0                  (abs)        2009
__S1                  (abs)        0078
__S2                  (abs)        0000
__end_of_getch        text152      0675
__end_of_init_comms   text151      0684
__end_of_lcd_clear    text143      0751
__end_of_lcd_goto     text143      06C9
__end_of_lcd_init     text143      0717
__end_of_lcd_putch    text143      06C3
__end_of_lcd_puts     text143      06E1
__end_of_lcd_write    text143      073B
__end_of_main         maintext     0800
__end_of_msecbase     text143      0748
__end_of_pause        text143      0728
__end_of_printf       text148      06B8
__end_of_putch        text148      06C0
__pcstackCOMMON       cstackCOMMON 0070
__pmaintext           maintext     075C
__pstrings            strings      0003
__ptext141            text141      0000
__ptext142            text143      06E1
__ptext143            text143      06C0
__ptext144            text143      06C9
__ptext145            text143      06C3
__ptext146            text143      0748
__ptext147            text143      0728
__ptext148            text148      0684
__ptext149            text143      0717
__ptext150            text143      073B
__ptext151            text151      0675
__ptext152            text152      066F
__ptext153            text148      06B8
__ptext154            text154      0000
__size_of_getch       (abs)        0000
__size_of_init_comms  (abs)        0000
__size_of_lcd_clear   (abs)        0000
__size_of_lcd_goto    (abs)        0000
__size_of_lcd_init    (abs)        0000
__size_of_lcd_putch   (abs)        0000
__size_of_lcd_puts    (abs)        0000
__size_of_lcd_write   (abs)        0000
__size_of_main        (abs)        0000
__size_of_msecbase    (abs)        0000
__size_of_pause       (abs)        0000
__size_of_printf      (abs)        0000
__size_of_putch       (abs)        0000
_exit                 init         0000
_getch                text152      066F
_init_comms           text151      0675
_lcd_clear            text143      0748
_lcd_goto             text143      06C3
_lcd_init             text143      06E1
_lcd_putch            text143      06C0
_lcd_puts             text143      06C9
_lcd_write            text143      0728
_main                 maintext     075C
_msecbase             text143      073B
_pause                text143      0717
_printf               text148      0684
_putch                text148      06B8
btemp                 (abs)        007E
end_of_initialization cinit        066B
intlevel0             functab      0000
intlevel1             functab      0000
intlevel2             functab      0000
intlevel3             functab      0000
intlevel4             functab      0000
intlevel5             functab      0000
l1048                                  
l1054                                  
l1057                                  
l1075                                  
l1078                                  
l1084                                  
l1087                                  
l1090                                  
l1093                                  
l1099                                  
l1105                                  
l2477                                  
l2481                                  
l2487                                  
l2489                                  
l2491                                  
l2493                                  
l2499                                  
l2503                                  
l2511                                  
l2521                                  
l2523                                  
l2525                                  
l2527                                  
l2529                                  
l2531                                  
l2533                                  
l2535                                  
l2537                                  
l2539                                  
l2541                                  
l2543                                  
l2547                                  
l2551                                  
l2553                                  
l2555                                  
l2557                                  
l2559                                  
l2561                                  
l2563                                  
l2565                                  
l2567                                  
l2569                                  
l2571                                  
l2573                                  
l2575                                  
l2577                                  
l2579                                  
l2581                                  
l2583                                  
l2585                                  
l2587                                  
l2589                                  
l2591                                  
l2593                                  
l2595                                  
l2597                                  
l2599                                  
l2601                                  
l2603                                  
l2605                                  
l2607                                  
l2609                                  
l2617                                  
l2619                                  
l2623                                  
l2631                                  
l2633                                  
l2637                                  
l2645                                  
l2647                                  
l2651                                  
l2653                                  
l2655                                  
l2657                                  
l2659                                  
l2661                                  
lcd_goto@pos          cstackCOMMON 0075
lcd_putch@c           cstackCOMMON 0075
lcd_puts@s            cstackCOMMON 0075
lcd_write@c           cstackCOMMON 0074
main@count            cstackCOMMON 0077
main@input            cstackCOMMON 0076
pause@usvalue         cstackCOMMON 0070
pause@x               cstackCOMMON 0072
printf@ap             cstackCOMMON 0073
printf@c              cstackCOMMON 0075
printf@f              cstackCOMMON 0074
putch@byte            cstackCOMMON 0070
reset_vec             reset_vec    0000
start                 init         0000
start_initialization  cinit        066B
wtemp0                (abs)        007E
