MPLINK 4.49, Linker
Linker Map File - Created Sun Mar 27 19:47:11 2022

                                 Section Info
                  Section       Type    Address   Location Size(Bytes)
                ---------  ---------  ---------  ---------  ---------
                   .org_0       code   0x000000    program   0x000000
                   .org_1       code   0x000000    program   0x000080
       .config_2007_PWM.O       code   0x002007    program   0x000002
       .config_2008_PWM.O       code   0x002008    program   0x000002



                              Program Memory Usage 
                               Start         End      
                           ---------   ---------      
                            0x000000    0x00003f      
                            0x002007    0x002008      
            66 out of 8455 program addresses used, program memory utilization is 0%



                              Symbols - Sorted by Name
                     Name    Address   Location    Storage File                     
                ---------  ---------  ---------  --------- ---------                
                      C_P   0x00001f    program     static C:\Users\Jorge\OneDrive\Escritorio\Microcontroladores\Proyectos\PWM\PWM.asm
                     E_C5   0x000022    program     static C:\Users\Jorge\OneDrive\Escritorio\Microcontroladores\Proyectos\PWM\PWM.asm
                     E_C6   0x00002c    program     static C:\Users\Jorge\OneDrive\Escritorio\Microcontroladores\Proyectos\PWM\PWM.asm
                     E_IP   0x00001d    program     static C:\Users\Jorge\OneDrive\Escritorio\Microcontroladores\Proyectos\PWM\PWM.asm
                     R_AL   0x000034    program     static C:\Users\Jorge\OneDrive\Escritorio\Microcontroladores\Proyectos\PWM\PWM.asm



                              Symbols - Sorted by Address
                     Name    Address   Location    Storage File                     
                ---------  ---------  ---------  --------- ---------                
                     E_IP   0x00001d    program     static C:\Users\Jorge\OneDrive\Escritorio\Microcontroladores\Proyectos\PWM\PWM.asm
                      C_P   0x00001f    program     static C:\Users\Jorge\OneDrive\Escritorio\Microcontroladores\Proyectos\PWM\PWM.asm
                     E_C5   0x000022    program     static C:\Users\Jorge\OneDrive\Escritorio\Microcontroladores\Proyectos\PWM\PWM.asm
                     E_C6   0x00002c    program     static C:\Users\Jorge\OneDrive\Escritorio\Microcontroladores\Proyectos\PWM\PWM.asm
                     R_AL   0x000034    program     static C:\Users\Jorge\OneDrive\Escritorio\Microcontroladores\Proyectos\PWM\PWM.asm


