MPLINK 4.49, Linker
Linker Map File - Created Tue Mar 22 13:59:52 2022

                                 Section Info
                  Section       Type    Address   Location Size(Bytes)
                ---------  ---------  ---------  ---------  ---------
                   .org_0       code   0x000000    program   0x000000
                   .org_1       code   0x000000    program   0x000106
    .config_2007_88D4_5.O       code   0x002007    program   0x000002
    .config_2008_88D4_5.O       code   0x002008    program   0x000002



                              Program Memory Usage 
                               Start         End      
                           ---------   ---------      
                            0x000000    0x000082      
                            0x002007    0x002008      
            133 out of 8455 program addresses used, program memory utilization is 1%



                              Symbols - Sorted by Name
                     Name    Address   Location    Storage File                     
                ---------  ---------  ---------  --------- ---------                
                      C_P   0x000028    program     static C:\Users\Jorge\OneDrive\Escritorio\Microcontroladores\Proyectos\88D4_5\88D4_5.asm
                    E_T0X   0x00007f    program     static C:\Users\Jorge\OneDrive\Escritorio\Microcontroladores\Proyectos\88D4_5\88D4_5.asm
                      RDX   0x000024    program     static C:\Users\Jorge\OneDrive\Escritorio\Microcontroladores\Proyectos\88D4_5\88D4_5.asm
                      RET   0x00007d    program     static C:\Users\Jorge\OneDrive\Escritorio\Microcontroladores\Proyectos\88D4_5\88D4_5.asm
                      RIX   0x000022    program     static C:\Users\Jorge\OneDrive\Escritorio\Microcontroladores\Proyectos\88D4_5\88D4_5.asm
                      RNX   0x000026    program     static C:\Users\Jorge\OneDrive\Escritorio\Microcontroladores\Proyectos\88D4_5\88D4_5.asm
                      TM8   0x000067    program     static C:\Users\Jorge\OneDrive\Escritorio\Microcontroladores\Proyectos\88D4_5\88D4_5.asm



                              Symbols - Sorted by Address
                     Name    Address   Location    Storage File                     
                ---------  ---------  ---------  --------- ---------                
                      RIX   0x000022    program     static C:\Users\Jorge\OneDrive\Escritorio\Microcontroladores\Proyectos\88D4_5\88D4_5.asm
                      RDX   0x000024    program     static C:\Users\Jorge\OneDrive\Escritorio\Microcontroladores\Proyectos\88D4_5\88D4_5.asm
                      RNX   0x000026    program     static C:\Users\Jorge\OneDrive\Escritorio\Microcontroladores\Proyectos\88D4_5\88D4_5.asm
                      C_P   0x000028    program     static C:\Users\Jorge\OneDrive\Escritorio\Microcontroladores\Proyectos\88D4_5\88D4_5.asm
                      TM8   0x000067    program     static C:\Users\Jorge\OneDrive\Escritorio\Microcontroladores\Proyectos\88D4_5\88D4_5.asm
                      RET   0x00007d    program     static C:\Users\Jorge\OneDrive\Escritorio\Microcontroladores\Proyectos\88D4_5\88D4_5.asm
                    E_T0X   0x00007f    program     static C:\Users\Jorge\OneDrive\Escritorio\Microcontroladores\Proyectos\88D4_5\88D4_5.asm


