MPLINK 4.49, Linker
Linker Map File - Created Thu Nov 03 19:43:18 2022

                                 Section Info
                  Section       Type    Address   Location Size(Bytes)
                ---------  ---------  ---------  ---------  ---------
                   .org_0       code   0x000000    program   0x000036
                   .cinit    romdata   0x00001b    program   0x000004
     .config_2007_PRAC1.O       code   0x002007    program   0x000002
     .config_2008_PRAC1.O       code   0x002008    program   0x000002



                              Program Memory Usage 
                               Start         End      
                           ---------   ---------      
                            0x000000    0x00001c      
                            0x002007    0x002008      
            31 out of 8455 program addresses used, program memory utilization is 0%



                              Symbols - Sorted by Name
                     Name    Address   Location    Storage File                     
                ---------  ---------  ---------  --------- ---------                
                   INICIO   0x000011    program     static C:\Users\Varush\Documents\Microcontroladores\P1\prac1.asm
                      RET   0x000015    program     static C:\Users\Varush\Documents\Microcontroladores\P1\prac1.asm
             _.org_0_0018   0x000018    program     static C:\Users\Varush\Documents\Microcontroladores\P1\prac1.asm



                              Symbols - Sorted by Address
                     Name    Address   Location    Storage File                     
                ---------  ---------  ---------  --------- ---------                
                   INICIO   0x000011    program     static C:\Users\Varush\Documents\Microcontroladores\P1\prac1.asm
                      RET   0x000015    program     static C:\Users\Varush\Documents\Microcontroladores\P1\prac1.asm
             _.org_0_0018   0x000018    program     static C:\Users\Varush\Documents\Microcontroladores\P1\prac1.asm


