MPLINK 4.49, Linker
Linker Map File - Created Mon Oct 17 18:16:58 2022

                                 Section Info
                  Section       Type    Address   Location Size(Bytes)
                ---------  ---------  ---------  ---------  ---------
                   .org_0       code   0x000000    program   0x0001f2
                   .cinit    romdata   0x0000f9    program   0x000004
    .config_2007_CARITA.O       code   0x002007    program   0x000002
    .config_2008_CARITA.O       code   0x002008    program   0x000002



                              Program Memory Usage 
                               Start         End      
                           ---------   ---------      
                            0x000000    0x0000fa      
                            0x002007    0x002008      
            253 out of 8455 program addresses used, program memory utilization is 2%



                              Symbols - Sorted by Name
                     Name    Address   Location    Storage File                     
                ---------  ---------  ---------  --------- ---------                
                       B3   0x000031    program     static C:\Users\Varush\Documents\Microcontroladores\P1\carita.asm
                       B4   0x00004e    program     static C:\Users\Varush\Documents\Microcontroladores\P1\carita.asm
                       B5   0x00006b    program     static C:\Users\Varush\Documents\Microcontroladores\P1\carita.asm
                       B6   0x000088    program     static C:\Users\Varush\Documents\Microcontroladores\P1\carita.asm
                     CARF   0x0000a5    program     static C:\Users\Varush\Documents\Microcontroladores\P1\carita.asm
                     CART   0x0000c7    program     static C:\Users\Varush\Documents\Microcontroladores\P1\carita.asm
                       CO   0x000015    program     static C:\Users\Varush\Documents\Microcontroladores\P1\carita.asm
                      C_P   0x000015    program     static C:\Users\Varush\Documents\Microcontroladores\P1\carita.asm
                      DOS   0x0000ee    program     static C:\Users\Varush\Documents\Microcontroladores\P1\carita.asm
                       FE   0x000023    program     static C:\Users\Varush\Documents\Microcontroladores\P1\carita.asm
                      RET   0x0000ea    program     static C:\Users\Varush\Documents\Microcontroladores\P1\carita.asm
                     TRES   0x0000ec    program     static C:\Users\Varush\Documents\Microcontroladores\P1\carita.asm
                      UNO   0x0000f0    program     static C:\Users\Varush\Documents\Microcontroladores\P1\carita.asm



                              Symbols - Sorted by Address
                     Name    Address   Location    Storage File                     
                ---------  ---------  ---------  --------- ---------                
                       CO   0x000015    program     static C:\Users\Varush\Documents\Microcontroladores\P1\carita.asm
                      C_P   0x000015    program     static C:\Users\Varush\Documents\Microcontroladores\P1\carita.asm
                       FE   0x000023    program     static C:\Users\Varush\Documents\Microcontroladores\P1\carita.asm
                       B3   0x000031    program     static C:\Users\Varush\Documents\Microcontroladores\P1\carita.asm
                       B4   0x00004e    program     static C:\Users\Varush\Documents\Microcontroladores\P1\carita.asm
                       B5   0x00006b    program     static C:\Users\Varush\Documents\Microcontroladores\P1\carita.asm
                       B6   0x000088    program     static C:\Users\Varush\Documents\Microcontroladores\P1\carita.asm
                     CARF   0x0000a5    program     static C:\Users\Varush\Documents\Microcontroladores\P1\carita.asm
                     CART   0x0000c7    program     static C:\Users\Varush\Documents\Microcontroladores\P1\carita.asm
                      RET   0x0000ea    program     static C:\Users\Varush\Documents\Microcontroladores\P1\carita.asm
                     TRES   0x0000ec    program     static C:\Users\Varush\Documents\Microcontroladores\P1\carita.asm
                      DOS   0x0000ee    program     static C:\Users\Varush\Documents\Microcontroladores\P1\carita.asm
                      UNO   0x0000f0    program     static C:\Users\Varush\Documents\Microcontroladores\P1\carita.asm


