MPLINK 4.49, Linker
Linker Map File - Created Mon Mar 21 19:56:43 2022

                                 Section Info
                  Section       Type    Address   Location Size(Bytes)
                ---------  ---------  ---------  ---------  ---------
                   .org_0       code   0x000000    program   0x000000
                   .org_1       code   0x000000    program   0x00023e
      .config_2007_88D3.O       code   0x002007    program   0x000002
      .config_2008_88D3.O       code   0x002008    program   0x000002



                              Program Memory Usage 
                               Start         End      
                           ---------   ---------      
                            0x000000    0x00011e      
                            0x002007    0x002008      
            289 out of 8455 program addresses used, program memory utilization is 3%



                              Symbols - Sorted by Name
                     Name    Address   Location    Storage File                     
                ---------  ---------  ---------  --------- ---------                
                      C_P   0x00000f    program     static C:\Users\Jorge\OneDrive\Escritorio\Microcontroladores\Proyectos\88D3\88D3.asm
                   ET0IFX   0x00011b    program     static C:\Users\Jorge\OneDrive\Escritorio\Microcontroladores\Proyectos\88D3\88D3.asm
                      FR1   0x000012    program     static C:\Users\Jorge\OneDrive\Escritorio\Microcontroladores\Proyectos\88D3\88D3.asm
                      FR2   0x00003e    program     static C:\Users\Jorge\OneDrive\Escritorio\Microcontroladores\Proyectos\88D3\88D3.asm
                      FR3   0x00006a    program     static C:\Users\Jorge\OneDrive\Escritorio\Microcontroladores\Proyectos\88D3\88D3.asm
                      FR4   0x000096    program     static C:\Users\Jorge\OneDrive\Escritorio\Microcontroladores\Proyectos\88D3\88D3.asm
                      FR5   0x0000c2    program     static C:\Users\Jorge\OneDrive\Escritorio\Microcontroladores\Proyectos\88D3\88D3.asm
                      FR6   0x0000ee    program     static C:\Users\Jorge\OneDrive\Escritorio\Microcontroladores\Proyectos\88D3\88D3.asm
                      RET   0x000119    program     static C:\Users\Jorge\OneDrive\Escritorio\Microcontroladores\Proyectos\88D3\88D3.asm



                              Symbols - Sorted by Address
                     Name    Address   Location    Storage File                     
                ---------  ---------  ---------  --------- ---------                
                      C_P   0x00000f    program     static C:\Users\Jorge\OneDrive\Escritorio\Microcontroladores\Proyectos\88D3\88D3.asm
                      FR1   0x000012    program     static C:\Users\Jorge\OneDrive\Escritorio\Microcontroladores\Proyectos\88D3\88D3.asm
                      FR2   0x00003e    program     static C:\Users\Jorge\OneDrive\Escritorio\Microcontroladores\Proyectos\88D3\88D3.asm
                      FR3   0x00006a    program     static C:\Users\Jorge\OneDrive\Escritorio\Microcontroladores\Proyectos\88D3\88D3.asm
                      FR4   0x000096    program     static C:\Users\Jorge\OneDrive\Escritorio\Microcontroladores\Proyectos\88D3\88D3.asm
                      FR5   0x0000c2    program     static C:\Users\Jorge\OneDrive\Escritorio\Microcontroladores\Proyectos\88D3\88D3.asm
                      FR6   0x0000ee    program     static C:\Users\Jorge\OneDrive\Escritorio\Microcontroladores\Proyectos\88D3\88D3.asm
                      RET   0x000119    program     static C:\Users\Jorge\OneDrive\Escritorio\Microcontroladores\Proyectos\88D3\88D3.asm
                   ET0IFX   0x00011b    program     static C:\Users\Jorge\OneDrive\Escritorio\Microcontroladores\Proyectos\88D3\88D3.asm


