MPLINK 4.49, Linker
Linker Map File - Created Mon Mar 21 20:50:10 2022

                                 Section Info
                  Section       Type    Address   Location Size(Bytes)
                ---------  ---------  ---------  ---------  ---------
                   .org_0       code   0x000000    program   0x000000
                   .org_1       code   0x000000    program   0x0000aa
      .config_2007_88D5.O       code   0x002007    program   0x000002
      .config_2008_88D5.O       code   0x002008    program   0x000002



                              Program Memory Usage 
                               Start         End      
                           ---------   ---------      
                            0x000000    0x000054      
                            0x002007    0x002008      
            87 out of 8455 program addresses used, program memory utilization is 1%



                              Symbols - Sorted by Name
                     Name    Address   Location    Storage File                     
                ---------  ---------  ---------  --------- ---------                
                       CO   0x000015    program     static C:\Users\Jorge\OneDrive\Escritorio\Microcontroladores\Proyectos\88D5\88D5.asm
                      C_P   0x000015    program     static C:\Users\Jorge\OneDrive\Escritorio\Microcontroladores\Proyectos\88D5\88D5.asm
                      DOS   0x00004a    program     static C:\Users\Jorge\OneDrive\Escritorio\Microcontroladores\Proyectos\88D5\88D5.asm
                       FE   0x000032    program     static C:\Users\Jorge\OneDrive\Escritorio\Microcontroladores\Proyectos\88D5\88D5.asm
                      RET   0x000046    program     static C:\Users\Jorge\OneDrive\Escritorio\Microcontroladores\Proyectos\88D5\88D5.asm
                     TRES   0x000048    program     static C:\Users\Jorge\OneDrive\Escritorio\Microcontroladores\Proyectos\88D5\88D5.asm
                      UNO   0x00004c    program     static C:\Users\Jorge\OneDrive\Escritorio\Microcontroladores\Proyectos\88D5\88D5.asm



                              Symbols - Sorted by Address
                     Name    Address   Location    Storage File                     
                ---------  ---------  ---------  --------- ---------                
                       CO   0x000015    program     static C:\Users\Jorge\OneDrive\Escritorio\Microcontroladores\Proyectos\88D5\88D5.asm
                      C_P   0x000015    program     static C:\Users\Jorge\OneDrive\Escritorio\Microcontroladores\Proyectos\88D5\88D5.asm
                       FE   0x000032    program     static C:\Users\Jorge\OneDrive\Escritorio\Microcontroladores\Proyectos\88D5\88D5.asm
                      RET   0x000046    program     static C:\Users\Jorge\OneDrive\Escritorio\Microcontroladores\Proyectos\88D5\88D5.asm
                     TRES   0x000048    program     static C:\Users\Jorge\OneDrive\Escritorio\Microcontroladores\Proyectos\88D5\88D5.asm
                      DOS   0x00004a    program     static C:\Users\Jorge\OneDrive\Escritorio\Microcontroladores\Proyectos\88D5\88D5.asm
                      UNO   0x00004c    program     static C:\Users\Jorge\OneDrive\Escritorio\Microcontroladores\Proyectos\88D5\88D5.asm


