MPLINK 4.49, Linker
Linker Map File - Created Fri Sep 02 01:00:09 2022

                                 Section Info
                  Section       Type    Address   Location Size(Bytes)
                ---------  ---------  ---------  ---------  ---------
                   .org_0       code   0x000000    program   0x000000
                   .org_1       code   0x000000    program   0x00003e
   .config_2007_RETARDO.O       code   0x002007    program   0x000002
   .config_2008_RETARDO.O       code   0x002008    program   0x000002



                              Program Memory Usage 
                               Start         End      
                           ---------   ---------      
                            0x000000    0x00001e      
                            0x002007    0x002008      
            33 out of 8455 program addresses used, program memory utilization is 0%



                              Symbols - Sorted by Name
                     Name    Address   Location    Storage File                     
                ---------  ---------  ---------  --------- ---------                
                      C_A   0x000017    program     static C:\Users\Varush\Documents\Microcontroladores\P1\retardo.asm
                      C_B   0x000015    program     static C:\Users\Varush\Documents\Microcontroladores\P1\retardo.asm
                      C_C   0x000013    program     static C:\Users\Varush\Documents\Microcontroladores\P1\retardo.asm
                      C_P   0x00000e    program     static C:\Users\Varush\Documents\Microcontroladores\P1\retardo.asm
                      RET   0x000011    program     static C:\Users\Varush\Documents\Microcontroladores\P1\retardo.asm



                              Symbols - Sorted by Address
                     Name    Address   Location    Storage File                     
                ---------  ---------  ---------  --------- ---------                
                      C_P   0x00000e    program     static C:\Users\Varush\Documents\Microcontroladores\P1\retardo.asm
                      RET   0x000011    program     static C:\Users\Varush\Documents\Microcontroladores\P1\retardo.asm
                      C_C   0x000013    program     static C:\Users\Varush\Documents\Microcontroladores\P1\retardo.asm
                      C_B   0x000015    program     static C:\Users\Varush\Documents\Microcontroladores\P1\retardo.asm
                      C_A   0x000017    program     static C:\Users\Varush\Documents\Microcontroladores\P1\retardo.asm


