MPLINK 4.49, Linker
Linker Map File - Created Mon Nov 07 19:56:51 2022

                                 Section Info
                  Section       Type    Address   Location Size(Bytes)
                ---------  ---------  ---------  ---------  ---------
                   .org_0       code   0x000000    program   0x000108
                   .cinit    romdata   0x000084    program   0x000004
      .config_2007_MSPI.O       code   0x002007    program   0x000002
      .config_2008_MSPI.O       code   0x002008    program   0x000002



                              Program Memory Usage 
                               Start         End      
                           ---------   ---------      
                            0x000000    0x000085      
                            0x002007    0x002008      
            136 out of 8455 program addresses used, program memory utilization is 1%



                              Symbols - Sorted by Name
                     Name    Address   Location    Storage File                     
                ---------  ---------  ---------  --------- ---------                
                      BFL   0x000068    program     static C:\Users\Varush\Downloads\Comunicacion_SPI\MSPI.asm
                      C_P   0x00002b    program     static C:\Users\Varush\Downloads\Comunicacion_SPI\MSPI.asm
                     EDT0   0x000080    program     static C:\Users\Varush\Downloads\Comunicacion_SPI\MSPI.asm
                      L2B   0x000072    program     static C:\Users\Varush\Downloads\Comunicacion_SPI\MSPI.asm
                      LC5   0x000030    program     static C:\Users\Varush\Downloads\Comunicacion_SPI\MSPI.asm
                      LC6   0x00003b    program     static C:\Users\Varush\Downloads\Comunicacion_SPI\MSPI.asm
                   MASTER   0x000064    program     static C:\Users\Varush\Downloads\Comunicacion_SPI\MSPI.asm
                      RET   0x00007e    program     static C:\Users\Varush\Downloads\Comunicacion_SPI\MSPI.asm
                       W1   0x000026    program     static C:\Users\Varush\Downloads\Comunicacion_SPI\MSPI.asm



                              Symbols - Sorted by Address
                     Name    Address   Location    Storage File                     
                ---------  ---------  ---------  --------- ---------                
                       W1   0x000026    program     static C:\Users\Varush\Downloads\Comunicacion_SPI\MSPI.asm
                      C_P   0x00002b    program     static C:\Users\Varush\Downloads\Comunicacion_SPI\MSPI.asm
                      LC5   0x000030    program     static C:\Users\Varush\Downloads\Comunicacion_SPI\MSPI.asm
                      LC6   0x00003b    program     static C:\Users\Varush\Downloads\Comunicacion_SPI\MSPI.asm
                   MASTER   0x000064    program     static C:\Users\Varush\Downloads\Comunicacion_SPI\MSPI.asm
                      BFL   0x000068    program     static C:\Users\Varush\Downloads\Comunicacion_SPI\MSPI.asm
                      L2B   0x000072    program     static C:\Users\Varush\Downloads\Comunicacion_SPI\MSPI.asm
                      RET   0x00007e    program     static C:\Users\Varush\Downloads\Comunicacion_SPI\MSPI.asm
                     EDT0   0x000080    program     static C:\Users\Varush\Downloads\Comunicacion_SPI\MSPI.asm


