MPLINK 4.49, Linker
Linker Map File - Created Mon Oct 31 19:39:53 2022

                                 Section Info
                  Section       Type    Address   Location Size(Bytes)
                ---------  ---------  ---------  ---------  ---------
                   .org_0       code   0x000000    program   0x00009a
                   .cinit    romdata   0x00004d    program   0x000004
      .config_2007_PWM1.O       code   0x002007    program   0x000002
      .config_2008_PWM1.O       code   0x002008    program   0x000002



                              Program Memory Usage 
                               Start         End      
                           ---------   ---------      
                            0x000000    0x00004e      
                            0x002007    0x002008      
            81 out of 8455 program addresses used, program memory utilization is 0%



                              Symbols - Sorted by Name
                     Name    Address   Location    Storage File                     
                ---------  ---------  ---------  --------- ---------                
                      C_P   0x000024    program     static C:\Users\Varush\Documents\Microcontroladores\P1\pwm1.asm
                     E_C5   0x000027    program     static C:\Users\Varush\Documents\Microcontroladores\P1\pwm1.asm
                     E_C6   0x000032    program     static C:\Users\Varush\Documents\Microcontroladores\P1\pwm1.asm
                     E_IP   0x00001d    program     static C:\Users\Varush\Documents\Microcontroladores\P1\pwm1.asm
                      RET   0x000047    program     static C:\Users\Varush\Documents\Microcontroladores\P1\pwm1.asm
                     R_AL   0x00003b    program     static C:\Users\Varush\Documents\Microcontroladores\P1\pwm1.asm
             _.org_0_004A   0x00004a    program     static C:\Users\Varush\Documents\Microcontroladores\P1\pwm1.asm



                              Symbols - Sorted by Address
                     Name    Address   Location    Storage File                     
                ---------  ---------  ---------  --------- ---------                
                     E_IP   0x00001d    program     static C:\Users\Varush\Documents\Microcontroladores\P1\pwm1.asm
                      C_P   0x000024    program     static C:\Users\Varush\Documents\Microcontroladores\P1\pwm1.asm
                     E_C5   0x000027    program     static C:\Users\Varush\Documents\Microcontroladores\P1\pwm1.asm
                     E_C6   0x000032    program     static C:\Users\Varush\Documents\Microcontroladores\P1\pwm1.asm
                     R_AL   0x00003b    program     static C:\Users\Varush\Documents\Microcontroladores\P1\pwm1.asm
                      RET   0x000047    program     static C:\Users\Varush\Documents\Microcontroladores\P1\pwm1.asm
             _.org_0_004A   0x00004a    program     static C:\Users\Varush\Documents\Microcontroladores\P1\pwm1.asm


