MPLINK 4.49, Linker
Linker Map File - Created Mon Oct 24 23:31:33 2022

                                 Section Info
                  Section       Type    Address   Location Size(Bytes)
                ---------  ---------  ---------  ---------  ---------
                   .org_0       code   0x000000    program   0x0001d0
                   .cinit    romdata   0x0000e8    program   0x000004
.config_2007_ADC_DISPLAY.O       code   0x002007    program   0x000002
.config_2008_ADC_DISPLAY.O       code   0x002008    program   0x000002



                              Program Memory Usage 
                               Start         End      
                           ---------   ---------      
                            0x000000    0x0000e9      
                            0x002007    0x002008      
            236 out of 8455 program addresses used, program memory utilization is 2%



                              Symbols - Sorted by Name
                     Name    Address   Location    Storage File                     
                ---------  ---------  ---------  --------- ---------                
                    C05CN   0x000068    program     static C:\Users\Varush\Documents\Microcontroladores\P1\adc_display.asm
                    C05CP   0x000065    program     static C:\Users\Varush\Documents\Microcontroladores\P1\adc_display.asm
                     C05X   0x00006d    program     static C:\Users\Varush\Documents\Microcontroladores\P1\adc_display.asm
                     CX40   0x000028    program     static C:\Users\Varush\Documents\Microcontroladores\P1\adc_display.asm
                      C_A   0x0000e2    program     static C:\Users\Varush\Documents\Microcontroladores\P1\adc_display.asm
                      C_P   0x000014    program     static C:\Users\Varush\Documents\Microcontroladores\P1\adc_display.asm
                      C_Z   0x0000e0    program     static C:\Users\Varush\Documents\Microcontroladores\P1\adc_display.asm
                      EAD   0x000019    program     static C:\Users\Varush\Documents\Microcontroladores\P1\adc_display.asm
                      ERR   0x0000d1    program     static C:\Users\Varush\Documents\Microcontroladores\P1\adc_display.asm
                      R05   0x000059    program     static C:\Users\Varush\Documents\Microcontroladores\P1\adc_display.asm
                      R51   0x000047    program     static C:\Users\Varush\Documents\Microcontroladores\P1\adc_display.asm
                     R625   0x0000de    program     static C:\Users\Varush\Documents\Microcontroladores\P1\adc_display.asm
                      RCX   0x000044    program     static C:\Users\Varush\Documents\Microcontroladores\P1\adc_display.asm
                      RDX   0x000056    program     static C:\Users\Varush\Documents\Microcontroladores\P1\adc_display.asm
                     RF05   0x000061    program     static C:\Users\Varush\Documents\Microcontroladores\P1\adc_display.asm
                     RF51   0x00004f    program     static C:\Users\Varush\Documents\Microcontroladores\P1\adc_display.asm
                      RUX   0x000076    program     static C:\Users\Varush\Documents\Microcontroladores\P1\adc_display.asm
                      T7S   0x0000d3    program     static C:\Users\Varush\Documents\Microcontroladores\P1\adc_display.asm
                    VALDX   0x0000b4    program     static C:\Users\Varush\Documents\Microcontroladores\P1\adc_display.asm
                     XF51   0x000054    program     static C:\Users\Varush\Documents\Microcontroladores\P1\adc_display.asm
                      XR0   0x00008b    program     static C:\Users\Varush\Documents\Microcontroladores\P1\adc_display.asm
                      XR1   0x00008c    program     static C:\Users\Varush\Documents\Microcontroladores\P1\adc_display.asm
                      XR2   0x000094    program     static C:\Users\Varush\Documents\Microcontroladores\P1\adc_display.asm
                      XR3   0x00009c    program     static C:\Users\Varush\Documents\Microcontroladores\P1\adc_display.asm
                      XR4   0x0000a4    program     static C:\Users\Varush\Documents\Microcontroladores\P1\adc_display.asm
                      XR5   0x0000ac    program     static C:\Users\Varush\Documents\Microcontroladores\P1\adc_display.asm
                    XRF05   0x000074    program     static C:\Users\Varush\Documents\Microcontroladores\P1\adc_display.asm



                              Symbols - Sorted by Address
                     Name    Address   Location    Storage File                     
                ---------  ---------  ---------  --------- ---------                
                      C_P   0x000014    program     static C:\Users\Varush\Documents\Microcontroladores\P1\adc_display.asm
                      EAD   0x000019    program     static C:\Users\Varush\Documents\Microcontroladores\P1\adc_display.asm
                     CX40   0x000028    program     static C:\Users\Varush\Documents\Microcontroladores\P1\adc_display.asm
                      RCX   0x000044    program     static C:\Users\Varush\Documents\Microcontroladores\P1\adc_display.asm
                      R51   0x000047    program     static C:\Users\Varush\Documents\Microcontroladores\P1\adc_display.asm
                     RF51   0x00004f    program     static C:\Users\Varush\Documents\Microcontroladores\P1\adc_display.asm
                     XF51   0x000054    program     static C:\Users\Varush\Documents\Microcontroladores\P1\adc_display.asm
                      RDX   0x000056    program     static C:\Users\Varush\Documents\Microcontroladores\P1\adc_display.asm
                      R05   0x000059    program     static C:\Users\Varush\Documents\Microcontroladores\P1\adc_display.asm
                     RF05   0x000061    program     static C:\Users\Varush\Documents\Microcontroladores\P1\adc_display.asm
                    C05CP   0x000065    program     static C:\Users\Varush\Documents\Microcontroladores\P1\adc_display.asm
                    C05CN   0x000068    program     static C:\Users\Varush\Documents\Microcontroladores\P1\adc_display.asm
                     C05X   0x00006d    program     static C:\Users\Varush\Documents\Microcontroladores\P1\adc_display.asm
                    XRF05   0x000074    program     static C:\Users\Varush\Documents\Microcontroladores\P1\adc_display.asm
                      RUX   0x000076    program     static C:\Users\Varush\Documents\Microcontroladores\P1\adc_display.asm
                      XR0   0x00008b    program     static C:\Users\Varush\Documents\Microcontroladores\P1\adc_display.asm
                      XR1   0x00008c    program     static C:\Users\Varush\Documents\Microcontroladores\P1\adc_display.asm
                      XR2   0x000094    program     static C:\Users\Varush\Documents\Microcontroladores\P1\adc_display.asm
                      XR3   0x00009c    program     static C:\Users\Varush\Documents\Microcontroladores\P1\adc_display.asm
                      XR4   0x0000a4    program     static C:\Users\Varush\Documents\Microcontroladores\P1\adc_display.asm
                      XR5   0x0000ac    program     static C:\Users\Varush\Documents\Microcontroladores\P1\adc_display.asm
                    VALDX   0x0000b4    program     static C:\Users\Varush\Documents\Microcontroladores\P1\adc_display.asm
                      ERR   0x0000d1    program     static C:\Users\Varush\Documents\Microcontroladores\P1\adc_display.asm
                      T7S   0x0000d3    program     static C:\Users\Varush\Documents\Microcontroladores\P1\adc_display.asm
                     R625   0x0000de    program     static C:\Users\Varush\Documents\Microcontroladores\P1\adc_display.asm
                      C_Z   0x0000e0    program     static C:\Users\Varush\Documents\Microcontroladores\P1\adc_display.asm
                      C_A   0x0000e2    program     static C:\Users\Varush\Documents\Microcontroladores\P1\adc_display.asm


