MPLINK 4.49, Linker
Linker Map File - Created Wed Oct 19 11:24:14 2022

                                 Section Info
                  Section       Type    Address   Location Size(Bytes)
                ---------  ---------  ---------  ---------  ---------
                   .org_0       code   0x000000    program   0x0000f6
                   .cinit    romdata   0x00007b    program   0x000004
.config_2007_DISPLAY_ASCIEND.O       code   0x002007    program   0x000002
.config_2008_DISPLAY_ASCIEND.O       code   0x002008    program   0x000002



                              Program Memory Usage 
                               Start         End      
                           ---------   ---------      
                            0x000000    0x00007c      
                            0x002007    0x002008      
            127 out of 8455 program addresses used, program memory utilization is 1%



                              Symbols - Sorted by Name
                     Name    Address   Location    Storage File                     
                ---------  ---------  ---------  --------- ---------                
                  DECRE2V   0x000064    program     static C:\Users\Varush\Documents\Microcontroladores\P1\display_asciend.asm
                  DECRE3V   0x000070    program     static C:\Users\Varush\Documents\Microcontroladores\P1\display_asciend.asm
               DESPLEGADO   0x000015    program     static C:\Users\Varush\Documents\Microcontroladores\P1\display_asciend.asm
                LIMPIACEN   0x000010    program     static C:\Users\Varush\Documents\Microcontroladores\P1\display_asciend.asm
                LIMPIADEC   0x000011    program     static C:\Users\Varush\Documents\Microcontroladores\P1\display_asciend.asm
                LIMPIAMIL   0x00000f    program     static C:\Users\Varush\Documents\Microcontroladores\P1\display_asciend.asm
                LIMPIAUNI   0x000012    program     static C:\Users\Varush\Documents\Microcontroladores\P1\display_asciend.asm
                    REC60   0x000013    program     static C:\Users\Varush\Documents\Microcontroladores\P1\display_asciend.asm
                RECARGA3V   0x00006f    program     static C:\Users\Varush\Documents\Microcontroladores\P1\display_asciend.asm
                      RET   0x000055    program     static C:\Users\Varush\Documents\Microcontroladores\P1\display_asciend.asm
                 SIETESEG   0x000044    program     static C:\Users\Varush\Documents\Microcontroladores\P1\display_asciend.asm
                     ST1V   0x00005b    program     static C:\Users\Varush\Documents\Microcontroladores\P1\display_asciend.asm
                     ST2V   0x000062    program     static C:\Users\Varush\Documents\Microcontroladores\P1\display_asciend.asm
                     ST3V   0x00006d    program     static C:\Users\Varush\Documents\Microcontroladores\P1\display_asciend.asm



                              Symbols - Sorted by Address
                     Name    Address   Location    Storage File                     
                ---------  ---------  ---------  --------- ---------                
                LIMPIAMIL   0x00000f    program     static C:\Users\Varush\Documents\Microcontroladores\P1\display_asciend.asm
                LIMPIACEN   0x000010    program     static C:\Users\Varush\Documents\Microcontroladores\P1\display_asciend.asm
                LIMPIADEC   0x000011    program     static C:\Users\Varush\Documents\Microcontroladores\P1\display_asciend.asm
                LIMPIAUNI   0x000012    program     static C:\Users\Varush\Documents\Microcontroladores\P1\display_asciend.asm
                    REC60   0x000013    program     static C:\Users\Varush\Documents\Microcontroladores\P1\display_asciend.asm
               DESPLEGADO   0x000015    program     static C:\Users\Varush\Documents\Microcontroladores\P1\display_asciend.asm
                 SIETESEG   0x000044    program     static C:\Users\Varush\Documents\Microcontroladores\P1\display_asciend.asm
                      RET   0x000055    program     static C:\Users\Varush\Documents\Microcontroladores\P1\display_asciend.asm
                     ST1V   0x00005b    program     static C:\Users\Varush\Documents\Microcontroladores\P1\display_asciend.asm
                     ST2V   0x000062    program     static C:\Users\Varush\Documents\Microcontroladores\P1\display_asciend.asm
                  DECRE2V   0x000064    program     static C:\Users\Varush\Documents\Microcontroladores\P1\display_asciend.asm
                     ST3V   0x00006d    program     static C:\Users\Varush\Documents\Microcontroladores\P1\display_asciend.asm
                RECARGA3V   0x00006f    program     static C:\Users\Varush\Documents\Microcontroladores\P1\display_asciend.asm
                  DECRE3V   0x000070    program     static C:\Users\Varush\Documents\Microcontroladores\P1\display_asciend.asm


