MPLINK 4.49, Linker
Linker Map File - Created Sun Oct 23 14:54:00 2022

                                 Section Info
                  Section       Type    Address   Location Size(Bytes)
                ---------  ---------  ---------  ---------  ---------
                   .org_0       code   0x000000    program   0x000126
                   .cinit    romdata   0x000093    program   0x000004
     .config_2007_RELOJ.O       code   0x002007    program   0x000002
     .config_2008_RELOJ.O       code   0x002008    program   0x000002



                              Program Memory Usage 
                               Start         End      
                           ---------   ---------      
                            0x000000    0x000094      
                            0x002007    0x002008      
            151 out of 8455 program addresses used, program memory utilization is 1%



                              Symbols - Sorted by Name
                     Name    Address   Location    Storage File                     
                ---------  ---------  ---------  --------- ---------                
                   CAMBIA   0x000026    program     static C:\Users\Varush\Documents\Microcontroladores\P1\reloj.asm
                 CONTINUE   0x000045    program     static C:\Users\Varush\Documents\Microcontroladores\P1\reloj.asm
                  DECRE2V   0x00007c    program     static C:\Users\Varush\Documents\Microcontroladores\P1\reloj.asm
                  DECRE3V   0x000088    program     static C:\Users\Varush\Documents\Microcontroladores\P1\reloj.asm
               DESPLEGADO   0x000028    program     static C:\Users\Varush\Documents\Microcontroladores\P1\reloj.asm
                     EDT0   0x00006f    program     static C:\Users\Varush\Documents\Microcontroladores\P1\reloj.asm
                LIMPIACEN   0x000014    program     static C:\Users\Varush\Documents\Microcontroladores\P1\reloj.asm
                LIMPIADEC   0x000015    program     static C:\Users\Varush\Documents\Microcontroladores\P1\reloj.asm
                LIMPIAMIL   0x000013    program     static C:\Users\Varush\Documents\Microcontroladores\P1\reloj.asm
                LIMPIAUNI   0x000016    program     static C:\Users\Varush\Documents\Microcontroladores\P1\reloj.asm
                  NOPUNTO   0x00003e    program     static C:\Users\Varush\Documents\Microcontroladores\P1\reloj.asm
                    REC60   0x000017    program     static C:\Users\Varush\Documents\Microcontroladores\P1\reloj.asm
                RECARGA3V   0x000087    program     static C:\Users\Varush\Documents\Microcontroladores\P1\reloj.asm
                      RET   0x00006d    program     static C:\Users\Varush\Documents\Microcontroladores\P1\reloj.asm
                 SIETESEG   0x000062    program     static C:\Users\Varush\Documents\Microcontroladores\P1\reloj.asm
                     ST1V   0x000073    program     static C:\Users\Varush\Documents\Microcontroladores\P1\reloj.asm
                     ST2V   0x00007a    program     static C:\Users\Varush\Documents\Microcontroladores\P1\reloj.asm
                     ST3V   0x000085    program     static C:\Users\Varush\Documents\Microcontroladores\P1\reloj.asm



                              Symbols - Sorted by Address
                     Name    Address   Location    Storage File                     
                ---------  ---------  ---------  --------- ---------                
                LIMPIAMIL   0x000013    program     static C:\Users\Varush\Documents\Microcontroladores\P1\reloj.asm
                LIMPIACEN   0x000014    program     static C:\Users\Varush\Documents\Microcontroladores\P1\reloj.asm
                LIMPIADEC   0x000015    program     static C:\Users\Varush\Documents\Microcontroladores\P1\reloj.asm
                LIMPIAUNI   0x000016    program     static C:\Users\Varush\Documents\Microcontroladores\P1\reloj.asm
                    REC60   0x000017    program     static C:\Users\Varush\Documents\Microcontroladores\P1\reloj.asm
                   CAMBIA   0x000026    program     static C:\Users\Varush\Documents\Microcontroladores\P1\reloj.asm
               DESPLEGADO   0x000028    program     static C:\Users\Varush\Documents\Microcontroladores\P1\reloj.asm
                  NOPUNTO   0x00003e    program     static C:\Users\Varush\Documents\Microcontroladores\P1\reloj.asm
                 CONTINUE   0x000045    program     static C:\Users\Varush\Documents\Microcontroladores\P1\reloj.asm
                 SIETESEG   0x000062    program     static C:\Users\Varush\Documents\Microcontroladores\P1\reloj.asm
                      RET   0x00006d    program     static C:\Users\Varush\Documents\Microcontroladores\P1\reloj.asm
                     EDT0   0x00006f    program     static C:\Users\Varush\Documents\Microcontroladores\P1\reloj.asm
                     ST1V   0x000073    program     static C:\Users\Varush\Documents\Microcontroladores\P1\reloj.asm
                     ST2V   0x00007a    program     static C:\Users\Varush\Documents\Microcontroladores\P1\reloj.asm
                  DECRE2V   0x00007c    program     static C:\Users\Varush\Documents\Microcontroladores\P1\reloj.asm
                     ST3V   0x000085    program     static C:\Users\Varush\Documents\Microcontroladores\P1\reloj.asm
                RECARGA3V   0x000087    program     static C:\Users\Varush\Documents\Microcontroladores\P1\reloj.asm
                  DECRE3V   0x000088    program     static C:\Users\Varush\Documents\Microcontroladores\P1\reloj.asm


