HI-TECH Software C Compiler 

Linker command line:

--edf=C:\Program Files (x86)\HI-TECH Software\PICC\9.82\dat\en_msgs.txt -cs \
  -h+VOLDISPLAY.sym -z -Q16F887 -ol.obj -MVOLDISPLAY.map -E1 \
  -ACONST=00h-0FFhx32 -ACODE=00h-07FFhx4 -ASTRCODE=00h-01FFFh \
  -AENTRY=00h-0FFhx32 -ASTRING=00h-0FFhx32 -ABANK0=020h-06Fh \
  -ABANK1=0A0h-0EFh -ABANK2=0110h-016Fh -ABANK3=0190h-01EFh \
  -ARAM=020h-06Fh,0A0h-0EFh,0110h-016Fh,0190h-01EFh \
  -AABS1=020h-07Fh,0A0h-0EFh,0110h-016Fh,0190h-01EFh -ACOMMON=070h-07Fh \
  -ASFR0=00h-01Fh -ASFR1=080h-09Fh -ASFR2=0100h-010Fh -ASFR3=0180h-018Fh \
  -preset_vec=00h,intentry,init,end_init -ppowerup=CODE -pfunctab=CODE \
  -ACONFIG=02007h-02008h -pconfig=CONFIG -DCONFIG=2 -AIDLOC=02000h-02003h \
  -pidloc=IDLOC -DIDLOC=2 -AEEDATA=00h-0FFh/02100h -peeprom_data=EEDATA \
  -DEEDATA=2 -DCODE=2 -DSTRCODE=2 -DSTRING=2 -DCONST=2 -DENTRY=2 -k \
  startup.obj VOLDISPLAY.obj 

Object code version is 3.10

Machine type is 16F887



                Name                               Link     Load   Length Selector   Space Scale
startup.obj     end_init                              0        0        3        0       0
VOLDISPLAY.obj  config                             2007     2007        2     400E       0
                text45                              76F      76F       21      EDE       0
                text43                              753      753       1C      EA6       0
                maintext                            790      790       70      F20       0
                cstackCOMMON                         78       78        5       70       1
                bssCOMMON                            70       70        8       70       1
                cinit                               747      747        C      E8E       0
                strings                               3        3       1A        6       0

TOTAL           Name                               Link     Load   Length     Space
        CLASS   CONST          

        CLASS   CODE           
                end_init                              0        0        3         0
                text45                              76F      76F       21         0
                text43                              753      753       1C         0
                maintext                            790      790       70         0
                cinit                               747      747        C         0

        CLASS   STRCODE        

        CLASS   ENTRY          

        CLASS   STRING         
                strings                               3        3       1A         0

        CLASS   BANK0          

        CLASS   BANK1          

        CLASS   BANK2          

        CLASS   BANK3          

        CLASS   RAM            

        CLASS   ABS1           
                abs_s1                               7E       7E        2         1

        CLASS   COMMON         
                cstackCOMMON                         78       78        5         1
                bssCOMMON                            70       70        8         1

        CLASS   SFR0           

        CLASS   SFR1           

        CLASS   SFR2           

        CLASS   SFR3           

        CLASS   CONFIG         
                config                             2007     2007        2         0

        CLASS   IDLOC          

        CLASS   EEDATA         



SEGMENTS        Name                           Load    Length   Top    Selector   Space  Class     Delta

                reset_vec                      000000  000003  000003         0       0  CODE        2
                strings                        000003  00001A  00001D         6       0  STRING      2
                bssCOMMON                      000070  00000D  00007D        70       1  COMMON      1
                cinit                          000747  00000C  000753       E8E       0  CODE        2
                text43                         000753  00001C  00076F       EA6       0  CODE        2
                text45                         00076F  000021  000790       EDE       0  CODE        2
                maintext                       000790  000070  000800       F20       0  CODE        2
                config                         002007  000002  002009      400E       0  CONFIG      2


UNUSED ADDRESS RANGES

        Name                Unused          Largest block    Delta
        BANK0            0020-006F             50           1
        BANK1            00A0-00EF             50           1
        BANK2            0110-016F             60           1
        BANK3            0190-01EF             60           1
        CODE             001D-0746            72A           2
                         0800-1FFF            800
        COMMON           007D-007D              1           1
        CONST            001D-0746            100           2
                         0800-1FFF            100
        EEDATA           2100-21FF            100           2
        ENTRY            001D-0746            100           2
                         0800-1FFF            100
        IDLOC            2000-2003              4           2
        RAM              0020-006F             50           1
                         00A0-00EF             50
                         0110-016F             60
                         0190-01EF             60
        SFR0             0000-001F             20           1
        SFR1             0080-009F             20           1
        SFR2             0100-010F             10           1
        SFR3             0180-018F             10           1
        STRCODE          001D-0746            72A           2
                         0800-1FFF           1800
        STRING           001D-0746            100           2
                         0800-1FFF            100

                                  Symbol Table

??_digitos            cstackCOMMON 0078
??_main               cstackCOMMON 007C
??_msecbase           cstackCOMMON 0078
??_pause              cstackCOMMON 007A
?_digitos             cstackCOMMON 0078
?_main                cstackCOMMON 0078
?_msecbase            cstackCOMMON 0078
?_pause               cstackCOMMON 0078
_ADCON0               (abs)        001F
_ADCON1               (abs)        009F
_ADRESH               (abs)        001E
_ADRESL               (abs)        009E
_ANSEL                (abs)        0188
_ANSELH               (abs)        0189
_DP7                  strings      0009
_GO_DONE              (abs)        00F9
_NC                   bssCOMMON    0070
_ND                   bssCOMMON    0072
_NU                   bssCOMMON    0074
_NUM                  bssCOMMON    0076
_OPTION_REG           (abs)        0081
_PORTA                (abs)        0005
_PORTC                (abs)        0007
_T0IF                 (abs)        005A
_TMR0                 (abs)        0001
_TRISA                (abs)        0085
_TRISB                (abs)        0086
_TRISC                (abs)        0087
_TRISD                (abs)        0088
_TRISE                (abs)        0089
__Habs1               abs1         0000
__Hbank0              bank0        0000
__Hbank1              bank1        0000
__Hbank2              bank2        0000
__Hbank3              bank3        0000
__HbssCOMMON          bssCOMMON    0000
__Hcinit              cinit        0000
__Hclrtext            clrtext      0000
__Hcode               code         0000
__Hcommon             common       0000
__Hconfig             config       2009
__HcstackCOMMON       cstackCOMMON 0000
__Heeprom_data        eeprom_data  0000
__Hend_init           end_init     0003
__Hfunctab            functab      0000
__Hidloc              idloc        0000
__Hinit               init         0000
__Hintentry           intentry     0000
__Hmaintext           maintext     0000
__Hpa_nodes           pa_nodes     0000
__Hpowerup            powerup      0000
__Hram                ram          0000
__Hreset_vec          reset_vec    0000
__Hsfr0               sfr0         0000
__Hsfr1               sfr1         0000
__Hsfr2               sfr2         0000
__Hsfr3               sfr3         0000
__Hstrings            strings      0000
__Htext               text         0000
__Labs1               abs1         0000
__Lbank0              bank0        0000
__Lbank1              bank1        0000
__Lbank2              bank2        0000
__Lbank3              bank3        0000
__LbssCOMMON          bssCOMMON    0000
__Lcinit              cinit        0000
__Lclrtext            clrtext      0000
__Lcode               code         0000
__Lcommon             common       0000
__Lconfig             config       2007
__LcstackCOMMON       cstackCOMMON 0000
__Leeprom_data        eeprom_data  0000
__Lend_init           end_init     0000
__Lfunctab            functab      0000
__Lidloc              idloc        0000
__Linit               init         0000
__Lintentry           intentry     0000
__Lmaintext           maintext     0000
__Lpa_nodes           pa_nodes     0000
__Lpowerup            powerup      0000
__Lram                ram          0000
__Lreset_vec          reset_vec    0000
__Lsfr0               sfr0         0000
__Lsfr1               sfr1         0000
__Lsfr2               sfr2         0000
__Lsfr3               sfr3         0000
__Lstrings            strings      0000
__Ltext               text         0000
__S0                  (abs)        2009
__S1                  (abs)        007D
__S2                  (abs)        0000
__end_of_digitos      text45       0790
__end_of_main         maintext     0800
__end_of_msecbase     text43       076F
__end_of_pause        text43       0764
__pbssCOMMON          bssCOMMON    0070
__pcstackCOMMON       cstackCOMMON 0078
__pmaintext           maintext     0790
__pstrings            strings      0003
__ptext43             text43       0753
__ptext44             text43       0764
__ptext45             text45       076F
__ptext46             text46       0000
__size_of_digitos     (abs)        0000
__size_of_main        (abs)        0000
__size_of_msecbase    (abs)        0000
__size_of_pause       (abs)        0000
_digitos              text45       076F
_exit                 init         0000
_main                 maintext     0790
_msecbase             text43       0764
_pause                text43       0753
btemp                 (abs)        007E
digitos@x             cstackCOMMON 0078
end_of_initialization cinit        074F
intlevel0             functab      0000
intlevel1             functab      0000
intlevel2             functab      0000
intlevel3             functab      0000
intlevel4             functab      0000
intlevel5             functab      0000
l1048                                  
l1063                                  
l1069                                  
l2422                                  
l2426                                  
l2436                                  
l2440                                  
l2442                                  
l2446                                  
l2450                                  
l2452                                  
l2454                                  
l2456                                  
l2458                                  
l2460                                  
l2462                                  
l2466                                  
l2470                                  
l2472                                  
l2474                                  
l2476                                  
l2478                                  
l2480                                  
l2482                                  
l2484                                  
l2486                                  
l2488                                  
l2490                                  
pause@usvalue         cstackCOMMON 0078
pause@x               cstackCOMMON 007A
reset_vec             reset_vec    0000
start                 init         0000
start_initialization  cinit        0747
wtemp0                (abs)        007E
