HI-TECH Software C Compiler 

Linker command line:

--edf=C:\Program Files (x86)\HI-TECH Software\PICC\9.82\dat\en_msgs.txt -cs \
  -h+OPERACIONES.sym -z -Q16F887 -ol.obj -MOPERACIONES.map -E1 \
  -ACONST=00h-0FFhx32 -ACODE=00h-07FFhx4 -ASTRCODE=00h-01FFFh \
  -AENTRY=00h-0FFhx32 -ASTRING=00h-0FFhx32 -ABANK0=020h-06Fh \
  -ABANK1=0A0h-0EFh -ABANK2=0110h-016Fh -ABANK3=0190h-01EFh \
  -ARAM=020h-06Fh,0A0h-0EFh,0110h-016Fh,0190h-01EFh \
  -AABS1=020h-07Fh,0A0h-0EFh,0110h-016Fh,0190h-01EFh -ACOMMON=070h-07Fh \
  -ASFR0=00h-01Fh -ASFR1=080h-09Fh -ASFR2=0100h-010Fh -ASFR3=0180h-018Fh \
  -preset_vec=00h,intentry,init,end_init -ppowerup=CODE -pfunctab=CODE \
  -ACONFIG=02007h-02008h -pconfig=CONFIG -DCONFIG=2 -AIDLOC=02000h-02003h \
  -pidloc=IDLOC -DIDLOC=2 -AEEDATA=00h-0FFh/02100h -peeprom_data=EEDATA \
  -DEEDATA=2 -DCODE=2 -DSTRCODE=2 -DSTRING=2 -DCONST=2 -DENTRY=2 -k \
  startup.obj OPERACIONES.obj 

Object code version is 3.10

Machine type is 16F887



                Name                               Link     Load   Length Selector   Space Scale
startup.obj     end_init                              0        0        3        0       0
OPERACIONES.obj config                             2007     2007        2     400E       0
                text27                              790      790        E      F20       0
                text26                              79E      79E       1B      F3C       0
                maintext                            7B9      7B9       47      F72       0
                cstackCOMMON                         74       74        4       70       1
                dataCOMMON                           78       78        2       70       1
                cinit                               788      788        8      F10       0
                nvCOMMON                             70       70        4       70       1

TOTAL           Name                               Link     Load   Length     Space
        CLASS   CONST          

        CLASS   CODE           
                end_init                              0        0        3         0
                text27                              790      790        E         0
                text26                              79E      79E       1B         0
                maintext                            7B9      7B9       47         0
                cinit                               788      788        8         0

        CLASS   STRCODE        

        CLASS   ENTRY          

        CLASS   STRING         

        CLASS   BANK0          

        CLASS   BANK1          

        CLASS   BANK2          

        CLASS   BANK3          

        CLASS   RAM            

        CLASS   ABS1           
                abs_s1                               7E       7E        2         1

        CLASS   COMMON         
                cstackCOMMON                         74       74        4         1
                dataCOMMON                           78       78        2         1
                nvCOMMON                             70       70        4         1

        CLASS   SFR0           

        CLASS   SFR1           

        CLASS   SFR2           

        CLASS   SFR3           

        CLASS   CONFIG         
                config                             2007     2007        2         0

        CLASS   IDLOC          

        CLASS   EEDATA         



SEGMENTS        Name                           Load    Length   Top    Selector   Space  Class     Delta

                reset_vec                      000000  000003  000003         0       0  CODE        2
                nvCOMMON                       000070  00000A  00007A        70       1  COMMON      1
                cinit                          000788  000008  000790       F10       0  CODE        2
                text27                         000790  00000E  00079E       F20       0  CODE        2
                text26                         00079E  00001B  0007B9       F3C       0  CODE        2
                maintext                       0007B9  000047  000800       F72       0  CODE        2
                config                         002007  000002  002009      400E       0  CONFIG      2


UNUSED ADDRESS RANGES

        Name                Unused          Largest block    Delta
        BANK0            0020-006F             50           1
        BANK1            00A0-00EF             50           1
        BANK2            0110-016F             60           1
        BANK3            0190-01EF             60           1
        CODE             0003-0787            785           2
                         0800-1FFF            800
        COMMON           007A-007D              4           1
        CONST            0003-0787            100           2
                         0800-1FFF            100
        EEDATA           2100-21FF            100           2
        ENTRY            0003-0787            100           2
                         0800-1FFF            100
        IDLOC            2000-2003              4           2
        RAM              0020-006F             50           1
                         00A0-00EF             50
                         0110-016F             60
                         0190-01EF             60
        SFR0             0000-001F             20           1
        SFR1             0080-009F             20           1
        SFR2             0100-010F             10           1
        SFR3             0180-018F             10           1
        STRCODE          0003-0787            785           2
                         0800-1FFF           1800
        STRING           0003-0787            100           2
                         0800-1FFF            100

                                  Symbol Table

??___bmul             cstackCOMMON 0075
??___lbdiv            cstackCOMMON 0075
??_main               cstackCOMMON 0078
?___bmul              cstackCOMMON 0074
?___lbdiv             cstackCOMMON 0074
?_main                cstackCOMMON 0074
_ANSEL                (abs)        0188
_ANSELH               (abs)        0189
_NA                   dataCOMMON   0078
_NB                   dataCOMMON   0079
_OP                   nvCOMMON     0070
_PORTA                (abs)        0005
_PORTB                (abs)        0006
_PORTC                (abs)        0007
_RS                   nvCOMMON     0071
_TRISA                (abs)        0085
_TRISB                (abs)        0086
_TRISC                (abs)        0087
_TRISD                (abs)        0088
_TRISE                (abs)        0089
_VPA                  nvCOMMON     0072
_VPB                  nvCOMMON     0073
__Habs1               abs1         0000
__Hbank0              bank0        0000
__Hbank1              bank1        0000
__Hbank2              bank2        0000
__Hbank3              bank3        0000
__Hcinit              cinit        0000
__Hclrtext            clrtext      0000
__Hcode               code         0000
__Hcommon             common       0000
__Hconfig             config       2009
__HcstackCOMMON       cstackCOMMON 0000
__HdataCOMMON         dataCOMMON   0000
__Heeprom_data        eeprom_data  0000
__Hend_init           end_init     0003
__Hfunctab            functab      0000
__HidataCOMMON        idataCOMMON  0000
__Hidloc              idloc        0000
__Hinit               init         0000
__Hintentry           intentry     0000
__Hmaintext           maintext     0000
__HnvCOMMON           nvCOMMON     0000
__Hpa_nodes           pa_nodes     0000
__Hpowerup            powerup      0000
__Hram                ram          0000
__Hreset_vec          reset_vec    0000
__Hsfr0               sfr0         0000
__Hsfr1               sfr1         0000
__Hsfr2               sfr2         0000
__Hsfr3               sfr3         0000
__Hstrings            strings      0000
__Htext               text         0000
__Labs1               abs1         0000
__Lbank0              bank0        0000
__Lbank1              bank1        0000
__Lbank2              bank2        0000
__Lbank3              bank3        0000
__Lcinit              cinit        0000
__Lclrtext            clrtext      0000
__Lcode               code         0000
__Lcommon             common       0000
__Lconfig             config       2007
__LcstackCOMMON       cstackCOMMON 0000
__LdataCOMMON         dataCOMMON   0000
__Leeprom_data        eeprom_data  0000
__Lend_init           end_init     0000
__Lfunctab            functab      0000
__LidataCOMMON        idataCOMMON  0000
__Lidloc              idloc        0000
__Linit               init         0000
__Lintentry           intentry     0000
__Lmaintext           maintext     0000
__LnvCOMMON           nvCOMMON     0000
__Lpa_nodes           pa_nodes     0000
__Lpowerup            powerup      0000
__Lram                ram          0000
__Lreset_vec          reset_vec    0000
__Lsfr0               sfr0         0000
__Lsfr1               sfr1         0000
__Lsfr2               sfr2         0000
__Lsfr3               sfr3         0000
__Lstrings            strings      0000
__Ltext               text         0000
__S0                  (abs)        2009
__S1                  (abs)        007A
__S2                  (abs)        0000
___bmul               text27       0790
___bmul@multiplicand  cstackCOMMON 0074
___bmul@multiplier    cstackCOMMON 0076
___bmul@product       cstackCOMMON 0075
___lbdiv              text26       079E
___lbdiv@counter      cstackCOMMON 0076
___lbdiv@dividend     cstackCOMMON 0075
___lbdiv@divisor      cstackCOMMON 0074
___lbdiv@quotient     cstackCOMMON 0077
__end_of___bmul       text27       079E
__end_of___lbdiv      text26       07B9
__end_of_main         maintext     0800
__pcstackCOMMON       cstackCOMMON 0074
__pdataCOMMON         dataCOMMON   0078
__pidataCOMMON        idataCOMMON  0000
__pmaintext           maintext     07B9
__pnvCOMMON           nvCOMMON     0070
__ptext26             text26       079E
__ptext27             text27       0790
__ptext28             text28       0000
__size_of___bmul      (abs)        0000
__size_of___lbdiv     (abs)        0000
__size_of_main        (abs)        0000
_exit                 init         0000
_main                 maintext     07B9
btemp                 (abs)        007E
end_of_initialization cinit        078C
intlevel0             functab      0000
intlevel1             functab      0000
intlevel2             functab      0000
intlevel3             functab      0000
intlevel4             functab      0000
intlevel5             functab      0000
l2047                                  
l2083                                  
l2442                                  
l2450                                  
l2452                                  
l2458                                  
l2460                                  
l2462                                  
l2468                                  
l2472                                  
l2476                                  
l2482                                  
l2484                                  
l2486                                  
l2490                                  
l2492                                  
l2494                                  
l2496                                  
l2498                                  
reset_vec             reset_vec    0000
start                 init         0000
start_initialization  cinit        0788
wtemp0                (abs)        007E
