MPLINK 4.49, Linker
Linker Map File - Created Mon Oct 03 19:36:48 2022

                                 Section Info
                  Section       Type    Address   Location Size(Bytes)
                ---------  ---------  ---------  ---------  ---------
                   .org_0       code   0x000000    program   0x0000d2
                   .cinit    romdata   0x000069    program   0x000004
.config_2007_MOTORP_A_P.O       code   0x002007    program   0x000002
.config_2008_MOTORP_A_P.O       code   0x002008    program   0x000002



                              Program Memory Usage 
                               Start         End      
                           ---------   ---------      
                            0x000000    0x00006a      
                            0x002007    0x002008      
            109 out of 8455 program addresses used, program memory utilization is 1%



                              Symbols - Sorted by Name
                     Name    Address   Location    Storage File                     
                ---------  ---------  ---------  --------- ---------                
                        .   0x000002    program     static C:\Users\Varush\Documents\Microcontroladores\P1\motorP_A_P.asm
                      C_A   0x000060    program     static C:\Users\Varush\Documents\Microcontroladores\P1\motorP_A_P.asm
                      C_B   0x00005e    program     static C:\Users\Varush\Documents\Microcontroladores\P1\motorP_A_P.asm
                      C_C   0x00005c    program     static C:\Users\Varush\Documents\Microcontroladores\P1\motorP_A_P.asm
                      C_P   0x00000e    program     static C:\Users\Varush\Documents\Microcontroladores\P1\motorP_A_P.asm
                      GIX   0x00004d    program     static C:\Users\Varush\Documents\Microcontroladores\P1\motorP_A_P.asm
                      NXC   0x00003d    program     static C:\Users\Varush\Documents\Microcontroladores\P1\motorP_A_P.asm
                      RET   0x00005a    program     static C:\Users\Varush\Documents\Microcontroladores\P1\motorP_A_P.asm
                       V0   0x00002d    program     static C:\Users\Varush\Documents\Microcontroladores\P1\motorP_A_P.asm
                       V1   0x00002f    program     static C:\Users\Varush\Documents\Microcontroladores\P1\motorP_A_P.asm
                       V2   0x000031    program     static C:\Users\Varush\Documents\Microcontroladores\P1\motorP_A_P.asm
                       V3   0x000033    program     static C:\Users\Varush\Documents\Microcontroladores\P1\motorP_A_P.asm
                       V4   0x000035    program     static C:\Users\Varush\Documents\Microcontroladores\P1\motorP_A_P.asm
                       V5   0x000037    program     static C:\Users\Varush\Documents\Microcontroladores\P1\motorP_A_P.asm
                       V6   0x000039    program     static C:\Users\Varush\Documents\Microcontroladores\P1\motorP_A_P.asm
                       V7   0x00003b    program     static C:\Users\Varush\Documents\Microcontroladores\P1\motorP_A_P.asm



                              Symbols - Sorted by Address
                     Name    Address   Location    Storage File                     
                ---------  ---------  ---------  --------- ---------                
                        .   0x000002    program     static C:\Users\Varush\Documents\Microcontroladores\P1\motorP_A_P.asm
                      C_P   0x00000e    program     static C:\Users\Varush\Documents\Microcontroladores\P1\motorP_A_P.asm
                       V0   0x00002d    program     static C:\Users\Varush\Documents\Microcontroladores\P1\motorP_A_P.asm
                       V1   0x00002f    program     static C:\Users\Varush\Documents\Microcontroladores\P1\motorP_A_P.asm
                       V2   0x000031    program     static C:\Users\Varush\Documents\Microcontroladores\P1\motorP_A_P.asm
                       V3   0x000033    program     static C:\Users\Varush\Documents\Microcontroladores\P1\motorP_A_P.asm
                       V4   0x000035    program     static C:\Users\Varush\Documents\Microcontroladores\P1\motorP_A_P.asm
                       V5   0x000037    program     static C:\Users\Varush\Documents\Microcontroladores\P1\motorP_A_P.asm
                       V6   0x000039    program     static C:\Users\Varush\Documents\Microcontroladores\P1\motorP_A_P.asm
                       V7   0x00003b    program     static C:\Users\Varush\Documents\Microcontroladores\P1\motorP_A_P.asm
                      NXC   0x00003d    program     static C:\Users\Varush\Documents\Microcontroladores\P1\motorP_A_P.asm
                      GIX   0x00004d    program     static C:\Users\Varush\Documents\Microcontroladores\P1\motorP_A_P.asm
                      RET   0x00005a    program     static C:\Users\Varush\Documents\Microcontroladores\P1\motorP_A_P.asm
                      C_C   0x00005c    program     static C:\Users\Varush\Documents\Microcontroladores\P1\motorP_A_P.asm
                      C_B   0x00005e    program     static C:\Users\Varush\Documents\Microcontroladores\P1\motorP_A_P.asm
                      C_A   0x000060    program     static C:\Users\Varush\Documents\Microcontroladores\P1\motorP_A_P.asm


