HI-TECH Software C Compiler 

Linker command line:

--edf=C:\Program Files (x86)\HI-TECH Software\PICC\9.82\dat\en_msgs.txt -cs \
  -h+PRUEBAPWM.sym -z -Q16F887 -ol.obj -MPRUEBAPWM.map -E1 \
  -ACONST=00h-0FFhx32 -ACODE=00h-07FFhx4 -ASTRCODE=00h-01FFFh \
  -AENTRY=00h-0FFhx32 -ASTRING=00h-0FFhx32 -ABANK0=020h-06Fh \
  -ABANK1=0A0h-0EFh -ABANK2=0110h-016Fh -ABANK3=0190h-01EFh \
  -ARAM=020h-06Fh,0A0h-0EFh,0110h-016Fh,0190h-01EFh \
  -AABS1=020h-07Fh,0A0h-0EFh,0110h-016Fh,0190h-01EFh -ACOMMON=070h-07Fh \
  -ASFR0=00h-01Fh -ASFR1=080h-09Fh -ASFR2=0100h-010Fh -ASFR3=0180h-018Fh \
  -preset_vec=00h,intentry,init,end_init -ppowerup=CODE -pfunctab=CODE \
  -ACONFIG=02007h-02008h -pconfig=CONFIG -DCONFIG=2 -AIDLOC=02000h-02003h \
  -pidloc=IDLOC -DIDLOC=2 -AEEDATA=00h-0FFh/02100h -peeprom_data=EEDATA \
  -DEEDATA=2 -DCODE=2 -DSTRCODE=2 -DSTRING=2 -DCONST=2 -DENTRY=2 -k \
  startup.obj PRUEBAPWM.obj 

Object code version is 3.10

Machine type is 16F887



                Name                               Link     Load   Length Selector   Space Scale
startup.obj     end_init                              0        0        3        0       0
PRUEBAPWM.obj   config                             2007     2007        2     400E       0
                text64                              76E      76E       36      EDC       0
                text61                              7A4      7A4       5C      F48       0
                maintext                            74A      74A       24      E94       0
                cstackCOMMON                         70       70        6       70       1
                bssCOMMON                            76       76        4       70       1
                cinit                               742      742        8      E84       0

TOTAL           Name                               Link     Load   Length     Space
        CLASS   CONST          

        CLASS   CODE           
                end_init                              0        0        3         0
                text64                              76E      76E       36         0
                text61                              7A4      7A4       5C         0
                maintext                            74A      74A       24         0
                cinit                               742      742        8         0

        CLASS   STRCODE        

        CLASS   ENTRY          

        CLASS   STRING         

        CLASS   BANK0          

        CLASS   BANK1          

        CLASS   BANK2          

        CLASS   BANK3          

        CLASS   RAM            

        CLASS   ABS1           
                abs_s1                               7E       7E        2         1

        CLASS   COMMON         
                cstackCOMMON                         70       70        6         1
                bssCOMMON                            76       76        4         1

        CLASS   SFR0           

        CLASS   SFR1           

        CLASS   SFR2           

        CLASS   SFR3           

        CLASS   CONFIG         
                config                             2007     2007        2         0

        CLASS   IDLOC          

        CLASS   EEDATA         



SEGMENTS        Name                           Load    Length   Top    Selector   Space  Class     Delta

                reset_vec                      000000  000003  000003         0       0  CODE        2
                cstackCOMMON                   000070  00000A  00007A        70       1  COMMON      1
                cinit                          000742  000008  00074A       E84       0  CODE        2
                maintext                       00074A  000024  00076E       E94       0  CODE        2
                text64                         00076E  000036  0007A4       EDC       0  CODE        2
                text61                         0007A4  00005C  000800       F48       0  CODE        2
                config                         002007  000002  002009      400E       0  CONFIG      2


UNUSED ADDRESS RANGES

        Name                Unused          Largest block    Delta
        BANK0            0020-006F             50           1
        BANK1            00A0-00EF             50           1
        BANK2            0110-016F             60           1
        BANK3            0190-01EF             60           1
        CODE             0003-0741            73F           2
                         0800-1FFF            800
        COMMON           007A-007D              4           1
        CONST            0003-0741            100           2
                         0800-1FFF            100
        EEDATA           2100-21FF            100           2
        ENTRY            0003-0741            100           2
                         0800-1FFF            100
        IDLOC            2000-2003              4           2
        RAM              0020-006F             50           1
                         00A0-00EF             50
                         0110-016F             60
                         0190-01EF             60
        SFR0             0000-001F             20           1
        SFR1             0080-009F             20           1
        SFR2             0100-010F             10           1
        SFR3             0180-018F             10           1
        STRCODE          0003-0741            73F           2
                         0800-1FFF           1800
        STRING           0003-0741            100           2
                         0800-1FFF            100

                                  Symbol Table

??_ADC                cstackCOMMON 0070
??_PWM                cstackCOMMON 0074
??_main               cstackCOMMON 0076
??_msecbase           cstackCOMMON 0070
??_pause              cstackCOMMON 0072
?_ADC                 cstackCOMMON 0070
?_PWM                 cstackCOMMON 0070
?_main                cstackCOMMON 0070
?_msecbase            cstackCOMMON 0070
?_pause               cstackCOMMON 0070
_ADC                  text64       076E
_ADCON0               (abs)        001F
_ADCON1               (abs)        009F
_ADRESH               (abs)        001E
_ADRESL               (abs)        009E
_ANSEL                (abs)        0188
_ANSELH               (abs)        0189
_CCP1CON              (abs)        0017
_CCP2CON              (abs)        001D
_CCPR1L               (abs)        0015
_CCPR2L               (abs)        001B
_GO_DONE              (abs)        00F9
_OPTION_REG           (abs)        0081
_PR2                  (abs)        0092
_PWM                  text61       07A4
_T0IF                 (abs)        005A
_T2CON                (abs)        0012
_TMR0                 (abs)        0001
_TRISA                (abs)        0085
_TRISB                (abs)        0086
_TRISC                (abs)        0087
_TRISD                (abs)        0088
_TRISE                (abs)        0089
__Habs1               abs1         0000
__Hbank0              bank0        0000
__Hbank1              bank1        0000
__Hbank2              bank2        0000
__Hbank3              bank3        0000
__HbssCOMMON          bssCOMMON    0000
__Hcinit              cinit        0000
__Hclrtext            clrtext      0000
__Hcode               code         0000
__Hcommon             common       0000
__Hconfig             config       2009
__HcstackCOMMON       cstackCOMMON 0000
__Heeprom_data        eeprom_data  0000
__Hend_init           end_init     0003
__Hfunctab            functab      0000
__Hidloc              idloc        0000
__Hinit               init         0000
__Hintentry           intentry     0000
__Hmaintext           maintext     0000
__Hpa_nodes           pa_nodes     0000
__Hpowerup            powerup      0000
__Hram                ram          0000
__Hreset_vec          reset_vec    0000
__Hsfr0               sfr0         0000
__Hsfr1               sfr1         0000
__Hsfr2               sfr2         0000
__Hsfr3               sfr3         0000
__Hstrings            strings      0000
__Htext               text         0000
__Labs1               abs1         0000
__Lbank0              bank0        0000
__Lbank1              bank1        0000
__Lbank2              bank2        0000
__Lbank3              bank3        0000
__LbssCOMMON          bssCOMMON    0000
__Lcinit              cinit        0000
__Lclrtext            clrtext      0000
__Lcode               code         0000
__Lcommon             common       0000
__Lconfig             config       2007
__LcstackCOMMON       cstackCOMMON 0000
__Leeprom_data        eeprom_data  0000
__Lend_init           end_init     0000
__Lfunctab            functab      0000
__Lidloc              idloc        0000
__Linit               init         0000
__Lintentry           intentry     0000
__Lmaintext           maintext     0000
__Lpa_nodes           pa_nodes     0000
__Lpowerup            powerup      0000
__Lram                ram          0000
__Lreset_vec          reset_vec    0000
__Lsfr0               sfr0         0000
__Lsfr1               sfr1         0000
__Lsfr2               sfr2         0000
__Lsfr3               sfr3         0000
__Lstrings            strings      0000
__Ltext               text         0000
__S0                  (abs)        2009
__S1                  (abs)        007A
__S2                  (abs)        0000
__end_of_ADC          text64       07A4
__end_of_PWM          text61       07CF
__end_of_main         maintext     076E
__end_of_msecbase     text61       07EB
__end_of_pause        text61       07E0
__pbssCOMMON          bssCOMMON    0076
__pcstackCOMMON       cstackCOMMON 0070
__pmaintext           maintext     074A
__ptext60             text60       0000
__ptext61             text61       07A4
__ptext62             text61       07CF
__ptext63             text61       07E0
__ptext64             text64       076E
__ptext65             text65       0000
__size_of_ADC         (abs)        0000
__size_of_PWM         (abs)        0000
__size_of_main        (abs)        0000
__size_of_msecbase    (abs)        0000
__size_of_pause       (abs)        0000
_exit                 init         0000
_main                 maintext     074A
_msecbase             text61       07E0
_pause                text61       07CF
_vadc1                bssCOMMON    0076
_vadc2                bssCOMMON    0078
btemp                 (abs)        007E
end_of_initialization cinit        0746
intlevel0             functab      0000
intlevel1             functab      0000
intlevel2             functab      0000
intlevel3             functab      0000
intlevel4             functab      0000
intlevel5             functab      0000
l1049                                  
l1052                                  
l1058                                  
l1064                                  
l2417                                  
l2419                                  
l2423                                  
l2425                                  
l2427                                  
l2431                                  
l2433                                  
l2439                                  
l2443                                  
l2445                                  
l2447                                  
l2449                                  
l2451                                  
l2453                                  
l2455                                  
l2457                                  
l2459                                  
l2461                                  
l2463                                  
l2465                                  
l2467                                  
l2469                                  
l2471                                  
l2473                                  
l2475                                  
l2479                                  
pause@usvalue         cstackCOMMON 0070
pause@x               cstackCOMMON 0072
reset_vec             reset_vec    0000
start                 init         0000
start_initialization  cinit        0742
wtemp0                (abs)        007E
