MPLINK 4.49, Linker
Linker Map File - Created Tue Mar 29 15:52:14 2022

                                 Section Info
                  Section       Type    Address   Location Size(Bytes)
                ---------  ---------  ---------  ---------  ---------
                   .org_0       code   0x000000    program   0x000000
                   .org_1       code   0x000000    program   0x000000
                   .org_2       code   0x000000    program   0x000074
      .config_2007_M_E1.O       code   0x002007    program   0x000002
      .config_2008_M_E1.O       code   0x002008    program   0x000002



                              Program Memory Usage 
                               Start         End      
                           ---------   ---------      
                            0x000000    0x000039      
                            0x002007    0x002008      
            60 out of 8455 program addresses used, program memory utilization is 0%



                              Symbols - Sorted by Name
                     Name    Address   Location    Storage File                     
                ---------  ---------  ---------  --------- ---------                
                       CM   0x00001b    program     static C:\Users\Jorge\OneDrive\Escritorio\Microcontroladores\Proyectos\M_E1\M_E1.asm
                     C_IR   0x000034    program     static C:\Users\Jorge\OneDrive\Escritorio\Microcontroladores\Proyectos\M_E1\M_E1.asm
                     EB6X   0x000035    program     static C:\Users\Jorge\OneDrive\Escritorio\Microcontroladores\Proyectos\M_E1\M_E1.asm
                      EBF   0x00002b    program     static C:\Users\Jorge\OneDrive\Escritorio\Microcontroladores\Proyectos\M_E1\M_E1.asm
                     MSPI   0x000027    program     static C:\Users\Jorge\OneDrive\Escritorio\Microcontroladores\Proyectos\M_E1\M_E1.asm
                     R1MS   0x000032    program     static C:\Users\Jorge\OneDrive\Escritorio\Microcontroladores\Proyectos\M_E1\M_E1.asm



                              Symbols - Sorted by Address
                     Name    Address   Location    Storage File                     
                ---------  ---------  ---------  --------- ---------                
                       CM   0x00001b    program     static C:\Users\Jorge\OneDrive\Escritorio\Microcontroladores\Proyectos\M_E1\M_E1.asm
                     MSPI   0x000027    program     static C:\Users\Jorge\OneDrive\Escritorio\Microcontroladores\Proyectos\M_E1\M_E1.asm
                      EBF   0x00002b    program     static C:\Users\Jorge\OneDrive\Escritorio\Microcontroladores\Proyectos\M_E1\M_E1.asm
                     R1MS   0x000032    program     static C:\Users\Jorge\OneDrive\Escritorio\Microcontroladores\Proyectos\M_E1\M_E1.asm
                     C_IR   0x000034    program     static C:\Users\Jorge\OneDrive\Escritorio\Microcontroladores\Proyectos\M_E1\M_E1.asm
                     EB6X   0x000035    program     static C:\Users\Jorge\OneDrive\Escritorio\Microcontroladores\Proyectos\M_E1\M_E1.asm


