MPLINK 4.49, Linker
Linker Map File - Created Sat Mar 05 20:45:22 2022

                                 Section Info
                  Section       Type    Address   Location Size(Bytes)
                ---------  ---------  ---------  ---------  ---------
                   .org_0       code   0x000000    program   0x000000
                   .org_1       code   0x000000    program   0x0000d2
    .config_2007_MOTOR1.O       code   0x002007    program   0x000002
    .config_2008_MOTOR1.O       code   0x002008    program   0x000002



                              Program Memory Usage 
                               Start         End      
                           ---------   ---------      
                            0x000000    0x000068      
                            0x002007    0x002008      
            107 out of 8455 program addresses used, program memory utilization is 1%



                              Symbols - Sorted by Name
                     Name    Address   Location    Storage File                     
                ---------  ---------  ---------  --------- ---------                
                     C_VA   0x000062    program     static C:\Users\Jorge\OneDrive\Escritorio\Microcontroladores\Motor1\Motor1.asm
                     C_VB   0x000060    program     static C:\Users\Jorge\OneDrive\Escritorio\Microcontroladores\Motor1\Motor1.asm
                     C_VC   0x00005e    program     static C:\Users\Jorge\OneDrive\Escritorio\Microcontroladores\Motor1\Motor1.asm
                   GIRO_D   0x00004f    program     static C:\Users\Jorge\OneDrive\Escritorio\Microcontroladores\Motor1\Motor1.asm
                   GIRO_I   0x000042    program     static C:\Users\Jorge\OneDrive\Escritorio\Microcontroladores\Motor1\Motor1.asm
                  NINGUNO   0x00000e    program     static C:\Users\Jorge\OneDrive\Escritorio\Microcontroladores\Motor1\Motor1.asm
                      RET   0x00005c    program     static C:\Users\Jorge\OneDrive\Escritorio\Microcontroladores\Motor1\Motor1.asm
                     RE_1   0x000029    program     static C:\Users\Jorge\OneDrive\Escritorio\Microcontroladores\Motor1\Motor1.asm
                     RE_2   0x000031    program     static C:\Users\Jorge\OneDrive\Escritorio\Microcontroladores\Motor1\Motor1.asm
                     RE_3   0x000039    program     static C:\Users\Jorge\OneDrive\Escritorio\Microcontroladores\Motor1\Motor1.asm
                     RE_4   0x000041    program     static C:\Users\Jorge\OneDrive\Escritorio\Microcontroladores\Motor1\Motor1.asm
                     W_16   0x000032    program     static C:\Users\Jorge\OneDrive\Escritorio\Microcontroladores\Motor1\Motor1.asm
                     W_32   0x00002a    program     static C:\Users\Jorge\OneDrive\Escritorio\Microcontroladores\Motor1\Motor1.asm
                      W_4   0x00003a    program     static C:\Users\Jorge\OneDrive\Escritorio\Microcontroladores\Motor1\Motor1.asm
                     W_64   0x000022    program     static C:\Users\Jorge\OneDrive\Escritorio\Microcontroladores\Motor1\Motor1.asm



                              Symbols - Sorted by Address
                     Name    Address   Location    Storage File                     
                ---------  ---------  ---------  --------- ---------                
                  NINGUNO   0x00000e    program     static C:\Users\Jorge\OneDrive\Escritorio\Microcontroladores\Motor1\Motor1.asm
                     W_64   0x000022    program     static C:\Users\Jorge\OneDrive\Escritorio\Microcontroladores\Motor1\Motor1.asm
                     RE_1   0x000029    program     static C:\Users\Jorge\OneDrive\Escritorio\Microcontroladores\Motor1\Motor1.asm
                     W_32   0x00002a    program     static C:\Users\Jorge\OneDrive\Escritorio\Microcontroladores\Motor1\Motor1.asm
                     RE_2   0x000031    program     static C:\Users\Jorge\OneDrive\Escritorio\Microcontroladores\Motor1\Motor1.asm
                     W_16   0x000032    program     static C:\Users\Jorge\OneDrive\Escritorio\Microcontroladores\Motor1\Motor1.asm
                     RE_3   0x000039    program     static C:\Users\Jorge\OneDrive\Escritorio\Microcontroladores\Motor1\Motor1.asm
                      W_4   0x00003a    program     static C:\Users\Jorge\OneDrive\Escritorio\Microcontroladores\Motor1\Motor1.asm
                     RE_4   0x000041    program     static C:\Users\Jorge\OneDrive\Escritorio\Microcontroladores\Motor1\Motor1.asm
                   GIRO_I   0x000042    program     static C:\Users\Jorge\OneDrive\Escritorio\Microcontroladores\Motor1\Motor1.asm
                   GIRO_D   0x00004f    program     static C:\Users\Jorge\OneDrive\Escritorio\Microcontroladores\Motor1\Motor1.asm
                      RET   0x00005c    program     static C:\Users\Jorge\OneDrive\Escritorio\Microcontroladores\Motor1\Motor1.asm
                     C_VC   0x00005e    program     static C:\Users\Jorge\OneDrive\Escritorio\Microcontroladores\Motor1\Motor1.asm
                     C_VB   0x000060    program     static C:\Users\Jorge\OneDrive\Escritorio\Microcontroladores\Motor1\Motor1.asm
                     C_VA   0x000062    program     static C:\Users\Jorge\OneDrive\Escritorio\Microcontroladores\Motor1\Motor1.asm


