MPLINK 4.49, Linker
Linker Map File - Created Mon Mar 21 02:43:37 2022

                                 Section Info
                  Section       Type    Address   Location Size(Bytes)
                ---------  ---------  ---------  ---------  ---------
                   .org_0       code   0x000000    program   0x000000
                   .org_1       code   0x000000    program   0x000a50
      .config_2007_88D1.O       code   0x002007    program   0x000002
      .config_2008_88D1.O       code   0x002008    program   0x000002



                              Program Memory Usage 
                               Start         End      
                           ---------   ---------      
                            0x000000    0x000527      
                            0x002007    0x002008      
            1322 out of 8455 program addresses used, program memory utilization is 15%



                              Symbols - Sorted by Name
                     Name    Address   Location    Storage File                     
                ---------  ---------  ---------  --------- ---------                
                   ET0IFX   0x000524    program     static C:\Users\Jorge\OneDrive\Escritorio\Microcontroladores\Proyectos\88D1\88D1.asm
                      FR1   0x000012    program     static C:\Users\Jorge\OneDrive\Escritorio\Microcontroladores\Proyectos\88D1\88D1.asm
                     FR10   0x0000bd    program     static C:\Users\Jorge\OneDrive\Escritorio\Microcontroladores\Proyectos\88D1\88D1.asm
                     FR11   0x0000da    program     static C:\Users\Jorge\OneDrive\Escritorio\Microcontroladores\Proyectos\88D1\88D1.asm
                     FR12   0x0000f7    program     static C:\Users\Jorge\OneDrive\Escritorio\Microcontroladores\Proyectos\88D1\88D1.asm
                     FR13   0x000114    program     static C:\Users\Jorge\OneDrive\Escritorio\Microcontroladores\Proyectos\88D1\88D1.asm
                     FR14   0x000136    program     static C:\Users\Jorge\OneDrive\Escritorio\Microcontroladores\Proyectos\88D1\88D1.asm
                     FR15   0x000158    program     static C:\Users\Jorge\OneDrive\Escritorio\Microcontroladores\Proyectos\88D1\88D1.asm
                     FR16   0x00017a    program     static C:\Users\Jorge\OneDrive\Escritorio\Microcontroladores\Proyectos\88D1\88D1.asm
                     FR17   0x00019c    program     static C:\Users\Jorge\OneDrive\Escritorio\Microcontroladores\Proyectos\88D1\88D1.asm
                     FR18   0x0001be    program     static C:\Users\Jorge\OneDrive\Escritorio\Microcontroladores\Proyectos\88D1\88D1.asm
                     FR19   0x0001e0    program     static C:\Users\Jorge\OneDrive\Escritorio\Microcontroladores\Proyectos\88D1\88D1.asm
                      FR2   0x00001b    program     static C:\Users\Jorge\OneDrive\Escritorio\Microcontroladores\Proyectos\88D1\88D1.asm
                     FR20   0x000202    program     static C:\Users\Jorge\OneDrive\Escritorio\Microcontroladores\Proyectos\88D1\88D1.asm
                     FR21   0x000224    program     static C:\Users\Jorge\OneDrive\Escritorio\Microcontroladores\Proyectos\88D1\88D1.asm
                     FR22   0x000246    program     static C:\Users\Jorge\OneDrive\Escritorio\Microcontroladores\Proyectos\88D1\88D1.asm
                     FR23   0x000268    program     static C:\Users\Jorge\OneDrive\Escritorio\Microcontroladores\Proyectos\88D1\88D1.asm
                     FR24   0x00028a    program     static C:\Users\Jorge\OneDrive\Escritorio\Microcontroladores\Proyectos\88D1\88D1.asm
                     FR25   0x0002b1    program     static C:\Users\Jorge\OneDrive\Escritorio\Microcontroladores\Proyectos\88D1\88D1.asm
                     FR26   0x0002d8    program     static C:\Users\Jorge\OneDrive\Escritorio\Microcontroladores\Proyectos\88D1\88D1.asm
                     FR27   0x0002ff    program     static C:\Users\Jorge\OneDrive\Escritorio\Microcontroladores\Proyectos\88D1\88D1.asm
                     FR28   0x000326    program     static C:\Users\Jorge\OneDrive\Escritorio\Microcontroladores\Proyectos\88D1\88D1.asm
                     FR29   0x00034d    program     static C:\Users\Jorge\OneDrive\Escritorio\Microcontroladores\Proyectos\88D1\88D1.asm
                      FR3   0x000029    program     static C:\Users\Jorge\OneDrive\Escritorio\Microcontroladores\Proyectos\88D1\88D1.asm
                     FR30   0x000374    program     static C:\Users\Jorge\OneDrive\Escritorio\Microcontroladores\Proyectos\88D1\88D1.asm
                     FR31   0x00039b    program     static C:\Users\Jorge\OneDrive\Escritorio\Microcontroladores\Proyectos\88D1\88D1.asm
                     FR32   0x0003c2    program     static C:\Users\Jorge\OneDrive\Escritorio\Microcontroladores\Proyectos\88D1\88D1.asm
                     FR33   0x0003e9    program     static C:\Users\Jorge\OneDrive\Escritorio\Microcontroladores\Proyectos\88D1\88D1.asm
                     FR34   0x000410    program     static C:\Users\Jorge\OneDrive\Escritorio\Microcontroladores\Proyectos\88D1\88D1.asm
                     FR35   0x000437    program     static C:\Users\Jorge\OneDrive\Escritorio\Microcontroladores\Proyectos\88D1\88D1.asm
                     FR36   0x00045e    program     static C:\Users\Jorge\OneDrive\Escritorio\Microcontroladores\Proyectos\88D1\88D1.asm
                     FR37   0x000485    program     static C:\Users\Jorge\OneDrive\Escritorio\Microcontroladores\Proyectos\88D1\88D1.asm
                     FR38   0x0004ac    program     static C:\Users\Jorge\OneDrive\Escritorio\Microcontroladores\Proyectos\88D1\88D1.asm
                     FR39   0x0004d3    program     static C:\Users\Jorge\OneDrive\Escritorio\Microcontroladores\Proyectos\88D1\88D1.asm
                      FR4   0x000037    program     static C:\Users\Jorge\OneDrive\Escritorio\Microcontroladores\Proyectos\88D1\88D1.asm
                     FR40   0x0004fa    program     static C:\Users\Jorge\OneDrive\Escritorio\Microcontroladores\Proyectos\88D1\88D1.asm
                      FR5   0x00004a    program     static C:\Users\Jorge\OneDrive\Escritorio\Microcontroladores\Proyectos\88D1\88D1.asm
                      FR6   0x00005d    program     static C:\Users\Jorge\OneDrive\Escritorio\Microcontroladores\Proyectos\88D1\88D1.asm
                      FR7   0x000075    program     static C:\Users\Jorge\OneDrive\Escritorio\Microcontroladores\Proyectos\88D1\88D1.asm
                      FR8   0x000088    program     static C:\Users\Jorge\OneDrive\Escritorio\Microcontroladores\Proyectos\88D1\88D1.asm
                      FR9   0x0000a0    program     static C:\Users\Jorge\OneDrive\Escritorio\Microcontroladores\Proyectos\88D1\88D1.asm
                      INI   0x00000f    program     static C:\Users\Jorge\OneDrive\Escritorio\Microcontroladores\Proyectos\88D1\88D1.asm
                      RET   0x000522    program     static C:\Users\Jorge\OneDrive\Escritorio\Microcontroladores\Proyectos\88D1\88D1.asm



                              Symbols - Sorted by Address
                     Name    Address   Location    Storage File                     
                ---------  ---------  ---------  --------- ---------                
                      INI   0x00000f    program     static C:\Users\Jorge\OneDrive\Escritorio\Microcontroladores\Proyectos\88D1\88D1.asm
                      FR1   0x000012    program     static C:\Users\Jorge\OneDrive\Escritorio\Microcontroladores\Proyectos\88D1\88D1.asm
                      FR2   0x00001b    program     static C:\Users\Jorge\OneDrive\Escritorio\Microcontroladores\Proyectos\88D1\88D1.asm
                      FR3   0x000029    program     static C:\Users\Jorge\OneDrive\Escritorio\Microcontroladores\Proyectos\88D1\88D1.asm
                      FR4   0x000037    program     static C:\Users\Jorge\OneDrive\Escritorio\Microcontroladores\Proyectos\88D1\88D1.asm
                      FR5   0x00004a    program     static C:\Users\Jorge\OneDrive\Escritorio\Microcontroladores\Proyectos\88D1\88D1.asm
                      FR6   0x00005d    program     static C:\Users\Jorge\OneDrive\Escritorio\Microcontroladores\Proyectos\88D1\88D1.asm
                      FR7   0x000075    program     static C:\Users\Jorge\OneDrive\Escritorio\Microcontroladores\Proyectos\88D1\88D1.asm
                      FR8   0x000088    program     static C:\Users\Jorge\OneDrive\Escritorio\Microcontroladores\Proyectos\88D1\88D1.asm
                      FR9   0x0000a0    program     static C:\Users\Jorge\OneDrive\Escritorio\Microcontroladores\Proyectos\88D1\88D1.asm
                     FR10   0x0000bd    program     static C:\Users\Jorge\OneDrive\Escritorio\Microcontroladores\Proyectos\88D1\88D1.asm
                     FR11   0x0000da    program     static C:\Users\Jorge\OneDrive\Escritorio\Microcontroladores\Proyectos\88D1\88D1.asm
                     FR12   0x0000f7    program     static C:\Users\Jorge\OneDrive\Escritorio\Microcontroladores\Proyectos\88D1\88D1.asm
                     FR13   0x000114    program     static C:\Users\Jorge\OneDrive\Escritorio\Microcontroladores\Proyectos\88D1\88D1.asm
                     FR14   0x000136    program     static C:\Users\Jorge\OneDrive\Escritorio\Microcontroladores\Proyectos\88D1\88D1.asm
                     FR15   0x000158    program     static C:\Users\Jorge\OneDrive\Escritorio\Microcontroladores\Proyectos\88D1\88D1.asm
                     FR16   0x00017a    program     static C:\Users\Jorge\OneDrive\Escritorio\Microcontroladores\Proyectos\88D1\88D1.asm
                     FR17   0x00019c    program     static C:\Users\Jorge\OneDrive\Escritorio\Microcontroladores\Proyectos\88D1\88D1.asm
                     FR18   0x0001be    program     static C:\Users\Jorge\OneDrive\Escritorio\Microcontroladores\Proyectos\88D1\88D1.asm
                     FR19   0x0001e0    program     static C:\Users\Jorge\OneDrive\Escritorio\Microcontroladores\Proyectos\88D1\88D1.asm
                     FR20   0x000202    program     static C:\Users\Jorge\OneDrive\Escritorio\Microcontroladores\Proyectos\88D1\88D1.asm
                     FR21   0x000224    program     static C:\Users\Jorge\OneDrive\Escritorio\Microcontroladores\Proyectos\88D1\88D1.asm
                     FR22   0x000246    program     static C:\Users\Jorge\OneDrive\Escritorio\Microcontroladores\Proyectos\88D1\88D1.asm
                     FR23   0x000268    program     static C:\Users\Jorge\OneDrive\Escritorio\Microcontroladores\Proyectos\88D1\88D1.asm
                     FR24   0x00028a    program     static C:\Users\Jorge\OneDrive\Escritorio\Microcontroladores\Proyectos\88D1\88D1.asm
                     FR25   0x0002b1    program     static C:\Users\Jorge\OneDrive\Escritorio\Microcontroladores\Proyectos\88D1\88D1.asm
                     FR26   0x0002d8    program     static C:\Users\Jorge\OneDrive\Escritorio\Microcontroladores\Proyectos\88D1\88D1.asm
                     FR27   0x0002ff    program     static C:\Users\Jorge\OneDrive\Escritorio\Microcontroladores\Proyectos\88D1\88D1.asm
                     FR28   0x000326    program     static C:\Users\Jorge\OneDrive\Escritorio\Microcontroladores\Proyectos\88D1\88D1.asm
                     FR29   0x00034d    program     static C:\Users\Jorge\OneDrive\Escritorio\Microcontroladores\Proyectos\88D1\88D1.asm
                     FR30   0x000374    program     static C:\Users\Jorge\OneDrive\Escritorio\Microcontroladores\Proyectos\88D1\88D1.asm
                     FR31   0x00039b    program     static C:\Users\Jorge\OneDrive\Escritorio\Microcontroladores\Proyectos\88D1\88D1.asm
                     FR32   0x0003c2    program     static C:\Users\Jorge\OneDrive\Escritorio\Microcontroladores\Proyectos\88D1\88D1.asm
                     FR33   0x0003e9    program     static C:\Users\Jorge\OneDrive\Escritorio\Microcontroladores\Proyectos\88D1\88D1.asm
                     FR34   0x000410    program     static C:\Users\Jorge\OneDrive\Escritorio\Microcontroladores\Proyectos\88D1\88D1.asm
                     FR35   0x000437    program     static C:\Users\Jorge\OneDrive\Escritorio\Microcontroladores\Proyectos\88D1\88D1.asm
                     FR36   0x00045e    program     static C:\Users\Jorge\OneDrive\Escritorio\Microcontroladores\Proyectos\88D1\88D1.asm
                     FR37   0x000485    program     static C:\Users\Jorge\OneDrive\Escritorio\Microcontroladores\Proyectos\88D1\88D1.asm
                     FR38   0x0004ac    program     static C:\Users\Jorge\OneDrive\Escritorio\Microcontroladores\Proyectos\88D1\88D1.asm
                     FR39   0x0004d3    program     static C:\Users\Jorge\OneDrive\Escritorio\Microcontroladores\Proyectos\88D1\88D1.asm
                     FR40   0x0004fa    program     static C:\Users\Jorge\OneDrive\Escritorio\Microcontroladores\Proyectos\88D1\88D1.asm
                      RET   0x000522    program     static C:\Users\Jorge\OneDrive\Escritorio\Microcontroladores\Proyectos\88D1\88D1.asm
                   ET0IFX   0x000524    program     static C:\Users\Jorge\OneDrive\Escritorio\Microcontroladores\Proyectos\88D1\88D1.asm


