HI-TECH Software C Compiler 

Linker command line:

--edf=C:\Program Files (x86)\HI-TECH Software\PICC\9.82\dat\en_msgs.txt -cs \
  -h+BTCAR.sym -z -Q16F887 -ol.obj -MBTCAR.map -E1 -ACONST=00h-0FFhx32 \
  -ACODE=00h-07FFhx4 -ASTRCODE=00h-01FFFh -AENTRY=00h-0FFhx32 \
  -ASTRING=00h-0FFhx32 -ABANK0=020h-06Fh -ABANK1=0A0h-0EFh \
  -ABANK2=0110h-016Fh -ABANK3=0190h-01EFh \
  -ARAM=020h-06Fh,0A0h-0EFh,0110h-016Fh,0190h-01EFh \
  -AABS1=020h-07Fh,0A0h-0EFh,0110h-016Fh,0190h-01EFh -ACOMMON=070h-07Fh \
  -ASFR0=00h-01Fh -ASFR1=080h-09Fh -ASFR2=0100h-010Fh -ASFR3=0180h-018Fh \
  -preset_vec=00h,intentry,init,end_init -ppowerup=CODE -pfunctab=CODE \
  -ACONFIG=02007h-02008h -pconfig=CONFIG -DCONFIG=2 -AIDLOC=02000h-02003h \
  -pidloc=IDLOC -DIDLOC=2 -AEEDATA=00h-0FFh/02100h -peeprom_data=EEDATA \
  -DEEDATA=2 -DCODE=2 -DSTRCODE=2 -DSTRING=2 -DCONST=2 -DENTRY=2 -k \
  startup.obj BTCAR.obj 

Object code version is 3.10

Machine type is 16F887



                Name                               Link     Load   Length Selector   Space Scale
startup.obj     end_init                              0        0        3        0       0
BTCAR.obj       functab                             700      700        9        E       0
                config                             2007     2007        2     400E       0
                text330                             728      728        5        E       0
                text329                             72D      72D        4        E       0
                text328                             71A      71A        E        E       0
                text319                             38D      38D      140      71A       0
                text316                             4CD      4CD      233      99A       0
                maintext                            291      291       FC      522       0
                cstackBANK0                          20       20       17       20       1
                cstackCOMMON                         70       70        E       70       1
                dataBANK0                            45       45        1       20       1
                bssBANK0                             37       37        B       20       1
                cinit                               709      709       11        E       0
                nvBANK0                              42       42        3       20       1
                strings                               3        3       18        6       0

TOTAL           Name                               Link     Load   Length     Space
        CLASS   CONST          

        CLASS   CODE           
                end_init                              0        0        3         0
                functab                             700      700        9         0
                text330                             728      728        5         0
                text329                             72D      72D        4         0
                text328                             71A      71A        E         0
                text319                             38D      38D      140         0
                text316                             4CD      4CD      233         0
                maintext                            291      291       FC         0
                cinit                               709      709       11         0

        CLASS   STRCODE        

        CLASS   ENTRY          

        CLASS   STRING         
                strings                               3        3       18         0

        CLASS   BANK0          
                cstackBANK0                          20       20       17         1
                dataBANK0                            45       45        1         1
                bssBANK0                             37       37        B         1
                nvBANK0                              42       42        3         1

        CLASS   BANK1          

        CLASS   BANK2          

        CLASS   BANK3          

        CLASS   RAM            

        CLASS   ABS1           
                abs_s1                               7E       7E        2         1

        CLASS   COMMON         
                cstackCOMMON                         70       70        E         1

        CLASS   SFR0           

        CLASS   SFR1           

        CLASS   SFR2           

        CLASS   SFR3           

        CLASS   CONFIG         
                config                             2007     2007        2         0

        CLASS   IDLOC          

        CLASS   EEDATA         



SEGMENTS        Name                           Load    Length   Top    Selector   Space  Class     Delta

                reset_vec                      000000  000003  000003         0       0  CODE        2
                strings                        000003  000018  00001B         6       0  STRING      2
                cstackBANK0                    000020  000026  000046        20       1  BANK0       1
                cstackCOMMON                   000070  00000E  00007E        70       1  COMMON      1
                maintext                       000291  0000FC  00038D       522       0  CODE        2
                text319                        00038D  000140  0004CD       71A       0  CODE        2
                text316                        0004CD  000233  000700       99A       0  CODE        2
                functab                        000700  000031  000731         E       0  CODE        2
                config                         002007  000002  002009      400E       0  CONFIG      2


UNUSED ADDRESS RANGES

        Name                Unused          Largest block    Delta
        BANK0            0046-006F             2A           1
        BANK1            00A0-00EF             50           1
        BANK2            0110-016F             60           1
        BANK3            0190-01EF             60           1
        CODE             001B-0290            276           2
                         0731-1FFF            800
        CONST            001B-0290            100           2
                         0731-1FFF            100
        EEDATA           2100-21FF            100           2
        ENTRY            001B-0290            100           2
                         0731-1FFF            100
        IDLOC            2000-2003              4           2
        RAM              0046-006F             2A           1
                         00A0-00EF             50
                         0110-016F             60
                         0190-01EF             60
        SFR0             0000-001F             20           1
        SFR1             0080-009F             20           1
        SFR2             0100-010F             10           1
        SFR3             0180-018F             10           1
        STRCODE          001B-0290            276           2
                         0731-1FFF           18CF
        STRING           001B-0290            100           2
                         0731-1FFF            100

                                  Symbol Table

??_PWM                cstackCOMMON 0070
??_SR                 cstackBANK0  0031
??___lwdiv            cstackCOMMON 0074
??___lwmod            cstackCOMMON 007B
??___wmul             cstackCOMMON 0074
??__doprnt            cstackBANK0  0020
??_atoi               cstackCOMMON 0078
??_getch              cstackCOMMON 0070
??_init_comms         cstackCOMMON 0070
??_isdigit            cstackCOMMON 0070
??_line               cstackCOMMON 0072
??_main               cstackBANK0  0032
??_printf             cstackCOMMON 007E
??_putch              cstackCOMMON 0071
??_rutina             cstackCOMMON 0072
??_sprintf            cstackCOMMON 007E
?_PWM                 cstackCOMMON 0070
?_SR                  cstackCOMMON 0070
?___lwdiv             cstackCOMMON 0070
?___lwmod             cstackCOMMON 0077
?___wmul              cstackCOMMON 0070
?__doprnt             cstackCOMMON 007C
?_atoi                cstackCOMMON 0076
?_getch               cstackCOMMON 0070
?_init_comms          cstackCOMMON 0070
?_isdigit             cstackCOMMON 0070
?_line                cstackCOMMON 0070
?_main                cstackCOMMON 0070
?_printf              cstackBANK0  002A
?_putch               cstackCOMMON 0070
?_rutina              cstackCOMMON 0070
?_sprintf             cstackBANK0  002A
_ADCON1               (abs)        009F
_ADFM                 (abs)        04FF
_ADRESH               (abs)        001E
_ADRESL               (abs)        009E
_ANSEL                (abs)        0188
_ANSELH               (abs)        0189
_BAUDCTL              (abs)        0187
_CCP1CON              (abs)        0017
_CCP2CON              (abs)        001D
_CCPR1L               (abs)        0015
_CCPR2L               (abs)        001B
_PR2                  (abs)        0092
_PWM                  text319      0488
_RA0                  (abs)        0028
_RA1                  (abs)        0029
_RA2                  (abs)        002A
_RA3                  (abs)        002B
_RB0                  (abs)        0030
_RB1                  (abs)        0031
_RB6                  (abs)        0036
_RB7                  (abs)        0037
_RCIF                 (abs)        0065
_RCREG                (abs)        001A
_RCSTA                (abs)        0018
_SPBRG                (abs)        0099
_SR                   text316      04CD
_T1CON                (abs)        0010
_T2CON                (abs)        0012
_TMR1H                (abs)        000F
_TMR1IF               (abs)        0060
_TMR1L                (abs)        000E
_TMR1ON               (abs)        0080
_TRISA                (abs)        0085
_TRISB                (abs)        0086
_TRISB0               (abs)        0430
_TRISB1               (abs)        0431
_TRISB6               (abs)        0436
_TRISB7               (abs)        0437
_TRISC                (abs)        0087
_TRISC6               (abs)        043E
_TRISC7               (abs)        043F
_TRISD                (abs)        0088
_TRISE                (abs)        0089
_TXIF                 (abs)        0064
_TXREG                (abs)        0019
_TXSTA                (abs)        0098
__Habs1               abs1         0000
__Hbank0              bank0        0000
__Hbank1              bank1        0000
__Hbank2              bank2        0000
__Hbank3              bank3        0000
__HbssBANK0           bssBANK0     0000
__Hcinit              cinit        0000
__Hclrtext            clrtext      0000
__Hcode               code         0000
__Hcommon             common       0000
__Hconfig             config       2009
__HcstackBANK0        cstackBANK0  0000
__HcstackCOMMON       cstackCOMMON 0000
__HdataBANK0          dataBANK0    0000
__Heeprom_data        eeprom_data  0000
__Hend_init           end_init     0003
__Hfunctab            functab      0709
__HidataBANK0         idataBANK0   0000
__Hidloc              idloc        0000
__Hinit               init         0000
__Hintentry           intentry     0000
__Hmaintext           maintext     0000
__HnvBANK0            nvBANK0      0000
__Hpa_nodes           pa_nodes     0000
__Hpowerup            powerup      0000
__Hram                ram          0000
__Hreset_vec          reset_vec    0000
__Hsfr0               sfr0         0000
__Hsfr1               sfr1         0000
__Hsfr2               sfr2         0000
__Hsfr3               sfr3         0000
__Hstrings            strings      0000
__Htext               text         0000
__Labs1               abs1         0000
__Lbank0              bank0        0000
__Lbank1              bank1        0000
__Lbank2              bank2        0000
__Lbank3              bank3        0000
__LbssBANK0           bssBANK0     0000
__Lcinit              cinit        0000
__Lclrtext            clrtext      0000
__Lcode               code         0000
__Lcommon             common       0000
__Lconfig             config       2007
__LcstackBANK0        cstackBANK0  0000
__LcstackCOMMON       cstackCOMMON 0000
__LdataBANK0          dataBANK0    0000
__Leeprom_data        eeprom_data  0000
__Lend_init           end_init     0000
__Lfunctab            functab      0700
__LidataBANK0         idataBANK0   0000
__Lidloc              idloc        0000
__Linit               init         0000
__Lintentry           intentry     0000
__Lmaintext           maintext     0000
__LnvBANK0            nvBANK0      0000
__Lpa_nodes           pa_nodes     0000
__Lpowerup            powerup      0000
__Lram                ram          0000
__Lreset_vec          reset_vec    0000
__Lsfr0               sfr0         0000
__Lsfr1               sfr1         0000
__Lsfr2               sfr2         0000
__Lsfr3               sfr3         0000
__Lstrings            strings      0000
__Ltext               text         0000
__S0                  (abs)        2009
__S1                  (abs)        007E
__S2                  (abs)        0000
___lwdiv              text316      0605
___lwdiv@counter      cstackCOMMON 0076
___lwdiv@dividend     cstackCOMMON 0072
___lwdiv@divisor      cstackCOMMON 0070
___lwdiv@quotient     cstackCOMMON 0074
___lwmod              text316      062F
___lwmod@counter      cstackCOMMON 007B
___lwmod@dividend     cstackCOMMON 0079
___lwmod@divisor      cstackCOMMON 0077
___wmul               text316      06BB
___wmul@multiplicand  cstackCOMMON 0072
___wmul@multiplier    cstackCOMMON 0070
___wmul@product       cstackCOMMON 0074
__doprnt              text316      0533
__doprnt@_val         cstackBANK0  0024
__doprnt@ap           cstackCOMMON 007D
__doprnt@c            cstackBANK0  0028
__doprnt@f            cstackCOMMON 007C
__doprnt@flag         cstackBANK0  0022
__doprnt@pb           cstackBANK0  0029
__doprnt@prec         cstackBANK0  0023
__end_of_PWM          text319      04A9
__end_of_SR           text316      0533
__end_of___lwdiv      text316      062F
__end_of___lwmod      text316      0653
__end_of___wmul       text316      06D4
__end_of__doprnt      text316      0605
__end_of_atoi         text316      06AD
__end_of_getch        text329      0731
__end_of_init_comms   text328      0728
__end_of_isdigit      text316      06BB
__end_of_line         text319      03C0
__end_of_main         maintext     038D
__end_of_printf       text316      06E0
__end_of_putch        text330      072D
__end_of_rutina       text319      0488
__end_of_sprintf      text316      06F0
__pbssBANK0           bssBANK0     0037
__pcstackBANK0        cstackBANK0  0020
__pcstackCOMMON       cstackCOMMON 0070
__pdataBANK0          dataBANK0    0045
__pfunctab            functab      0700
__pidataBANK0         idataBANK0   0000
__pmaintext           maintext     0291
__pnvBANK0            nvBANK0      0042
__pstrings            strings      0003
__ptext316            text316      04CD
__ptext317            text316      06E0
__ptext318            text316      06D4
__ptext319            text319      038D
__ptext320            text319      03C0
__ptext321            text316      0533
__ptext322            text316      0653
__ptext323            text319      0488
__ptext324            text316      062F
__ptext325            text316      0605
__ptext326            text316      06BB
__ptext327            text316      06AD
__ptext328            text328      071A
__ptext329            text329      072D
__ptext330            text330      0728
__size_of_PWM         (abs)        0000
__size_of_SR          (abs)        0000
__size_of___lwdiv     (abs)        0000
__size_of___lwmod     (abs)        0000
__size_of___wmul      (abs)        0000
__size_of__doprnt     (abs)        0000
__size_of_atoi        (abs)        0000
__size_of_getch       (abs)        0000
__size_of_init_comms  (abs)        0000
__size_of_isdigit     (abs)        0000
__size_of_line        (abs)        0000
__size_of_main        (abs)        0000
__size_of_printf      (abs)        0000
__size_of_putch       (abs)        0000
__size_of_rutina      (abs)        0000
__size_of_sprintf     (abs)        0000
_atoi                 text316      0653
_carac1               bssBANK0     003E
_dato                 bssBANK0     0037
_dir                  dataBANK0    0045
_dist                 nvBANK0      0042
_dpowers              strings      0009
_exit                 init         0000
_getch                text329      072D
_init_comms           text328      071A
_isdigit              text316      06AD
_isdigit$2399         cstackCOMMON 0070
_line                 text319      038D
_main                 maintext     0291
_op                   nvBANK0      0044
_printf               text316      06D4
_putch                text330      0728
_pwm1                 bssBANK0     0039
_pwm2                 bssBANK0     003B
_rutina               text319      03C0
_sprintf              text316      06E0
_vel                  bssBANK0     003D
atoi@a                cstackCOMMON 007B
atoi@s                cstackCOMMON 007D
atoi@sign             cstackCOMMON 007A
btemp                 (abs)        007E
end_of_initialization cinit        0716
fpbase                functab      0705
fptable               functab      0700
fptotal               (abs)        0002
intlevel0             functab      0700
intlevel1             functab      0700
intlevel2             functab      0700
intlevel3             functab      0700
intlevel4             functab      0700
intlevel5             functab      0700
isdigit@c             cstackCOMMON 0071
l1062                                  
l1068                                  
l1071                                  
l1133                                  
l1136                                  
l1180                                  
l2180                                  
l2189                                  
l2196                                  
l2208                                  
l2218                                  
l2228                                  
l3173                                  
l3177                                  
l3183                                  
l3185                                  
l3187                                  
l3189                                  
l3191                                  
l3201                                  
l3209                                  
l3211                                  
l3217                                  
l3219                                  
l3229                                  
l3233                                  
l3237                                  
l3243                                  
l3257                                  
l3263                                  
l3265                                  
l3267                                  
l3269                                  
l3271                                  
l3273                                  
l3275                                  
l3277                                  
l3279                                  
l3281                                  
l3291                                  
l3307                                  
l3315                                  
l3325                                  
l3331                                  
l3335                                  
l3339                                  
l3351                                  
l3361                                  
l3367                                  
l3373                                  
l3383                                  
l3385                                  
l3387                                  
l3389                                  
l3391                                  
l3393                                  
l3395                                  
l3397                                  
l3399                                  
l3401                                  
l3403                                  
l3405                                  
l3407                                  
l3409                                  
l3411                                  
l3413                                  
l3415                                  
l3417                                  
l3419                                  
l3421                                  
l3423                                  
l3425                                  
l3427                                  
l3429                                  
l3431                                  
l3433                                  
l3435                                  
l3437                                  
l3439                                  
l3441                                  
l3443                                  
l3445                                  
l3447                                  
l3449                                  
l3451                                  
l3453                                  
l3455                                  
l3457                                  
l3459                                  
l3467                                  
l3469                                  
l3493                                  
l3495                                  
l3497                                  
l3499                                  
l3501                                  
l3503                                  
l3505                                  
l3509                                  
l3511                                  
l3513                                  
l3515                                  
l3517                                  
l3521                                  
l3523                                  
l3525                                  
l3533                                  
l3537                                  
l3543                                  
l3551                                  
l3553                                  
l3555                                  
l3557                                  
l3559                                  
l3561                                  
l3563                                  
l3565                                  
l3567                                  
l3569                                  
l3571                                  
l3573                                  
l3575                                  
l3577                                  
l3579                                  
l3581                                  
l3583                                  
l3585                                  
l3587                                  
l3591                                  
l3593                                  
l3595                                  
l3597                                  
l3599                                  
l3601                                  
l3603                                  
l3605                                  
l3613                                  
l3637                                  
l3639                                  
l3645                                  
l3647                                  
l3649                                  
l3679                                  
l3681                                  
l3683                                  
l3685                                  
l3687                                  
l3689                                  
l3691                                  
main@x                cstackBANK0  0035
printf@ap             cstackBANK0  002D
printf@f              cstackBANK0  002C
printf@pb             cstackBANK0  002E
putch@byte            cstackCOMMON 0070
reset_vec             reset_vec    0000
sprintf@ap            cstackBANK0  002E
sprintf@f             cstackBANK0  002A
sprintf@pb            cstackBANK0  002F
sprintf@wh            cstackBANK0  002D
start                 init         0000
start_initialization  cinit        0709
wtemp0                (abs)        007E
