HI-TECH Software C Compiler 

Linker command line:

--edf=C:\Program Files (x86)\HI-TECH Software\PICC\9.82\dat\en_msgs.txt -cs \
  -h+P1.sym -z -Q16F887 -ol.obj -MP1.map -E1 -ACONST=00h-0FFhx32 \
  -ACODE=00h-07FFhx4 -ASTRCODE=00h-01FFFh -AENTRY=00h-0FFhx32 \
  -ASTRING=00h-0FFhx32 -ABANK0=020h-06Fh -ABANK1=0A0h-0EFh \
  -ABANK2=0110h-016Fh -ABANK3=0190h-01EFh \
  -ARAM=020h-06Fh,0A0h-0EFh,0110h-016Fh,0190h-01EFh \
  -AABS1=020h-07Fh,0A0h-0EFh,0110h-016Fh,0190h-01EFh -ACOMMON=070h-07Fh \
  -ASFR0=00h-01Fh -ASFR1=080h-09Fh -ASFR2=0100h-010Fh -ASFR3=0180h-018Fh \
  -preset_vec=00h,intentry,init,end_init -ppowerup=CODE -pfunctab=CODE \
  -ACONFIG=02007h-02008h -pconfig=CONFIG -DCONFIG=2 -AIDLOC=02000h-02003h \
  -pidloc=IDLOC -DIDLOC=2 -AEEDATA=00h-0FFh/02100h -peeprom_data=EEDATA \
  -DEEDATA=2 -DCODE=2 -DSTRCODE=2 -DSTRING=2 -DCONST=2 -DENTRY=2 -k \
  startup.obj P1.obj 

Object code version is 3.10

Machine type is 16F887



                Name                               Link     Load   Length Selector   Space Scale
startup.obj     end_init                              0        0        3        0       0
P1.obj          config                             2007     2007        2     400E       0
                text65                              77A      77A        F      EF4       0
                text63                              774      774        6      EE8       0
                text62                              7C4      7C4       3C      F88       0
                maintext                            789      789       3B      F12       0
                cstackCOMMON                         70       70        8       70       1
                cinit                               770      770        4      EE0       0
                strings                               3        3       3F        6       0

TOTAL           Name                               Link     Load   Length     Space
        CLASS   CONST          

        CLASS   CODE           
                end_init                              0        0        3         0
                text65                              77A      77A        F         0
                text63                              774      774        6         0
                text62                              7C4      7C4       3C         0
                maintext                            789      789       3B         0
                cinit                               770      770        4         0

        CLASS   STRCODE        

        CLASS   ENTRY          

        CLASS   STRING         
                strings                               3        3       3F         0

        CLASS   BANK0          

        CLASS   BANK1          

        CLASS   BANK2          

        CLASS   BANK3          

        CLASS   RAM            

        CLASS   ABS1           
                abs_s1                               7E       7E        2         1

        CLASS   COMMON         
                cstackCOMMON                         70       70        8         1

        CLASS   SFR0           

        CLASS   SFR1           

        CLASS   SFR2           

        CLASS   SFR3           

        CLASS   CONFIG         
                config                             2007     2007        2         0

        CLASS   IDLOC          

        CLASS   EEDATA         



SEGMENTS        Name                           Load    Length   Top    Selector   Space  Class     Delta

                reset_vec                      000000  000003  000003         0       0  CODE        2
                strings                        000003  00003F  000042         6       0  STRING      2
                cstackCOMMON                   000070  000008  000078        70       1  COMMON      1
                cinit                          000770  000004  000774       EE0       0  CODE        2
                text63                         000774  000006  00077A       EE8       0  CODE        2
                text65                         00077A  00000F  000789       EF4       0  CODE        2
                maintext                       000789  00003B  0007C4       F12       0  CODE        2
                text62                         0007C4  00003C  000800       F88       0  CODE        2
                config                         002007  000002  002009      400E       0  CONFIG      2


UNUSED ADDRESS RANGES

        Name                Unused          Largest block    Delta
        BANK0            0020-006F             50           1
        BANK1            00A0-00EF             50           1
        BANK2            0110-016F             60           1
        BANK3            0190-01EF             60           1
        CODE             0042-076F            72E           2
                         0800-1FFF            800
        COMMON           0078-007D              6           1
        CONST            0042-076F            100           2
                         0800-1FFF            100
        EEDATA           2100-21FF            100           2
        ENTRY            0042-076F            100           2
                         0800-1FFF            100
        IDLOC            2000-2003              4           2
        RAM              0020-006F             50           1
                         00A0-00EF             50
                         0110-016F             60
                         0190-01EF             60
        SFR0             0000-001F             20           1
        SFR1             0080-009F             20           1
        SFR2             0100-010F             10           1
        SFR3             0180-018F             10           1
        STRCODE          0042-076F            72E           2
                         0800-1FFF           1800
        STRING           0042-076F            100           2
                         0800-1FFF            100

                                  Symbol Table

??_getch              cstackCOMMON 0070
??_init_comms         cstackCOMMON 0070
??_main               cstackCOMMON 0076
??_printf             cstackCOMMON 0073
??_putch              cstackCOMMON 0070
?_getch               cstackCOMMON 0070
?_init_comms          cstackCOMMON 0070
?_main                cstackCOMMON 0070
?_printf              cstackCOMMON 0071
?_putch               cstackCOMMON 0070
_ANSEL                (abs)        0188
_ANSELH               (abs)        0189
_BAUDCTL              (abs)        0187
_CM1CON0              (abs)        0107
_CM2CON0              (abs)        0108
_INTCON               (abs)        000B
_RCIF                 (abs)        0065
_RCREG                (abs)        001A
_RCSTA                (abs)        0018
_SPBRG                (abs)        0099
_TRISC6               (abs)        043E
_TRISC7               (abs)        043F
_TXIF                 (abs)        0064
_TXREG                (abs)        0019
_TXSTA                (abs)        0098
__Habs1               abs1         0000
__Hbank0              bank0        0000
__Hbank1              bank1        0000
__Hbank2              bank2        0000
__Hbank3              bank3        0000
__Hcinit              cinit        0000
__Hclrtext            clrtext      0000
__Hcode               code         0000
__Hcommon             common       0000
__Hconfig             config       2009
__HcstackCOMMON       cstackCOMMON 0000
__Heeprom_data        eeprom_data  0000
__Hend_init           end_init     0003
__Hfunctab            functab      0000
__Hidloc              idloc        0000
__Hinit               init         0000
__Hintentry           intentry     0000
__Hmaintext           maintext     0000
__Hpa_nodes           pa_nodes     0000
__Hpowerup            powerup      0000
__Hram                ram          0000
__Hreset_vec          reset_vec    0000
__Hsfr0               sfr0         0000
__Hsfr1               sfr1         0000
__Hsfr2               sfr2         0000
__Hsfr3               sfr3         0000
__Hstrings            strings      0000
__Htext               text         0000
__Labs1               abs1         0000
__Lbank0              bank0        0000
__Lbank1              bank1        0000
__Lbank2              bank2        0000
__Lbank3              bank3        0000
__Lcinit              cinit        0000
__Lclrtext            clrtext      0000
__Lcode               code         0000
__Lcommon             common       0000
__Lconfig             config       2007
__LcstackCOMMON       cstackCOMMON 0000
__Leeprom_data        eeprom_data  0000
__Lend_init           end_init     0000
__Lfunctab            functab      0000
__Lidloc              idloc        0000
__Linit               init         0000
__Lintentry           intentry     0000
__Lmaintext           maintext     0000
__Lpa_nodes           pa_nodes     0000
__Lpowerup            powerup      0000
__Lram                ram          0000
__Lreset_vec          reset_vec    0000
__Lsfr0               sfr0         0000
__Lsfr1               sfr1         0000
__Lsfr2               sfr2         0000
__Lsfr3               sfr3         0000
__Lstrings            strings      0000
__Ltext               text         0000
__S0                  (abs)        2009
__S1                  (abs)        0078
__S2                  (abs)        0000
__end_of_getch        text63       077A
__end_of_init_comms   text65       0789
__end_of_main         maintext     07C4
__end_of_printf       text62       07F8
__end_of_putch        text62       0800
__pcstackCOMMON       cstackCOMMON 0070
__pmaintext           maintext     0789
__pstrings            strings      0003
__ptext61             text61       0000
__ptext62             text62       07C4
__ptext63             text63       0774
__ptext64             text62       07F8
__ptext65             text65       077A
__ptext66             text66       0000
__size_of_getch       (abs)        0000
__size_of_init_comms  (abs)        0000
__size_of_main        (abs)        0000
__size_of_printf      (abs)        0000
__size_of_putch       (abs)        0000
_exit                 init         0000
_getch                text63       0774
_init_comms           text65       077A
_main                 maintext     0789
_printf               text62       07C4
_putch                text62       07F8
btemp                 (abs)        007E
end_of_initialization cinit        0770
intlevel0             functab      0000
intlevel1             functab      0000
intlevel2             functab      0000
intlevel3             functab      0000
intlevel4             functab      0000
intlevel5             functab      0000
l1047                                  
l1053                                  
l1056                                  
l2428                                  
l2430                                  
l2432                                  
l2434                                  
l2438                                  
l2444                                  
l2452                                  
l2462                                  
l2464                                  
l2466                                  
l2474                                  
l2476                                  
l2478                                  
l2480                                  
l2484                                  
l2486                                  
main@count            cstackCOMMON 0077
main@input            cstackCOMMON 0076
printf@ap             cstackCOMMON 0073
printf@c              cstackCOMMON 0075
printf@f              cstackCOMMON 0074
putch@byte            cstackCOMMON 0070
reset_vec             reset_vec    0000
start                 init         0000
start_initialization  cinit        0770
wtemp0                (abs)        007E
