HI-TECH Software C Compiler 

Linker command line:

--edf=C:\Program Files (x86)\HI-TECH Software\PICC\9.82\dat\en_msgs.txt -cs \
  -h+COMADC.sym -z -Q16F887 -ol.obj -MCOMADC.map -E1 -ACONST=00h-0FFhx32 \
  -ACODE=00h-07FFhx4 -ASTRCODE=00h-01FFFh -AENTRY=00h-0FFhx32 \
  -ASTRING=00h-0FFhx32 -ABANK0=020h-06Fh -ABANK1=0A0h-0EFh \
  -ABANK2=0110h-016Fh -ABANK3=0190h-01EFh \
  -ARAM=020h-06Fh,0A0h-0EFh,0110h-016Fh,0190h-01EFh \
  -AABS1=020h-07Fh,0A0h-0EFh,0110h-016Fh,0190h-01EFh -ACOMMON=070h-07Fh \
  -ASFR0=00h-01Fh -ASFR1=080h-09Fh -ASFR2=0100h-010Fh -ASFR3=0180h-018Fh \
  -preset_vec=00h,intentry,init,end_init -ppowerup=CODE -pfunctab=CODE \
  -ACONFIG=02007h-02008h -pconfig=CONFIG -DCONFIG=2 -AIDLOC=02000h-02003h \
  -pidloc=IDLOC -DIDLOC=2 -AEEDATA=00h-0FFh/02100h -peeprom_data=EEDATA \
  -DEEDATA=2 -DCODE=2 -DSTRCODE=2 -DSTRING=2 -DCONST=2 -DENTRY=2 -k \
  startup.obj COMADC.obj 

Object code version is 3.10

Machine type is 16F887



                Name                               Link     Load   Length Selector   Space Scale
startup.obj     end_init                              0        0        3        0       0
COMADC.obj      config                             2007     2007        2     400E       0
                text343                             456      456        6      8AC       0
                text342                             45C      45C        E      8B8       0
                text337                             4D8      4D8       E7      9B0       0
                text332                             5BF      5BF      241      B7E       0
                maintext                            47D      47D       5B      8FA       0
                cstackBANK0                          2F       2F        B       20       1
                cstackCOMMON                         70       70        E       70       1
                bssBANK0                             20       20        F       20       1
                cinit                               46A      46A       13      8D4       0
                strings                               3        3       14        6       0

TOTAL           Name                               Link     Load   Length     Space
        CLASS   CONST          

        CLASS   CODE           
                end_init                              0        0        3         0
                text343                             456      456        6         0
                text342                             45C      45C        E         0
                text337                             4D8      4D8       E7         0
                text332                             5BF      5BF      241         0
                maintext                            47D      47D       5B         0
                cinit                               46A      46A       13         0

        CLASS   STRCODE        

        CLASS   ENTRY          

        CLASS   STRING         
                strings                               3        3       14         0

        CLASS   BANK0          
                cstackBANK0                          2F       2F        B         1
                bssBANK0                             20       20        F         1

        CLASS   BANK1          

        CLASS   BANK2          

        CLASS   BANK3          

        CLASS   RAM            

        CLASS   ABS1           
                abs_s1                               7E       7E        2         1

        CLASS   COMMON         
                cstackCOMMON                         70       70        E         1

        CLASS   SFR0           

        CLASS   SFR1           

        CLASS   SFR2           

        CLASS   SFR3           

        CLASS   CONFIG         
                config                             2007     2007        2         0

        CLASS   IDLOC          

        CLASS   EEDATA         



SEGMENTS        Name                           Load    Length   Top    Selector   Space  Class     Delta

                reset_vec                      000000  000003  000003         0       0  CODE        2
                strings                        000003  000014  000017         6       0  STRING      2
                bssBANK0                       000020  00001A  00003A        20       1  BANK0       1
                cstackCOMMON                   000070  00000E  00007E        70       1  COMMON      1
                text343                        000456  000006  00045C       8AC       0  CODE        2
                text342                        00045C  00000E  00046A       8B8       0  CODE        2
                cinit                          00046A  000013  00047D       8D4       0  CODE        2
                maintext                       00047D  00005B  0004D8       8FA       0  CODE        2
                text337                        0004D8  0000E7  0005BF       9B0       0  CODE        2
                text332                        0005BF  000241  000800       B7E       0  CODE        2
                config                         002007  000002  002009      400E       0  CONFIG      2


UNUSED ADDRESS RANGES

        Name                Unused          Largest block    Delta
        BANK0            003A-006F             36           1
        BANK1            00A0-00EF             50           1
        BANK2            0110-016F             60           1
        BANK3            0190-01EF             60           1
        CODE             0017-0455            43F           2
                         0800-1FFF            800
        CONST            0017-0455            100           2
                         0800-1FFF            100
        EEDATA           2100-21FF            100           2
        ENTRY            0017-0455            100           2
                         0800-1FFF            100
        IDLOC            2000-2003              4           2
        RAM              003A-006F             36           1
                         00A0-00EF             50
                         0110-016F             60
                         0190-01EF             60
        SFR0             0000-001F             20           1
        SFR1             0080-009F             20           1
        SFR2             0100-010F             10           1
        SFR3             0180-018F             10           1
        STRCODE          0017-0455            43F           2
                         0800-1FFF           1800
        STRING           0017-0455            100           2
                         0800-1FFF            100

                                  Symbol Table

??_ADC                 cstackBANK0  0038
??_PWM                 cstackCOMMON 0074
??___ftmul             cstackBANK0  002F
??___ftpack            cstackCOMMON 0075
??___lwdiv             cstackCOMMON 0074
??___lwmod             cstackCOMMON 007B
??___lwtoft            cstackCOMMON 007B
??_getch               cstackCOMMON 0070
??_init_comms          cstackCOMMON 0070
??_lcd_clear           cstackCOMMON 0075
??_lcd_init            cstackCOMMON 0075
??_lcd_write           cstackCOMMON 0074
??_main                cstackCOMMON 007E
??_msecbase            cstackCOMMON 0070
??_pause               cstackCOMMON 0072
??_printf              cstackBANK0  002F
??_putch               cstackCOMMON 0070
?_ADC                  cstackCOMMON 0070
?_PWM                  cstackCOMMON 0070
?___ftmul              cstackCOMMON 0078
?___ftpack             cstackCOMMON 0070
?___lwdiv              cstackCOMMON 0070
?___lwmod              cstackCOMMON 0077
?___lwtoft             cstackCOMMON 0078
?_getch                cstackCOMMON 0070
?_init_comms           cstackCOMMON 0070
?_lcd_clear            cstackCOMMON 0070
?_lcd_init             cstackCOMMON 0070
?_lcd_write            cstackCOMMON 0070
?_main                 cstackCOMMON 0070
?_msecbase             cstackCOMMON 0070
?_pause                cstackCOMMON 0070
?_printf               cstackCOMMON 007C
?_putch                cstackCOMMON 0070
_ADC                   text332      05E1
_ADCON0                (abs)        001F
_ADFM                  (abs)        04FF
_ADRESH                (abs)        001E
_ADRESL                (abs)        009E
_ANSEL                 (abs)        0188
_ANSELH                (abs)        0189
_BAUDCTL               (abs)        0187
_CCP1CON               (abs)        0017
_CCP2CON               (abs)        001D
_CCPR1L                (abs)        0015
_CCPR2L                (abs)        001B
_GO_DONE               (abs)        00F9
_OPTION_REG            (abs)        0081
_PORTD                 (abs)        0008
_PR2                   (abs)        0092
_PWM                   text332      05BF
_RC0                   (abs)        0038
_RC3                   (abs)        003B
_RC4                   (abs)        003C
_RCIF                  (abs)        0065
_RCREG                 (abs)        001A
_RCSTA                 (abs)        0018
_SPBRG                 (abs)        0099
_T0IF                  (abs)        005A
_T2CON                 (abs)        0012
_TMR0                  (abs)        0001
_TRISA                 (abs)        0085
_TRISB                 (abs)        0086
_TRISC                 (abs)        0087
_TRISC6                (abs)        043E
_TRISC7                (abs)        043F
_TRISD                 (abs)        0088
_TRISE                 (abs)        0089
_TXIF                  (abs)        0064
_TXREG                 (abs)        0019
_TXSTA                 (abs)        0098
__Habs1                abs1         0000
__Hbank0               bank0        0000
__Hbank1               bank1        0000
__Hbank2               bank2        0000
__Hbank3               bank3        0000
__HbssBANK0            bssBANK0     0000
__Hcinit               cinit        0000
__Hclrtext             clrtext      0000
__Hcode                code         0000
__Hcommon              common       0000
__Hconfig              config       2009
__HcstackBANK0         cstackBANK0  0000
__HcstackCOMMON        cstackCOMMON 0000
__Heeprom_data         eeprom_data  0000
__Hend_init            end_init     0003
__Hfunctab             functab      0000
__Hidloc               idloc        0000
__Hinit                init         0000
__Hintentry            intentry     0000
__Hmaintext            maintext     0000
__Hpa_nodes            pa_nodes     0000
__Hpowerup             powerup      0000
__Hram                 ram          0000
__Hreset_vec           reset_vec    0000
__Hsfr0                sfr0         0000
__Hsfr1                sfr1         0000
__Hsfr2                sfr2         0000
__Hsfr3                sfr3         0000
__Hstrings             strings      0000
__Htext                text         0000
__Labs1                abs1         0000
__Lbank0               bank0        0000
__Lbank1               bank1        0000
__Lbank2               bank2        0000
__Lbank3               bank3        0000
__LbssBANK0            bssBANK0     0000
__Lcinit               cinit        0000
__Lclrtext             clrtext      0000
__Lcode                code         0000
__Lcommon              common       0000
__Lconfig              config       2007
__LcstackBANK0         cstackBANK0  0000
__LcstackCOMMON        cstackCOMMON 0000
__Leeprom_data         eeprom_data  0000
__Lend_init            end_init     0000
__Lfunctab             functab      0000
__Lidloc               idloc        0000
__Linit                init         0000
__Lintentry            intentry     0000
__Lmaintext            maintext     0000
__Lpa_nodes            pa_nodes     0000
__Lpowerup             powerup      0000
__Lram                 ram          0000
__Lreset_vec           reset_vec    0000
__Lsfr0                sfr0         0000
__Lsfr1                sfr1         0000
__Lsfr2                sfr2         0000
__Lsfr3                sfr3         0000
__Lstrings             strings      0000
__Ltext                text         0000
__S0                   (abs)        2009
__S1                   (abs)        007E
__S2                   (abs)        0000
___ftmul               text332      06AE
___ftmul@cntr          cstackBANK0  0036
___ftmul@exp           cstackBANK0  0032
___ftmul@f1            cstackCOMMON 0078
___ftmul@f2            cstackCOMMON 007B
___ftmul@f3_as_product cstackBANK0  0033
___ftmul@sign          cstackBANK0  0037
___ftpack              text332      0784
___ftpack@arg          cstackCOMMON 0070
___ftpack@exp          cstackCOMMON 0073
___ftpack@sign         cstackCOMMON 0074
___lwdiv               text337      0571
___lwdiv@counter       cstackCOMMON 0076
___lwdiv@dividend      cstackCOMMON 0072
___lwdiv@divisor       cstackCOMMON 0070
___lwdiv@quotient      cstackCOMMON 0074
___lwmod               text337      059B
___lwmod@counter       cstackCOMMON 007B
___lwmod@dividend      cstackCOMMON 0079
___lwmod@divisor       cstackCOMMON 0077
___lwtoft              text332      069E
___lwtoft@c            cstackCOMMON 0078
__end_of_ADC           text332      069E
__end_of_PWM           text332      05E1
__end_of___ftmul       text332      071D
__end_of___ftpack      text332      07C2
__end_of___lwdiv       text337      059B
__end_of___lwmod       text337      05BF
__end_of___lwtoft      text332      06AE
__end_of_getch         text343      045C
__end_of_init_comms    text342      046A
__end_of_lcd_clear     text332      07CB
__end_of_lcd_init      text332      0753
__end_of_lcd_write     text332      0777
__end_of_main          maintext     04D8
__end_of_msecbase      text332      0784
__end_of_pause         text332      0764
__end_of_printf        text337      056B
__end_of_putch         text337      0571
__pbssBANK0            bssBANK0     0020
__pcstackBANK0         cstackBANK0  002F
__pcstackCOMMON        cstackCOMMON 0070
__pmaintext            maintext     047D
__pstrings             strings      0003
__ptext329             text332      071D
__ptext330             text332      07C2
__ptext331             text332      0764
__ptext332             text332      05BF
__ptext333             text332      05E1
__ptext334             text332      069E
__ptext335             text332      06AE
__ptext336             text332      0753
__ptext337             text337      04D8
__ptext338             text332      0784
__ptext339             text337      059B
__ptext340             text337      0571
__ptext341             text332      0777
__ptext342             text342      045C
__ptext343             text343      0456
__ptext344             text337      056B
__ptext345             text345      0000
__size_of_ADC          (abs)        0000
__size_of_PWM          (abs)        0000
__size_of___ftmul      (abs)        0000
__size_of___ftpack     (abs)        0000
__size_of___lwdiv      (abs)        0000
__size_of___lwmod      (abs)        0000
__size_of___lwtoft     (abs)        0000
__size_of_getch        (abs)        0000
__size_of_init_comms   (abs)        0000
__size_of_lcd_clear    (abs)        0000
__size_of_lcd_init     (abs)        0000
__size_of_lcd_write    (abs)        0000
__size_of_main         (abs)        0000
__size_of_msecbase     (abs)        0000
__size_of_pause        (abs)        0000
__size_of_printf       (abs)        0000
__size_of_putch        (abs)        0000
_dpowers               strings      0009
_exit                  init         0000
_getch                 text343      0456
_init_comms            text342      045C
_lcd_clear             text332      07C2
_lcd_init              text332      071D
_lcd_write             text332      0764
_main                  maintext     047D
_msecbase              text332      0777
_pause                 text332      0753
_printf                text337      04D8
_putch                 text337      056B
_pwm1                  bssBANK0     0020
_pwm2                  bssBANK0     0023
_pwm3                  bssBANK0     0026
_vadc1                 bssBANK0     0029
_vadc2                 bssBANK0     002B
_vadc3                 bssBANK0     002D
btemp                  (abs)        007E
end_of_initialization  cinit        0479
intlevel0              functab      0000
intlevel1              functab      0000
intlevel2              functab      0000
intlevel3              functab      0000
intlevel4              functab      0000
intlevel5              functab      0000
l1052                                   
l1058                                   
l1061                                   
l1079                                   
l1082                                   
l1085                                   
l1088                                   
l1103                                   
l1109                                   
l1115                                   
l2147                                   
l2157                                   
l2357                                   
l2988                                   
l2992                                   
l2998                                   
l3000                                   
l3002                                   
l3004                                   
l3006                                   
l3008                                   
l3018                                   
l3022                                   
l3026                                   
l3032                                   
l3046                                   
l3052                                   
l3054                                   
l3074                                   
l3076                                   
l3078                                   
l3080                                   
l3090                                   
l3094                                   
l3096                                   
l3100                                   
l3112                                   
l3122                                   
l3132                                   
l3136                                   
l3150                                   
l3152                                   
l3154                                   
l3156                                   
l3158                                   
l3160                                   
l3162                                   
l3164                                   
l3172                                   
l3174                                   
l3176                                   
l3184                                   
l3186                                   
l3188                                   
l3192                                   
l3196                                   
l3198                                   
l3202                                   
l3204                                   
l3206                                   
l3208                                   
l3210                                   
l3212                                   
l3216                                   
l3218                                   
l3220                                   
l3222                                   
l3224                                   
l3226                                   
l3230                                   
l3232                                   
l3234                                   
l3236                                   
l3238                                   
l3240                                   
l3242                                   
l3244                                   
l3246                                   
l3248                                   
l3250                                   
l3252                                   
l3254                                   
l3256                                   
l3258                                   
l3260                                   
l3262                                   
l3264                                   
l3266                                   
l3268                                   
l3270                                   
l3272                                   
l3274                                   
l3276                                   
l3278                                   
l3280                                   
l3282                                   
l3284                                   
l3286                                   
l3288                                   
l3290                                   
l3292                                   
l3294                                   
l3296                                   
l3298                                   
l3300                                   
l3302                                   
l3304                                   
l3306                                   
l3308                                   
l3310                                   
l3312                                   
l3314                                   
l3316                                   
l3318                                   
l3320                                   
l3322                                   
l3324                                   
l3326                                   
l3328                                   
l3330                                   
l3332                                   
l3334                                   
l3338                                   
l3340                                   
l3342                                   
l3344                                   
l3346                                   
l3348                                   
lcd_write@c            cstackCOMMON 0074
pause@usvalue          cstackCOMMON 0070
pause@x                cstackCOMMON 0072
printf@_val            cstackBANK0  0035
printf@ap              cstackBANK0  0031
printf@c               cstackBANK0  0039
printf@f               cstackBANK0  0033
printf@flag            cstackBANK0  0032
printf@prec            cstackBANK0  0034
putch@byte             cstackCOMMON 0070
reset_vec              reset_vec    0000
start                  init         0000
start_initialization   cinit        046A
wtemp0                 (abs)        007E
