HI-TECH Software C Compiler 

Linker command line:

--edf=C:\Program Files (x86)\HI-TECH Software\PICC\9.82\dat\en_msgs.txt -cs \
  -h+NOMBRE.sym -z -Q16F887 -ol.obj -MNOMBRE.map -E1 -ACONST=00h-0FFhx32 \
  -ACODE=00h-07FFhx4 -ASTRCODE=00h-01FFFh -AENTRY=00h-0FFhx32 \
  -ASTRING=00h-0FFhx32 -ABANK0=020h-06Fh -ABANK1=0A0h-0EFh \
  -ABANK2=0110h-016Fh -ABANK3=0190h-01EFh \
  -ARAM=020h-06Fh,0A0h-0EFh,0110h-016Fh,0190h-01EFh \
  -AABS1=020h-07Fh,0A0h-0EFh,0110h-016Fh,0190h-01EFh -ACOMMON=070h-07Fh \
  -ASFR0=00h-01Fh -ASFR1=080h-09Fh -ASFR2=0100h-010Fh -ASFR3=0180h-018Fh \
  -preset_vec=00h,intentry,init,end_init -ppowerup=CODE -pfunctab=CODE \
  -ACONFIG=02007h-02008h -pconfig=CONFIG -DCONFIG=2 -AIDLOC=02000h-02003h \
  -pidloc=IDLOC -DIDLOC=2 -AEEDATA=00h-0FFh/02100h -peeprom_data=EEDATA \
  -DEEDATA=2 -DCODE=2 -DSTRCODE=2 -DSTRING=2 -DCONST=2 -DENTRY=2 -k \
  startup.obj NOMBRE.obj 

Object code version is 3.10

Machine type is 16F887



                Name                               Link     Load   Length Selector   Space Scale
startup.obj     end_init                              0        0        3        0       0
NOMBRE.obj      config                             2007     2007        2     400E       0
                text84                              76A      76A       1E      ED4       0
                maintext                            7B5      7B5       4B      F6A       0
                cstackCOMMON                         70       70        6       70       1
                inittext                            745      745       11      E8A       0
                dataBANK0                            20       20       2D       20       1
                bssCOMMON                            76       76        4       70       1
                cinit                               756      756       14      EAC       0
                nvCOMMON                             7A       7A        2       70       1
                idataBANK0                          788      788       2D      F10       0

TOTAL           Name                               Link     Load   Length     Space
        CLASS   CONST          

        CLASS   CODE           
                end_init                              0        0        3         0
                text84                              76A      76A       1E         0
                maintext                            7B5      7B5       4B         0
                inittext                            745      745       11         0
                cinit                               756      756       14         0
                idataBANK0                          788      788       2D         0

        CLASS   STRCODE        

        CLASS   ENTRY          

        CLASS   STRING         

        CLASS   BANK0          
                dataBANK0                            20       20       2D         1

        CLASS   BANK1          

        CLASS   BANK2          

        CLASS   BANK3          

        CLASS   RAM            

        CLASS   ABS1           
                abs_s1                               7E       7E        2         1

        CLASS   COMMON         
                cstackCOMMON                         70       70        6         1
                bssCOMMON                            76       76        4         1
                nvCOMMON                             7A       7A        2         1

        CLASS   SFR0           

        CLASS   SFR1           

        CLASS   SFR2           

        CLASS   SFR3           

        CLASS   CONFIG         
                config                             2007     2007        2         0

        CLASS   IDLOC          

        CLASS   EEDATA         



SEGMENTS        Name                           Load    Length   Top    Selector   Space  Class     Delta

                reset_vec                      000000  000003  000003         0       0  CODE        2
                dataBANK0                      000020  00002D  00004D        20       1  BANK0       1
                cstackCOMMON                   000070  00000C  00007C        70       1  COMMON      1
                inittext                       000745  000011  000756       E8A       0  CODE        2
                cinit                          000756  000014  00076A       EAC       0  CODE        2
                text84                         00076A  00001E  000788       ED4       0  CODE        2
                idataBANK0                     000788  00002D  0007B5       F10       0  CODE        2
                maintext                       0007B5  00004B  000800       F6A       0  CODE        2
                config                         002007  000002  002009      400E       0  CONFIG      2


UNUSED ADDRESS RANGES

        Name                Unused          Largest block    Delta
        BANK0            004D-006F             23           1
        BANK1            00A0-00EF             50           1
        BANK2            0110-016F             60           1
        BANK3            0190-01EF             60           1
        CODE             0003-0744            742           2
                         0800-1FFF            800
        COMMON           007C-007D              2           1
        CONST            0003-0744            100           2
                         0800-1FFF            100
        EEDATA           2100-21FF            100           2
        ENTRY            0003-0744            100           2
                         0800-1FFF            100
        IDLOC            2000-2003              4           2
        RAM              004D-006F             23           1
                         00A0-00EF             50
                         0110-016F             60
                         0190-01EF             60
        SFR0             0000-001F             20           1
        SFR1             0080-009F             20           1
        SFR2             0100-010F             10           1
        SFR3             0180-018F             10           1
        STRCODE          0003-0744            742           2
                         0800-1FFF           1800
        STRING           0003-0744            100           2
                         0800-1FFF            100

                                  Symbol Table

??_main               cstackCOMMON 0074
??_msecbase           cstackCOMMON 0070
??_pause              cstackCOMMON 0072
?_main                cstackCOMMON 0070
?_msecbase            cstackCOMMON 0070
?_pause               cstackCOMMON 0070
_ANSEL                (abs)        0188
_ANSELH               (abs)        0189
_LETRA1               dataBANK0    0020
_OPTION_REG           (abs)        0081
_PORTA                (abs)        0005
_PORTC                (abs)        0007
_POS                  dataBANK0    0044
_T0IF                 (abs)        005A
_TMR0                 (abs)        0001
_TRISA                (abs)        0085
_TRISB                (abs)        0086
_TRISC                (abs)        0087
_TRISD                (abs)        0088
_TRISE                (abs)        0089
__Habs1               abs1         0000
__Hbank0              bank0        0000
__Hbank1              bank1        0000
__Hbank2              bank2        0000
__Hbank3              bank3        0000
__HbssCOMMON          bssCOMMON    0000
__Hcinit              cinit        0000
__Hclrtext            clrtext      0000
__Hcode               code         0000
__Hcommon             common       0000
__Hconfig             config       2009
__HcstackCOMMON       cstackCOMMON 0000
__HdataBANK0          dataBANK0    0000
__Heeprom_data        eeprom_data  0000
__Hend_init           end_init     0003
__Hfunctab            functab      0000
__HidataBANK0         idataBANK0   0000
__Hidloc              idloc        0000
__Hinit               init         0000
__Hinittext           inittext     0000
__Hintentry           intentry     0000
__Hmaintext           maintext     0000
__HnvCOMMON           nvCOMMON     0000
__Hpa_nodes           pa_nodes     0000
__Hpowerup            powerup      0000
__Hram                ram          0000
__Hreset_vec          reset_vec    0000
__Hsfr0               sfr0         0000
__Hsfr1               sfr1         0000
__Hsfr2               sfr2         0000
__Hsfr3               sfr3         0000
__Hstrings            strings      0000
__Htext               text         0000
__Labs1               abs1         0000
__Lbank0              bank0        0000
__Lbank1              bank1        0000
__Lbank2              bank2        0000
__Lbank3              bank3        0000
__LbssCOMMON          bssCOMMON    0000
__Lcinit              cinit        0000
__Lclrtext            clrtext      0000
__Lcode               code         0000
__Lcommon             common       0000
__Lconfig             config       2007
__LcstackCOMMON       cstackCOMMON 0000
__LdataBANK0          dataBANK0    0000
__Leeprom_data        eeprom_data  0000
__Lend_init           end_init     0000
__Lfunctab            functab      0000
__LidataBANK0         idataBANK0   0000
__Lidloc              idloc        0000
__Linit               init         0000
__Linittext           inittext     0000
__Lintentry           intentry     0000
__Lmaintext           maintext     0000
__LnvCOMMON           nvCOMMON     0000
__Lpa_nodes           pa_nodes     0000
__Lpowerup            powerup      0000
__Lram                ram          0000
__Lreset_vec          reset_vec    0000
__Lsfr0               sfr0         0000
__Lsfr1               sfr1         0000
__Lsfr2               sfr2         0000
__Lsfr3               sfr3         0000
__Lstrings            strings      0000
__Ltext               text         0000
__S0                  (abs)        2009
__S1                  (abs)        007C
__S2                  (abs)        0000
__end_of_main         maintext     0800
__end_of_msecbase     text84       0788
__end_of_pause        text84       077B
__pbssCOMMON          bssCOMMON    0076
__pcstackCOMMON       cstackCOMMON 0070
__pdataBANK0          dataBANK0    0020
__pidataBANK0         idataBANK0   0788
__pmaintext           maintext     07B5
__pnvCOMMON           nvCOMMON     007A
__ptext84             text84       076A
__ptext85             text84       077B
__ptext86             text86       0000
__size_of_main        (abs)        0000
__size_of_msecbase    (abs)        0000
__size_of_pause       (abs)        0000
_exit                 init         0000
_i                    nvCOMMON     007A
_j                    bssCOMMON    0076
_k                    bssCOMMON    0078
_main                 maintext     07B5
_msecbase             text84       077B
_pause                text84       076A
btemp                 (abs)        007E
end_of_initialization cinit        0766
init_fetch            inittext     0745
init_ram              inittext     0749
intlevel0             functab      0000
intlevel1             functab      0000
intlevel2             functab      0000
intlevel3             functab      0000
intlevel4             functab      0000
intlevel5             functab      0000
l1054                                  
l1060                                  
l2463                                  
l2465                                  
l2469                                  
l2473                                  
l2475                                  
l2477                                  
l2479                                  
l2499                                  
l2501                                  
l2503                                  
l2507                                  
l2511                                  
pause@usvalue         cstackCOMMON 0070
pause@x               cstackCOMMON 0072
reset_vec             reset_vec    0000
start                 init         0000
start_initialization  cinit        0756
wtemp0                (abs)        007E
