HI-TECH Software C Compiler 

Linker command line:

--edf=C:\Program Files (x86)\HI-TECH Software\PICC\9.82\dat\en_msgs.txt -cs \
  -h+MOTOR.sym -z -Q16F887 -ol.obj -MMOTOR.map -E1 -ACONST=00h-0FFhx32 \
  -ACODE=00h-07FFhx4 -ASTRCODE=00h-01FFFh -AENTRY=00h-0FFhx32 \
  -ASTRING=00h-0FFhx32 -ABANK0=020h-06Fh -ABANK1=0A0h-0EFh \
  -ABANK2=0110h-016Fh -ABANK3=0190h-01EFh \
  -ARAM=020h-06Fh,0A0h-0EFh,0110h-016Fh,0190h-01EFh \
  -AABS1=020h-07Fh,0A0h-0EFh,0110h-016Fh,0190h-01EFh -ACOMMON=070h-07Fh \
  -ASFR0=00h-01Fh -ASFR1=080h-09Fh -ASFR2=0100h-010Fh -ASFR3=0180h-018Fh \
  -preset_vec=00h,intentry,init,end_init -ppowerup=CODE -pfunctab=CODE \
  -ACONFIG=02007h-02008h -pconfig=CONFIG -DCONFIG=2 -AIDLOC=02000h-02003h \
  -pidloc=IDLOC -DIDLOC=2 -AEEDATA=00h-0FFh/02100h -peeprom_data=EEDATA \
  -DEEDATA=2 -DCODE=2 -DSTRCODE=2 -DSTRING=2 -DCONST=2 -DENTRY=2 -k \
  startup.obj MOTOR.obj 

Object code version is 3.10

Machine type is 16F887



                Name                               Link     Load   Length Selector   Space Scale
startup.obj     end_init                              0        0        3        0       0
MOTOR.obj       config                             2007     2007        2     400E       0
                text36                              727      727       3E      E4E       0
                maintext                            765      765       9B      ECA       0
                cstackCOMMON                         70       70        6       70       1
                cinit                               723      723        4      E46       0
                nvCOMMON                             76       76        5       70       1

TOTAL           Name                               Link     Load   Length     Space
        CLASS   CONST          

        CLASS   CODE           
                end_init                              0        0        3         0
                text36                              727      727       3E         0
                maintext                            765      765       9B         0
                cinit                               723      723        4         0

        CLASS   STRCODE        

        CLASS   ENTRY          

        CLASS   STRING         

        CLASS   BANK0          

        CLASS   BANK1          

        CLASS   BANK2          

        CLASS   BANK3          

        CLASS   RAM            

        CLASS   ABS1           
                abs_s1                               7E       7E        2         1

        CLASS   COMMON         
                cstackCOMMON                         70       70        6         1
                nvCOMMON                             76       76        5         1

        CLASS   SFR0           

        CLASS   SFR1           

        CLASS   SFR2           

        CLASS   SFR3           

        CLASS   CONFIG         
                config                             2007     2007        2         0

        CLASS   IDLOC          

        CLASS   EEDATA         



SEGMENTS        Name                           Load    Length   Top    Selector   Space  Class     Delta

                reset_vec                      000000  000003  000003         0       0  CODE        2
                cstackCOMMON                   000070  00000B  00007B        70       1  COMMON      1
                cinit                          000723  000004  000727       E46       0  CODE        2
                text36                         000727  00003E  000765       E4E       0  CODE        2
                maintext                       000765  00009B  000800       ECA       0  CODE        2
                config                         002007  000002  002009      400E       0  CONFIG      2


UNUSED ADDRESS RANGES

        Name                Unused          Largest block    Delta
        BANK0            0020-006F             50           1
        BANK1            00A0-00EF             50           1
        BANK2            0110-016F             60           1
        BANK3            0190-01EF             60           1
        CODE             0003-0722            720           2
                         0800-1FFF            800
        COMMON           007B-007D              3           1
        CONST            0003-0722            100           2
                         0800-1FFF            100
        EEDATA           2100-21FF            100           2
        ENTRY            0003-0722            100           2
                         0800-1FFF            100
        IDLOC            2000-2003              4           2
        RAM              0020-006F             50           1
                         00A0-00EF             50
                         0110-016F             60
                         0190-01EF             60
        SFR0             0000-001F             20           1
        SFR1             0080-009F             20           1
        SFR2             0100-010F             10           1
        SFR3             0180-018F             10           1
        STRCODE          0003-0722            720           2
                         0800-1FFF           1800
        STRING           0003-0722            100           2
                         0800-1FFF            100

                                  Symbol Table

??_derecha            cstackCOMMON 0074
??_izquierda          cstackCOMMON 0074
??_main               cstackCOMMON 0075
??_retardo            cstackCOMMON 0070
?_derecha             cstackCOMMON 0070
?_izquierda           cstackCOMMON 0070
?_main                cstackCOMMON 0070
?_retardo             cstackCOMMON 0070
_ANSEL                (abs)        0188
_ANSELH               (abs)        0189
_PORTA                (abs)        0005
_PORTB                (abs)        0006
_RET                  nvCOMMON     0076
_ROT                  nvCOMMON     0077
_TEMP1                nvCOMMON     0078
_TEMP2                nvCOMMON     0079
_TRISA                (abs)        0085
_TRISB                (abs)        0086
_TRISC                (abs)        0087
_TRISD                (abs)        0088
_TRISE                (abs)        0089
_VEL                  nvCOMMON     007A
__Habs1               abs1         0000
__Hbank0              bank0        0000
__Hbank1              bank1        0000
__Hbank2              bank2        0000
__Hbank3              bank3        0000
__Hcinit              cinit        0000
__Hclrtext            clrtext      0000
__Hcode               code         0000
__Hcommon             common       0000
__Hconfig             config       2009
__HcstackCOMMON       cstackCOMMON 0000
__Heeprom_data        eeprom_data  0000
__Hend_init           end_init     0003
__Hfunctab            functab      0000
__Hidloc              idloc        0000
__Hinit               init         0000
__Hintentry           intentry     0000
__Hmaintext           maintext     0000
__HnvCOMMON           nvCOMMON     0000
__Hpa_nodes           pa_nodes     0000
__Hpowerup            powerup      0000
__Hram                ram          0000
__Hreset_vec          reset_vec    0000
__Hsfr0               sfr0         0000
__Hsfr1               sfr1         0000
__Hsfr2               sfr2         0000
__Hsfr3               sfr3         0000
__Hstrings            strings      0000
__Htext               text         0000
__Labs1               abs1         0000
__Lbank0              bank0        0000
__Lbank1              bank1        0000
__Lbank2              bank2        0000
__Lbank3              bank3        0000
__Lcinit              cinit        0000
__Lclrtext            clrtext      0000
__Lcode               code         0000
__Lcommon             common       0000
__Lconfig             config       2007
__LcstackCOMMON       cstackCOMMON 0000
__Leeprom_data        eeprom_data  0000
__Lend_init           end_init     0000
__Lfunctab            functab      0000
__Lidloc              idloc        0000
__Linit               init         0000
__Lintentry           intentry     0000
__Lmaintext           maintext     0000
__LnvCOMMON           nvCOMMON     0000
__Lpa_nodes           pa_nodes     0000
__Lpowerup            powerup      0000
__Lram                ram          0000
__Lreset_vec          reset_vec    0000
__Lsfr0               sfr0         0000
__Lsfr1               sfr1         0000
__Lsfr2               sfr2         0000
__Lsfr3               sfr3         0000
__Lstrings            strings      0000
__Ltext               text         0000
__S0                  (abs)        2009
__S1                  (abs)        007B
__S2                  (abs)        0000
__end_of_derecha      text36       0755
__end_of_izquierda    text36       073E
__end_of_main         maintext     0800
__end_of_retardo      text36       0765
__pcstackCOMMON       cstackCOMMON 0070
__pmaintext           maintext     0765
__pnvCOMMON           nvCOMMON     0076
__ptext36             text36       0727
__ptext37             text36       073E
__ptext38             text36       0755
__ptext39             text39       0000
__size_of_derecha     (abs)        0000
__size_of_izquierda   (abs)        0000
__size_of_main        (abs)        0000
__size_of_retardo     (abs)        0000
_derecha              text36       073E
_exit                 init         0000
_izquierda            text36       0727
_main                 maintext     0765
_retardo              text36       0755
btemp                 (abs)        007E
derecha@tm1           cstackCOMMON 0074
end_of_initialization cinit        0723
intlevel0             functab      0000
intlevel1             functab      0000
intlevel2             functab      0000
intlevel3             functab      0000
intlevel4             functab      0000
intlevel5             functab      0000
izquierda@tm2         cstackCOMMON 0074
l1077                                  
l1080                                  
l2442                                  
l2448                                  
l2456                                  
l2464                                  
l2466                                  
l2468                                  
l2470                                  
l2472                                  
l2474                                  
l2476                                  
l2478                                  
l2480                                  
l2482                                  
l2484                                  
l2486                                  
l2488                                  
l2490                                  
l2492                                  
l2494                                  
l2496                                  
l2500                                  
l2502                                  
l2504                                  
l2506                                  
l2508                                  
l2510                                  
l2518                                  
l2520                                  
l2528                                  
l2530                                  
l2538                                  
l2540                                  
reset_vec             reset_vec    0000
retardo@VA            cstackCOMMON 0071
retardo@VB            cstackCOMMON 0072
retardo@VC            cstackCOMMON 0073
retardo@retar         cstackCOMMON 0070
start                 init         0000
start_initialization  cinit        0723
wtemp0                (abs)        007E
