MPLINK 4.49, Linker
Linker Map File - Created Mon Nov 14 18:46:33 2022

                                 Section Info
                  Section       Type    Address   Location Size(Bytes)
                ---------  ---------  ---------  ---------  ---------
                   .org_0       code   0x000000    program   0x000002
                   .cinit    romdata   0x000001    program   0x000004
                   .org_1       code   0x000004    program   0x000002
                   .org_2       code   0x000005    program   0x000060
.config_2007_INTERRUPCIONES.O       code   0x002007    program   0x000002
.config_2008_INTERRUPCIONES.O       code   0x002008    program   0x000002



                              Program Memory Usage 
                               Start         End      
                           ---------   ---------      
                            0x000000    0x000002      
                            0x000004    0x000034      
                            0x002007    0x002008      
            54 out of 8455 program addresses used, program memory utilization is 0%



                              Symbols - Sorted by Name
                     Name    Address   Location    Storage File                     
                ---------  ---------  ---------  --------- ---------                
                      C_P   0x00001c    program     static C:\Users\Varush\Documents\Microcontroladores\interrupciones.asm
                    C_RA0   0x000020    program     static C:\Users\Varush\Documents\Microcontroladores\interrupciones.asm
                    C_RA1   0x000025    program     static C:\Users\Varush\Documents\Microcontroladores\interrupciones.asm
                    E_RB1   0x000021    program     static C:\Users\Varush\Documents\Microcontroladores\interrupciones.asm
                     F_AI   0x000034    program     static C:\Users\Varush\Documents\Microcontroladores\interrupciones.asm
                   INICIO   0x000005    program     static C:\Users\Varush\Documents\Microcontroladores\interrupciones.asm
                     S_AI   0x000027    program     static C:\Users\Varush\Documents\Microcontroladores\interrupciones.asm
                    S_RB7   0x000033    program     static C:\Users\Varush\Documents\Microcontroladores\interrupciones.asm



                              Symbols - Sorted by Address
                     Name    Address   Location    Storage File                     
                ---------  ---------  ---------  --------- ---------                
                   INICIO   0x000005    program     static C:\Users\Varush\Documents\Microcontroladores\interrupciones.asm
                      C_P   0x00001c    program     static C:\Users\Varush\Documents\Microcontroladores\interrupciones.asm
                    C_RA0   0x000020    program     static C:\Users\Varush\Documents\Microcontroladores\interrupciones.asm
                    E_RB1   0x000021    program     static C:\Users\Varush\Documents\Microcontroladores\interrupciones.asm
                    C_RA1   0x000025    program     static C:\Users\Varush\Documents\Microcontroladores\interrupciones.asm
                     S_AI   0x000027    program     static C:\Users\Varush\Documents\Microcontroladores\interrupciones.asm
                    S_RB7   0x000033    program     static C:\Users\Varush\Documents\Microcontroladores\interrupciones.asm
                     F_AI   0x000034    program     static C:\Users\Varush\Documents\Microcontroladores\interrupciones.asm


